c:/Users/ferna/Documentos/Escuela/Proyecto_7mo/Github/curso-lse/trabajo_integrador/sdks/trabajo_integrador_sdk/devices/LPC845/drivers/fsl_gpio.h:153:20:GPIO_PinWrite	24	static
c:/Users/ferna/Documentos/Escuela/Proyecto_7mo/Github/curso-lse/trabajo_integrador/sdks/trabajo_integrador_sdk/devices/LPC845/drivers/fsl_gpio.h:172:24:GPIO_PinRead	24	static
c:/Users/ferna/Documentos/Escuela/Proyecto_7mo/Github/curso-lse/trabajo_integrador/sdks/trabajo_integrador_sdk/devices/LPC845/drivers/fsl_gpio.h:210:20:GPIO_PortToggle	24	static
c:/Users/ferna/Documentos/Escuela/Proyecto_7mo/Github/curso-lse/trabajo_integrador/sdks/trabajo_integrador_sdk/devices/LPC845/drivers/fsl_adc.h:497:20:ADC_DoSoftwareTriggerConvSeqA	16	static
C:/Users/ferna/Documentos/Escuela/Proyecto_7mo/Github/curso-lse/trabajo_integrador/trabajo_integrador/wrappers.h:43:20:wrapper_gpio_init	16	static
C:/Users/ferna/Documentos/Escuela/Proyecto_7mo/Github/curso-lse/trabajo_integrador/trabajo_integrador/wrappers.h:53:20:wrapper_btn_get	24	static
C:/Users/ferna/Documentos/Escuela/Proyecto_7mo/Github/curso-lse/trabajo_integrador/trabajo_integrador/wrappers.h:64:20:wrapper_output_init	40	static
C:/Users/ferna/Documentos/Escuela/Proyecto_7mo/Github/curso-lse/trabajo_integrador/trabajo_integrador/wrappers.h:75:24:wrapper_gpio_get_port	24	static
C:/Users/ferna/Documentos/Escuela/Proyecto_7mo/Github/curso-lse/trabajo_integrador/trabajo_integrador/wrappers.h:86:24:wrapper_gpio_get_pin	24	static
C:/Users/ferna/Documentos/Escuela/Proyecto_7mo/Github/curso-lse/trabajo_integrador/trabajo_integrador/wrappers.h:96:20:wrapper_output_toggle	32	static
C:/Users/ferna/Documentos/Escuela/Proyecto_7mo/Github/curso-lse/trabajo_integrador/trabajo_integrador/wrappers.h:105:20:wrapper_display_off	8	static
C:/Users/ferna/Documentos/Escuela/Proyecto_7mo/Github/curso-lse/trabajo_integrador/trabajo_integrador/wrappers.h:116:20:wrapper_display_on	24	static
C:/Users/ferna/Documentos/Escuela/Proyecto_7mo/Github/curso-lse/trabajo_integrador/trabajo_integrador/tareas.h:54:20:wrapper_btn_get_with_debouncing_with_pull_up	24	static
C:/Users/ferna/Documentos/Escuela/Proyecto_7mo/Github/curso-lse/trabajo_integrador/trabajo_integrador/tareas.c:27:6:tsk_init	96	static
C:/Users/ferna/Documentos/Escuela/Proyecto_7mo/Github/curso-lse/trabajo_integrador/trabajo_integrador/tareas.c:71:6:tsk_adc	16	static
C:/Users/ferna/Documentos/Escuela/Proyecto_7mo/Github/curso-lse/trabajo_integrador/trabajo_integrador/tareas.c:86:6:tsk_display_change	32	static
C:/Users/ferna/Documentos/Escuela/Proyecto_7mo/Github/curso-lse/trabajo_integrador/trabajo_integrador/tareas.c:105:6:tsk_control	40	static
C:/Users/ferna/Documentos/Escuela/Proyecto_7mo/Github/curso-lse/trabajo_integrador/trabajo_integrador/tareas.c:135:6:tsk_display_write	64	static
C:/Users/ferna/Documentos/Escuela/Proyecto_7mo/Github/curso-lse/trabajo_integrador/trabajo_integrador/tareas.c:162:6:tsk_BH1750	24	static
C:/Users/ferna/Documentos/Escuela/Proyecto_7mo/Github/curso-lse/trabajo_integrador/trabajo_integrador/tareas.c:179:6:tsk_pwm	32	static
C:/Users/ferna/Documentos/Escuela/Proyecto_7mo/Github/curso-lse/trabajo_integrador/trabajo_integrador/tareas.c:203:6:tsk_LEDS	48	static
C:/Users/ferna/Documentos/Escuela/Proyecto_7mo/Github/curso-lse/trabajo_integrador/trabajo_integrador/tareas.c:223:6:tsk_buzzer	40	static
C:/Users/ferna/Documentos/Escuela/Proyecto_7mo/Github/curso-lse/trabajo_integrador/trabajo_integrador/tareas.c:236:6:tsk_counter	16	static
C:/Users/ferna/Documentos/Escuela/Proyecto_7mo/Github/curso-lse/trabajo_integrador/trabajo_integrador/tareas.c:249:6:tsk_counter_btns	56	static
