C:/Users/ferna/Documentos/Escuela/Proyecto_7mo/Github/curso-lse/trabajo_integrador/freertos/portable/GCC/LPC845/port.c:148:14:pxPortInitialiseStack	24	static
C:/Users/ferna/Documentos/Escuela/Proyecto_7mo/Github/curso-lse/trabajo_integrador/freertos/portable/GCC/LPC845/port.c:168:13:prvTaskExitError	16	static
C:/Users/ferna/Documentos/Escuela/Proyecto_7mo/Github/curso-lse/trabajo_integrador/freertos/portable/GCC/LPC845/port.c:194:6:SVC_Handler	8	static
C:/Users/ferna/Documentos/Escuela/Proyecto_7mo/Github/curso-lse/trabajo_integrador/freertos/portable/GCC/LPC845/port.c:201:6:vPortStartFirstTask	0	static
C:/Users/ferna/Documentos/Escuela/Proyecto_7mo/Github/curso-lse/trabajo_integrador/freertos/portable/GCC/LPC845/port.c:231:12:xPortStartScheduler	8	static
C:/Users/ferna/Documentos/Escuela/Proyecto_7mo/Github/curso-lse/trabajo_integrador/freertos/portable/GCC/LPC845/port.c:261:6:vPortEndScheduler	8	static
C:/Users/ferna/Documentos/Escuela/Proyecto_7mo/Github/curso-lse/trabajo_integrador/freertos/portable/GCC/LPC845/port.c:269:6:vPortYield	8	static
C:/Users/ferna/Documentos/Escuela/Proyecto_7mo/Github/curso-lse/trabajo_integrador/freertos/portable/GCC/LPC845/port.c:281:6:vPortEnterCritical	8	static
C:/Users/ferna/Documentos/Escuela/Proyecto_7mo/Github/curso-lse/trabajo_integrador/freertos/portable/GCC/LPC845/port.c:290:6:vPortExitCritical	8	static
C:/Users/ferna/Documentos/Escuela/Proyecto_7mo/Github/curso-lse/trabajo_integrador/freertos/portable/GCC/LPC845/port.c:302:10:ulSetInterruptMaskFromISR	0	static
C:/Users/ferna/Documentos/Escuela/Proyecto_7mo/Github/curso-lse/trabajo_integrador/freertos/portable/GCC/LPC845/port.c:311:6:vClearInterruptMaskFromISR	0	static
C:/Users/ferna/Documentos/Escuela/Proyecto_7mo/Github/curso-lse/trabajo_integrador/freertos/portable/GCC/LPC845/port.c:319:6:PendSV_Handler	0	static
C:/Users/ferna/Documentos/Escuela/Proyecto_7mo/Github/curso-lse/trabajo_integrador/freertos/portable/GCC/LPC845/port.c:366:6:SysTick_Handler	16	static
C:/Users/ferna/Documentos/Escuela/Proyecto_7mo/Github/curso-lse/trabajo_integrador/freertos/portable/GCC/LPC845/port.c:387:28:vPortSetupTimerInterrupt	8	static
C:/Users/ferna/Documentos/Escuela/Proyecto_7mo/Github/curso-lse/trabajo_integrador/freertos/portable/GCC/LPC845/port.c:410:28:vPortSuppressTicksAndSleep	40	static
