Archive member included to satisfy reference by file (symbol)

C:/Users/ferna/.mcuxpressotools/arm-gnu-toolchain-13.2.Rel1-mingw-w64-i686-arm-none-eabi/bin/../lib/gcc/arm-none-eabi/13.2.1/thumb/v6-m/nofp\libgcc.a(_udivsi3.o)
                              CMakeFiles/new_project.elf.dir/cfc0be5d57a03a456ef472fd0b57cf51/Github/curso-lse/workspace_lpc845/03_servo_control/main.c.obj (__aeabi_uidiv)
C:/Users/ferna/.mcuxpressotools/arm-gnu-toolchain-13.2.Rel1-mingw-w64-i686-arm-none-eabi/bin/../lib/gcc/arm-none-eabi/13.2.1/thumb/v6-m/nofp\libgcc.a(_dvmd_tls.o)
                              C:/Users/ferna/.mcuxpressotools/arm-gnu-toolchain-13.2.Rel1-mingw-w64-i686-arm-none-eabi/bin/../lib/gcc/arm-none-eabi/13.2.1/thumb/v6-m/nofp\libgcc.a(_udivsi3.o) (__aeabi_idiv0)
C:/Users/ferna/.mcuxpressotools/arm-gnu-toolchain-13.2.Rel1-mingw-w64-i686-arm-none-eabi/bin/../lib/gcc/arm-none-eabi/13.2.1/thumb/v6-m/nofp\libgcc.a(_aeabi_uldivmod.o)
                              CMakeFiles/new_project.elf.dir/94900b9fa7a42da2beff1ca5c7a5bb2b/sdks/03_servo_control_sdk/devices/LPC845/drivers/fsl_clock.c.obj (__aeabi_uldivmod)
C:/Users/ferna/.mcuxpressotools/arm-gnu-toolchain-13.2.Rel1-mingw-w64-i686-arm-none-eabi/bin/../lib/gcc/arm-none-eabi/13.2.1/thumb/v6-m/nofp\libgcc.a(_muldi3.o)
                              CMakeFiles/new_project.elf.dir/94900b9fa7a42da2beff1ca5c7a5bb2b/sdks/03_servo_control_sdk/devices/LPC845/drivers/fsl_common_arm.c.obj (__aeabi_lmul)
C:/Users/ferna/.mcuxpressotools/arm-gnu-toolchain-13.2.Rel1-mingw-w64-i686-arm-none-eabi/bin/../lib/gcc/arm-none-eabi/13.2.1/thumb/v6-m/nofp\libgcc.a(_udivmoddi4.o)
                              C:/Users/ferna/.mcuxpressotools/arm-gnu-toolchain-13.2.Rel1-mingw-w64-i686-arm-none-eabi/bin/../lib/gcc/arm-none-eabi/13.2.1/thumb/v6-m/nofp\libgcc.a(_aeabi_uldivmod.o) (__udivmoddi4)
C:/Users/ferna/.mcuxpressotools/arm-gnu-toolchain-13.2.Rel1-mingw-w64-i686-arm-none-eabi/bin/../lib/gcc/arm-none-eabi/13.2.1/thumb/v6-m/nofp\libgcc.a(_clzdi2.o)
                              C:/Users/ferna/.mcuxpressotools/arm-gnu-toolchain-13.2.Rel1-mingw-w64-i686-arm-none-eabi/bin/../lib/gcc/arm-none-eabi/13.2.1/thumb/v6-m/nofp\libgcc.a(_udivmoddi4.o) (__clzdi2)
C:/Users/ferna/.mcuxpressotools/arm-gnu-toolchain-13.2.Rel1-mingw-w64-i686-arm-none-eabi/bin/../lib/gcc/arm-none-eabi/13.2.1/thumb/v6-m/nofp\libgcc.a(_clzsi2.o)
                              C:/Users/ferna/.mcuxpressotools/arm-gnu-toolchain-13.2.Rel1-mingw-w64-i686-arm-none-eabi/bin/../lib/gcc/arm-none-eabi/13.2.1/thumb/v6-m/nofp\libgcc.a(_clzdi2.o) (__clzsi2)
C:/Users/ferna/.mcuxpressotools/arm-gnu-toolchain-13.2.Rel1-mingw-w64-i686-arm-none-eabi/bin/../lib/gcc/arm-none-eabi/13.2.1/thumb/v6-m/nofp\libc_nano.a(libc_a-exit.o)
                              C:/Users/ferna/.mcuxpressotools/arm-gnu-toolchain-13.2.Rel1-mingw-w64-i686-arm-none-eabi/bin/../lib/gcc/arm-none-eabi/13.2.1/thumb/v6-m/nofp/crt0.o (exit)
C:/Users/ferna/.mcuxpressotools/arm-gnu-toolchain-13.2.Rel1-mingw-w64-i686-arm-none-eabi/bin/../lib/gcc/arm-none-eabi/13.2.1/thumb/v6-m/nofp\libc_nano.a(libc_a-malloc.o)
                              CMakeFiles/new_project.elf.dir/94900b9fa7a42da2beff1ca5c7a5bb2b/sdks/03_servo_control_sdk/devices/LPC845/drivers/fsl_common.c.obj (malloc)
C:/Users/ferna/.mcuxpressotools/arm-gnu-toolchain-13.2.Rel1-mingw-w64-i686-arm-none-eabi/bin/../lib/gcc/arm-none-eabi/13.2.1/thumb/v6-m/nofp\libc_nano.a(libc_a-mallocr.o)
                              C:/Users/ferna/.mcuxpressotools/arm-gnu-toolchain-13.2.Rel1-mingw-w64-i686-arm-none-eabi/bin/../lib/gcc/arm-none-eabi/13.2.1/thumb/v6-m/nofp\libc_nano.a(libc_a-malloc.o) (_malloc_r)
C:/Users/ferna/.mcuxpressotools/arm-gnu-toolchain-13.2.Rel1-mingw-w64-i686-arm-none-eabi/bin/../lib/gcc/arm-none-eabi/13.2.1/thumb/v6-m/nofp\libc_nano.a(libc_a-mlock.o)
                              C:/Users/ferna/.mcuxpressotools/arm-gnu-toolchain-13.2.Rel1-mingw-w64-i686-arm-none-eabi/bin/../lib/gcc/arm-none-eabi/13.2.1/thumb/v6-m/nofp\libc_nano.a(libc_a-mallocr.o) (__malloc_lock)
C:/Users/ferna/.mcuxpressotools/arm-gnu-toolchain-13.2.Rel1-mingw-w64-i686-arm-none-eabi/bin/../lib/gcc/arm-none-eabi/13.2.1/thumb/v6-m/nofp\libc_nano.a(libc_a-strtoul.o)
                              CMakeFiles/new_project.elf.dir/94900b9fa7a42da2beff1ca5c7a5bb2b/sdks/03_servo_control_sdk/devices/LPC845/utilities/str/fsl_str.c.obj (strtoul)
C:/Users/ferna/.mcuxpressotools/arm-gnu-toolchain-13.2.Rel1-mingw-w64-i686-arm-none-eabi/bin/../lib/gcc/arm-none-eabi/13.2.1/thumb/v6-m/nofp\libc_nano.a(libc_a-ctype_.o)
                              C:/Users/ferna/.mcuxpressotools/arm-gnu-toolchain-13.2.Rel1-mingw-w64-i686-arm-none-eabi/bin/../lib/gcc/arm-none-eabi/13.2.1/thumb/v6-m/nofp\libc_nano.a(libc_a-strtoul.o) (_ctype_)
C:/Users/ferna/.mcuxpressotools/arm-gnu-toolchain-13.2.Rel1-mingw-w64-i686-arm-none-eabi/bin/../lib/gcc/arm-none-eabi/13.2.1/thumb/v6-m/nofp\libc_nano.a(libc_a-findfp.o)
[...]
Memory Configuration

Name             Origin             Length             Attributes
m_interrupts     0x00000000         0x00000200         xr
m_crp            0x000002fc         0x00000004         xr
m_text           0x00000300         0x0000fd00         xr
m_data           0x10000000         0x00003fe0         rw
*default*        0x00000000         0xffffffff

Linker script and memory map

LOAD C:/Users/ferna/.mcuxpressotools/arm-gnu-toolchain-13.2.Rel1-mingw-w64-i686-arm-none-eabi/bin/../lib/gcc/arm-none-eabi/13.2.1/thumb/v6-m/nofp/crti.o
LOAD C:/Users/ferna/.mcuxpressotools/arm-gnu-toolchain-13.2.Rel1-mingw-w64-i686-arm-none-eabi/bin/../lib/gcc/arm-none-eabi/13.2.1/thumb/v6-m/nofp/crtbegin.o
LOAD C:/Users/ferna/.mcuxpressotools/arm-gnu-toolchain-13.2.Rel1-mingw-w64-i686-arm-none-eabi/bin/../lib/gcc/arm-none-eabi/13.2.1/thumb/v6-m/nofp/crt0.o
LOAD CMakeFiles/new_project.elf.dir/cfc0be5d57a03a456ef472fd0b57cf51/Github/curso-lse/workspace_lpc845/03_servo_control/main.c.obj
LOAD CMakeFiles/new_project.elf.dir/cfc0be5d57a03a456ef472fd0b57cf51/Github/curso-lse/workspace_lpc845/03_servo_control/peripherals.c.obj
LOAD CMakeFiles/new_project.elf.dir/cfc0be5d57a03a456ef472fd0b57cf51/Github/curso-lse/workspace_lpc845/03_servo_control/pin_mux.c.obj
LOAD CMakeFiles/new_project.elf.dir/cfc0be5d57a03a456ef472fd0b57cf51/Github/curso-lse/workspace_lpc845/03_servo_control/board.c.obj
LOAD CMakeFiles/new_project.elf.dir/cfc0be5d57a03a456ef472fd0b57cf51/Github/curso-lse/workspace_lpc845/03_servo_control/clock_config.c.obj
LOAD CMakeFiles/new_project.elf.dir/cfc0be5d57a03a456ef472fd0b57cf51/Github/curso-lse/workspace_lpc845/03_servo_control/hardware_init.c.obj
LOAD CMakeFiles/new_project.elf.dir/94900b9fa7a42da2beff1ca5c7a5bb2b/sdks/03_servo_control_sdk/components/uart/fsl_adapter_miniusart.c.obj
LOAD CMakeFiles/new_project.elf.dir/94900b9fa7a42da2beff1ca5c7a5bb2b/sdks/03_servo_control_sdk/devices/LPC845/gcc/startup_LPC845.S.obj
LOAD CMakeFiles/new_project.elf.dir/94900b9fa7a42da2beff1ca5c7a5bb2b/sdks/03_servo_control_sdk/devices/LPC845/system_LPC845.c.obj
LOAD CMakeFiles/new_project.elf.dir/94900b9fa7a42da2beff1ca5c7a5bb2b/sdks/03_servo_control_sdk/devices/LPC845/drivers/fsl_clock.c.obj
LOAD CMakeFiles/new_project.elf.dir/94900b9fa7a42da2beff1ca5c7a5bb2b/sdks/03_servo_control_sdk/devices/LPC845/drivers/fsl_common.c.obj
LOAD CMakeFiles/new_project.elf.dir/94900b9fa7a42da2beff1ca5c7a5bb2b/sdks/03_servo_control_sdk/devices/LPC845/drivers/fsl_common_arm.c.obj
LOAD CMakeFiles/new_project.elf.dir/94900b9fa7a42da2beff1ca5c7a5bb2b/sdks/03_servo_control_sdk/devices/LPC845/drivers/fsl_inputmux.c.obj
LOAD CMakeFiles/new_project.elf.dir/94900b9fa7a42da2beff1ca5c7a5bb2b/sdks/03_servo_control_sdk/devices/LPC845/drivers/fsl_adc.c.obj
LOAD CMakeFiles/new_project.elf.dir/94900b9fa7a42da2beff1ca5c7a5bb2b/sdks/03_servo_control_sdk/devices/LPC845/drivers/fsl_gpio.c.obj
LOAD CMakeFiles/new_project.elf.dir/94900b9fa7a42da2beff1ca5c7a5bb2b/sdks/03_servo_control_sdk/devices/LPC845/drivers/fsl_usart.c.obj
LOAD CMakeFiles/new_project.elf.dir/94900b9fa7a42da2beff1ca5c7a5bb2b/sdks/03_servo_control_sdk/devices/LPC845/drivers/fsl_power.c.obj
LOAD CMakeFiles/new_project.elf.dir/94900b9fa7a42da2beff1ca5c7a5bb2b/sdks/03_servo_control_sdk/devices/LPC845/drivers/fsl_reset.c.obj
LOAD CMakeFiles/new_project.elf.dir/94900b9fa7a42da2beff1ca5c7a5bb2b/sdks/03_servo_control_sdk/devices/LPC845/drivers/fsl_sctimer.c.obj
LOAD CMakeFiles/new_project.elf.dir/94900b9fa7a42da2beff1ca5c7a5bb2b/sdks/03_servo_control_sdk/devices/LPC845/drivers/fsl_swm.c.obj
LOAD CMakeFiles/new_project.elf.dir/94900b9fa7a42da2beff1ca5c7a5bb2b/sdks/03_servo_control_sdk/devices/LPC845/drivers/fsl_syscon.c.obj
LOAD CMakeFiles/new_project.elf.dir/94900b9fa7a42da2beff1ca5c7a5bb2b/sdks/03_servo_control_sdk/devices/LPC845/utilities/fsl_syscall_stub.c.obj
LOAD CMakeFiles/new_project.elf.dir/94900b9fa7a42da2beff1ca5c7a5bb2b/sdks/03_servo_control_sdk/devices/LPC845/utilities/fsl_sbrk.c.obj
LOAD CMakeFiles/new_project.elf.dir/c9d57cc33d537b3e808697ba8326b01e/devices/LPC845/utilities/debug_console_lite/fsl_assert.c.obj
LOAD CMakeFiles/new_project.elf.dir/c9d57cc33d537b3e808697ba8326b01e/devices/LPC845/utilities/debug_console_lite/fsl_debug_console.c.obj
LOAD CMakeFiles/new_project.elf.dir/94900b9fa7a42da2beff1ca5c7a5bb2b/sdks/03_servo_control_sdk/devices/LPC845/utilities/str/fsl_str.c.obj
START GROUP
LOAD C:/Users/ferna/.mcuxpressotools/arm-gnu-toolchain-13.2.Rel1-mingw-w64-i686-arm-none-eabi/bin/../lib/gcc/arm-none-eabi/13.2.1/thumb/v6-m/nofp\libgcc.a
LOAD C:/Users/ferna/.mcuxpressotools/arm-gnu-toolchain-13.2.Rel1-mingw-w64-i686-arm-none-eabi/bin/../lib/gcc/arm-none-eabi/13.2.1/thumb/v6-m/nofp\libc_nano.a
LOAD C:/Users/ferna/.mcuxpressotools/arm-gnu-toolchain-13.2.Rel1-mingw-w64-i686-arm-none-eabi/bin/../lib/gcc/arm-none-eabi/13.2.1/thumb/v6-m/nofp\libm.a
LOAD C:/Users/ferna/.mcuxpressotools/arm-gnu-toolchain-13.2.Rel1-mingw-w64-i686-arm-none-eabi/bin/../lib/gcc/arm-none-eabi/13.2.1/../../../../arm-none-eabi/lib/thumb/v6-m/nofp\libcr_newlib_nohost.a
END GROUP
START GROUP
LOAD C:/Users/ferna/.mcuxpressotools/arm-gnu-toolchain-13.2.Rel1-mingw-w64-i686-arm-none-eabi/bin/../lib/gcc/arm-none-eabi/13.2.1/thumb/v6-m/nofp\libgcc.a
LOAD C:/Users/ferna/.mcuxpressotools/arm-gnu-toolchain-13.2.Rel1-mingw-w64-i686-arm-none-eabi/bin/../lib/gcc/arm-none-eabi/13.2.1/thumb/v6-m/nofp\libg_nano.a
LOAD C:/Users/ferna/.mcuxpressotools/arm-gnu-toolchain-13.2.Rel1-mingw-w64-i686-arm-none-eabi/bin/../lib/gcc/arm-none-eabi/13.2.1/thumb/v6-m/nofp\libc_nano.a
END GROUP
START GROUP
LOAD C:/Users/ferna/.mcuxpressotools/arm-gnu-toolchain-13.2.Rel1-mingw-w64-i686-arm-none-eabi/bin/../lib/gcc/arm-none-eabi/13.2.1/thumb/v6-m/nofp\libgcc.a
LOAD C:/Users/ferna/.mcuxpressotools/arm-gnu-toolchain-13.2.Rel1-mingw-w64-i686-arm-none-eabi/bin/../lib/gcc/arm-none-eabi/13.2.1/thumb/v6-m/nofp\libc_nano.a
LOAD C:/Users/ferna/.mcuxpressotools/arm-gnu-toolchain-13.2.Rel1-mingw-w64-i686-arm-none-eabi/bin/../lib/gcc/arm-none-eabi/13.2.1/thumb/v6-m/nofp\libnosys.a
END GROUP
START GROUP
LOAD C:/Users/ferna/.mcuxpressotools/arm-gnu-toolchain-13.2.Rel1-mingw-w64-i686-arm-none-eabi/bin/../lib/gcc/arm-none-eabi/13.2.1/thumb/v6-m/nofp\libgcc.a
LOAD C:/Users/ferna/.mcuxpressotools/arm-gnu-toolchain-13.2.Rel1-mingw-w64-i686-arm-none-eabi/bin/../lib/gcc/arm-none-eabi/13.2.1/thumb/v6-m/nofp\libc_nano.a
LOAD C:/Users/ferna/.mcuxpressotools/arm-gnu-toolchain-13.2.Rel1-mingw-w64-i686-arm-none-eabi/bin/../lib/gcc/arm-none-eabi/13.2.1/thumb/v6-m/nofp\libnosys.a
END GROUP
LOAD C:/Users/ferna/.mcuxpressotools/arm-gnu-toolchain-13.2.Rel1-mingw-w64-i686-arm-none-eabi/bin/../lib/gcc/arm-none-eabi/13.2.1/thumb/v6-m/nofp/crtend.o
LOAD C:/Users/ferna/.mcuxpressotools/arm-gnu-toolchain-13.2.Rel1-mingw-w64-i686-arm-none-eabi/bin/../lib/gcc/arm-none-eabi/13.2.1/thumb/v6-m/nofp/crtn.o
                0x00000400                        HEAP_SIZE = DEFINED (__heap_size__)?__heap_size__:0x400
                0x00000800                        STACK_SIZE = DEFINED (__stack_size__)?__stack_size__:0x800
                0xefffb4f9                        __valid_user_code_checksum = (0x0 - ((((__StackTop + Reset_Handler) + NMI_Handler) + HardFault_Handler) + 0x3))

.interrupts     0x00000000       0xc0
                0x00000000                        . = ALIGN (0x4)
 *(.isr_vector)
 .isr_vector    0x00000000       0xc0 CMakeFiles/new_project.elf.dir/94900b9fa7a42da2beff1ca5c7a5bb2b/sdks/03_servo_control_sdk/devices/LPC845/gcc/startup_LPC845.S.obj
                0x00000000                __Vectors
                0x000000c0                        . = ALIGN (0x4)

.crp            0x000002fc        0x4
                0x000002fc                        . = ALIGN (0x4)
 *(.crp)
 .crp           0x000002fc        0x4 CMakeFiles/new_project.elf.dir/94900b9fa7a42da2beff1ca5c7a5bb2b/sdks/03_servo_control_sdk/devices/LPC845/gcc/startup_LPC845.S.obj
                0x00000300                        . = ALIGN (0x4)

.text           0x00000300     0x41b8
                0x00000300                        . = ALIGN (0x4)
 *(.text)
 .text          0x00000300       0x80 C:/Users/ferna/.mcuxpressotools/arm-gnu-toolchain-13.2.Rel1-mingw-w64-i686-arm-none-eabi/bin/../lib/gcc/arm-none-eabi/13.2.1/thumb/v6-m/nofp/crt0.o
                0x00000300                _stack_init
                0x0000030c                _start
                0x0000030c                _mainCRTStartup
 .text          0x00000380      0x17c CMakeFiles/new_project.elf.dir/94900b9fa7a42da2beff1ca5c7a5bb2b/sdks/03_servo_control_sdk/devices/LPC845/gcc/startup_LPC845.S.obj
                0x00000380                Reset_Handler
                0x000003cc                I2C1_DriverIRQHandler
                0x000003cc                ADC0_OVR_DriverIRQHandler
                0x000003cc                I2C0_DriverIRQHandler
                0x000003cc                DMA0_DriverIRQHandler
                0x000003cc                Reserved22_DriverIRQHandler
                0x000003cc                SPI1_DriverIRQHandler
                0x000003cc                ADC0_SEQA_DriverIRQHandler
                0x000003cc                ADC0_SEQB_DriverIRQHandler
                0x000003cc                CTIMER0_DriverIRQHandler
                0x000003cc                MRT0_DriverIRQHandler
                0x000003cc                SPI0_DriverIRQHandler
                0x000003cc                I2C3_DriverIRQHandler
                0x000003cc                BOD_DriverIRQHandler
                0x000003cc                PIN_INT3_DriverIRQHandler
                0x000003cc                PIN_INT5_DAC1_DriverIRQHandler
                0x000003cc                PIN_INT2_DriverIRQHandler
                0x000003cc                ADC0_THCMP_DriverIRQHandler
                0x000003cc                I2C2_DriverIRQHandler
                0x000003cc                PIN_INT0_DriverIRQHandler
                0x000003cc                CMP_CAPT_DriverIRQHandler
                0x000003cc                WDT_DriverIRQHandler
                0x000003cc                DefaultISR
                0x000003cc                PIN_INT1_DriverIRQHandler
                0x000003cc                WKT_DriverIRQHandler
                0x000003cc                DAC0_DriverIRQHandler
                0x000003cc                PIN_INT4_DriverIRQHandler
                0x000003cc                FLASH_DriverIRQHandler
                0x000003d0                NMI_Handler
                0x000003d4                HardFault_Handler
                0x000003d8                SVC_Handler
                0x000003dc                PendSV_Handler
                0x000003e0                SysTick_Handler
                0x000003e4                SPI0_IRQHandler
                0x000003e8                SPI1_IRQHandler
                0x000003ec                DAC0_IRQHandler
                0x000003f0                USART0_IRQHandler
                0x000003f4                USART1_IRQHandler
                0x000003f8                USART2_IRQHandler
                0x000003fc                Reserved22_IRQHandler
                0x00000400                I2C1_IRQHandler
                0x00000404                I2C0_IRQHandler
                0x00000408                SCT0_IRQHandler
                0x0000040c                MRT0_IRQHandler
                0x00000410                CMP_CAPT_IRQHandler
                0x00000414                WDT_IRQHandler
                0x00000418                BOD_IRQHandler
                0x0000041c                FLASH_IRQHandler
                0x00000420                WKT_IRQHandler
                0x00000424                ADC0_SEQA_IRQHandler
                0x00000428                ADC0_SEQB_IRQHandler
                0x0000042c                ADC0_THCMP_IRQHandler
                0x00000430                ADC0_OVR_IRQHandler
                0x00000434                DMA0_IRQHandler
                0x00000438                I2C2_IRQHandler
                0x0000043c                I2C3_IRQHandler
                0x00000440                CTIMER0_IRQHandler
                0x00000444                PIN_INT0_IRQHandler
                0x00000448                PIN_INT1_IRQHandler
                0x0000044c                PIN_INT2_IRQHandler
                0x00000450                PIN_INT3_IRQHandler
                0x00000454                PIN_INT4_IRQHandler
                0x00000458                PIN_INT5_DAC1_IRQHandler
                0x0000045c                PIN_INT6_USART3_IRQHandler
                0x00000460                PIN_INT7_USART4_IRQHandler
 .text          0x000004fc      0x114 C:/Users/ferna/.mcuxpressotools/arm-gnu-toolchain-13.2.Rel1-mingw-w64-i686-arm-none-eabi/bin/../lib/gcc/arm-none-eabi/13.2.1/thumb/v6-m/nofp\libgcc.a(_udivsi3.o)
                0x000004fc                __aeabi_uidiv
                0x000004fc                __udivsi3
                0x00000608                __aeabi_uidivmod
 .text          0x00000610        0x4 C:/Users/ferna/.mcuxpressotools/arm-gnu-toolchain-13.2.Rel1-mingw-w64-i686-arm-none-eabi/bin/../lib/gcc/arm-none-eabi/13.2.1/thumb/v6-m/nofp\libgcc.a(_dvmd_tls.o)
                0x00000610                __aeabi_idiv0
                0x00000610                __aeabi_ldiv0
 .text          0x00000614       0x40 C:/Users/ferna/.mcuxpressotools/arm-gnu-toolchain-13.2.Rel1-mingw-w64-i686-arm-none-eabi/bin/../lib/gcc/arm-none-eabi/13.2.1/thumb/v6-m/nofp\libgcc.a(_aeabi_uldivmod.o)
                0x00000614                __aeabi_uldivmod
 .text          0x00000654       0x18 C:/Users/ferna/.mcuxpressotools/arm-gnu-toolchain-13.2.Rel1-mingw-w64-i686-arm-none-eabi/bin/../lib/gcc/arm-none-eabi/13.2.1/thumb/v6-m/nofp\libgcc.a(_clzdi2.o)
                0x00000654                __clzdi2
 .text          0x0000066c       0x3c C:/Users/ferna/.mcuxpressotools/arm-gnu-toolchain-13.2.Rel1-mingw-w64-i686-arm-none-eabi/bin/../lib/gcc/arm-none-eabi/13.2.1/thumb/v6-m/nofp\libgcc.a(_clzsi2.o)
                0x0000066c                __clzsi2
 .text          0x000006a8        0xe C:/Users/ferna/.mcuxpressotools/arm-gnu-toolchain-13.2.Rel1-mingw-w64-i686-arm-none-eabi/bin/../lib/gcc/arm-none-eabi/13.2.1/thumb/v6-m/nofp\libc_nano.a(libc_a-strlen.o)
                0x000006a8                strlen
 *fill*         0x000006b6        0x2 
 .text          0x000006b8       0x14 C:/Users/ferna/.mcuxpressotools/arm-gnu-toolchain-13.2.Rel1-mingw-w64-i686-arm-none-eabi/bin/../lib/gcc/arm-none-eabi/13.2.1/thumb/v6-m/nofp\libgcc.a(_thumb1_case_shi.o)
                0x000006b8                __gnu_thumb1_case_shi
 *(.text*)
 .text.deregister_tm_clones
                0x000006cc       0x20 C:/Users/ferna/.mcuxpressotools/arm-gnu-toolchain-13.2.Rel1-mingw-w64-i686-arm-none-eabi/bin/../lib/gcc/arm-none-eabi/13.2.1/thumb/v6-m/nofp/crtbegin.o
 .text.register_tm_clones
                0x000006ec       0x28 C:/Users/ferna/.mcuxpressotools/arm-gnu-toolchain-13.2.Rel1-mingw-w64-i686-arm-none-eabi/bin/../lib/gcc/arm-none-eabi/13.2.1/thumb/v6-m/nofp/crtbegin.o
 .text.__do_global_dtors_aux
                0x00000714       0x2c C:/Users/ferna/.mcuxpressotools/arm-gnu-toolchain-13.2.Rel1-mingw-w64-i686-arm-none-eabi/bin/../lib/gcc/arm-none-eabi/13.2.1/thumb/v6-m/nofp/crtbegin.o
 .text.frame_dummy
                0x00000740       0x24 C:/Users/ferna/.mcuxpressotools/arm-gnu-toolchain-13.2.Rel1-mingw-w64-i686-arm-none-eabi/bin/../lib/gcc/arm-none-eabi/13.2.1/thumb/v6-m/nofp/crtbegin.o
 .text.__NVIC_EnableIRQ
                0x00000764       0x34 CMakeFiles/new_project.elf.dir/cfc0be5d57a03a456ef472fd0b57cf51/Github/curso-lse/workspace_lpc845/03_servo_control/main.c.obj
 .text.CLOCK_EnableClock
                0x00000798       0x54 CMakeFiles/new_project.elf.dir/cfc0be5d57a03a456ef472fd0b57cf51/Github/curso-lse/workspace_lpc845/03_servo_control/main.c.obj
 .text.CLOCK_DisableClock
                0x000007ec       0x58 CMakeFiles/new_project.elf.dir/cfc0be5d57a03a456ef472fd0b57cf51/Github/curso-lse/workspace_lpc845/03_servo_control/main.c.obj
 .text.CLOCK_GetClkDivider
                0x00000844       0x2c CMakeFiles/new_project.elf.dir/cfc0be5d57a03a456ef472fd0b57cf51/Github/curso-lse/workspace_lpc845/03_servo_control/main.c.obj
 .text.ADC_EnableConvSeqA
                0x00000870       0x3a CMakeFiles/new_project.elf.dir/cfc0be5d57a03a456ef472fd0b57cf51/Github/curso-lse/workspace_lpc845/03_servo_control/main.c.obj
 .text.ADC_DoSoftwareTriggerConvSeqA
                0x000008aa       0x1e CMakeFiles/new_project.elf.dir/cfc0be5d57a03a456ef472fd0b57cf51/Github/curso-lse/workspace_lpc845/03_servo_control/main.c.obj
 .text.ADC_EnableInterrupts
                0x000008c8       0x22 CMakeFiles/new_project.elf.dir/cfc0be5d57a03a456ef472fd0b57cf51/Github/curso-lse/workspace_lpc845/03_servo_control/main.c.obj
 *fill*         0x000008ea        0x2 
 .text.POWER_DisablePD
                0x000008ec       0x2c CMakeFiles/new_project.elf.dir/cfc0be5d57a03a456ef472fd0b57cf51/Github/curso-lse/workspace_lpc845/03_servo_control/main.c.obj
 .text.SCTIMER_StartTimer
                0x00000918      0x108 CMakeFiles/new_project.elf.dir/cfc0be5d57a03a456ef472fd0b57cf51/Github/curso-lse/workspace_lpc845/03_servo_control/main.c.obj
 .text.main     0x00000a20      0x170 CMakeFiles/new_project.elf.dir/cfc0be5d57a03a456ef472fd0b57cf51/Github/curso-lse/workspace_lpc845/03_servo_control/main.c.obj
                0x00000a20                main
 .text.SystemInit
                0x00000b90       0x2c CMakeFiles/new_project.elf.dir/94900b9fa7a42da2beff1ca5c7a5bb2b/sdks/03_servo_control_sdk/devices/LPC845/system_LPC845.c.obj
                0x00000b90                SystemInit
 .text.SystemInitHook
                0x00000bbc        0xa CMakeFiles/new_project.elf.dir/94900b9fa7a42da2beff1ca5c7a5bb2b/sdks/03_servo_control_sdk/devices/LPC845/system_LPC845.c.obj
                0x00000bbc                SystemInitHook
 *fill*         0x00000bc6        0x2 
 .text.CLOCK_GetCoreSysClkFreq
                0x00000bc8       0x24 CMakeFiles/new_project.elf.dir/94900b9fa7a42da2beff1ca5c7a5bb2b/sdks/03_servo_control_sdk/devices/LPC845/drivers/fsl_clock.c.obj
 .text.CLOCK_GetSystemPLLFreq
                0x00000bec       0x20 CMakeFiles/new_project.elf.dir/94900b9fa7a42da2beff1ca5c7a5bb2b/sdks/03_servo_control_sdk/devices/LPC845/drivers/fsl_clock.c.obj
 .text.CLOCK_GetWdtOscFreq
                0x00000c0c       0x14 CMakeFiles/new_project.elf.dir/94900b9fa7a42da2beff1ca5c7a5bb2b/sdks/03_servo_control_sdk/devices/LPC845/drivers/fsl_clock.c.obj
 .text.CLOCK_GetExtClkFreq
                0x00000c20       0x14 CMakeFiles/new_project.elf.dir/94900b9fa7a42da2beff1ca5c7a5bb2b/sdks/03_servo_control_sdk/devices/LPC845/drivers/fsl_clock.c.obj
 .text.CLOCK_GetFRGInputClkFreq
                0x00000c34       0x3e CMakeFiles/new_project.elf.dir/94900b9fa7a42da2beff1ca5c7a5bb2b/sdks/03_servo_control_sdk/devices/LPC845/drivers/fsl_clock.c.obj
 *fill*         0x00000c72        0x2 
 .text.CLOCK_GetFRG0ClkFreq
                0x00000c74       0x64 CMakeFiles/new_project.elf.dir/94900b9fa7a42da2beff1ca5c7a5bb2b/sdks/03_servo_control_sdk/devices/LPC845/drivers/fsl_clock.c.obj
                0x00000c74                CLOCK_GetFRG0ClkFreq
 .text.CLOCK_GetFRG1ClkFreq
                0x00000cd8       0x64 CMakeFiles/new_project.elf.dir/94900b9fa7a42da2beff1ca5c7a5bb2b/sdks/03_servo_control_sdk/devices/LPC845/drivers/fsl_clock.c.obj
                0x00000cd8                CLOCK_GetFRG1ClkFreq
 .text.CLOCK_GetMainClkFreq
                0x00000d3c       0x78 CMakeFiles/new_project.elf.dir/94900b9fa7a42da2beff1ca5c7a5bb2b/sdks/03_servo_control_sdk/devices/LPC845/drivers/fsl_clock.c.obj
                0x00000d3c                CLOCK_GetMainClkFreq
 .text.CLOCK_GetFroFreq
                0x00000db4       0x78 CMakeFiles/new_project.elf.dir/94900b9fa7a42da2beff1ca5c7a5bb2b/sdks/03_servo_control_sdk/devices/LPC845/drivers/fsl_clock.c.obj
                0x00000db4                CLOCK_GetFroFreq
 .text.CLOCK_GetFreq
                0x00000e2c       0x90 CMakeFiles/new_project.elf.dir/94900b9fa7a42da2beff1ca5c7a5bb2b/sdks/03_servo_control_sdk/devices/LPC845/drivers/fsl_clock.c.obj
                0x00000e2c                CLOCK_GetFreq
 .text.CLOCK_GetSystemPLLInClockRate
                0x00000ebc       0x64 CMakeFiles/new_project.elf.dir/94900b9fa7a42da2beff1ca5c7a5bb2b/sdks/03_servo_control_sdk/devices/LPC845/drivers/fsl_clock.c.obj
                0x00000ebc                CLOCK_GetSystemPLLInClockRate
 .text.DelayLoop
                0x00000f20       0x1a CMakeFiles/new_project.elf.dir/94900b9fa7a42da2beff1ca5c7a5bb2b/sdks/03_servo_control_sdk/devices/LPC845/drivers/fsl_common_arm.c.obj
 *fill*         0x00000f3a        0x2 
 .text.SDK_DelayAtLeastUs
                0x00000f3c       0x84 CMakeFiles/new_project.elf.dir/94900b9fa7a42da2beff1ca5c7a5bb2b/sdks/03_servo_control_sdk/devices/LPC845/drivers/fsl_common_arm.c.obj
                0x00000f3c                SDK_DelayAtLeastUs
 .text.CLOCK_EnableClock
                0x00000fc0       0x54 CMakeFiles/new_project.elf.dir/94900b9fa7a42da2beff1ca5c7a5bb2b/sdks/03_servo_control_sdk/devices/LPC845/drivers/fsl_adc.c.obj
 .text.RESET_ReleasePeripheralReset
                0x00001014       0x18 CMakeFiles/new_project.elf.dir/94900b9fa7a42da2beff1ca5c7a5bb2b/sdks/03_servo_control_sdk/devices/LPC845/drivers/fsl_adc.c.obj
 .text.ADC_GetInstance
                0x0000102c       0x54 CMakeFiles/new_project.elf.dir/94900b9fa7a42da2beff1ca5c7a5bb2b/sdks/03_servo_control_sdk/devices/LPC845/drivers/fsl_adc.c.obj
 .text.ADC_Init
                0x00001080       0xb4 CMakeFiles/new_project.elf.dir/94900b9fa7a42da2beff1ca5c7a5bb2b/sdks/03_servo_control_sdk/devices/LPC845/drivers/fsl_adc.c.obj
                0x00001080                ADC_Init
 .text.ADC_DoSelfCalibration
                0x00001134       0xc0 CMakeFiles/new_project.elf.dir/94900b9fa7a42da2beff1ca5c7a5bb2b/sdks/03_servo_control_sdk/devices/LPC845/drivers/fsl_adc.c.obj
                0x00001134                ADC_DoSelfCalibration
 .text.ADC_SetConvSeqAConfig
                0x000011f4       0xa0 CMakeFiles/new_project.elf.dir/94900b9fa7a42da2beff1ca5c7a5bb2b/sdks/03_servo_control_sdk/devices/LPC845/drivers/fsl_adc.c.obj
                0x000011f4                ADC_SetConvSeqAConfig
 .text.ADC_GetChannelConversionResult
                0x00001294       0xbc CMakeFiles/new_project.elf.dir/94900b9fa7a42da2beff1ca5c7a5bb2b/sdks/03_servo_control_sdk/devices/LPC845/drivers/fsl_adc.c.obj
                0x00001294                ADC_GetChannelConversionResult
 .text.USART0_DriverIRQHandler
                0x00001350       0x24 CMakeFiles/new_project.elf.dir/94900b9fa7a42da2beff1ca5c7a5bb2b/sdks/03_servo_control_sdk/devices/LPC845/drivers/fsl_usart.c.obj
                0x00001350                USART0_DriverIRQHandler
 .text.USART1_DriverIRQHandler
                0x00001374       0x24 CMakeFiles/new_project.elf.dir/94900b9fa7a42da2beff1ca5c7a5bb2b/sdks/03_servo_control_sdk/devices/LPC845/drivers/fsl_usart.c.obj
                0x00001374                USART1_DriverIRQHandler
 .text.USART2_DriverIRQHandler
                0x00001398       0x24 CMakeFiles/new_project.elf.dir/94900b9fa7a42da2beff1ca5c7a5bb2b/sdks/03_servo_control_sdk/devices/LPC845/drivers/fsl_usart.c.obj
                0x00001398                USART2_DriverIRQHandler
 .text.PIN_INT6_USART3_DriverIRQHandler
                0x000013bc       0x24 CMakeFiles/new_project.elf.dir/94900b9fa7a42da2beff1ca5c7a5bb2b/sdks/03_servo_control_sdk/devices/LPC845/drivers/fsl_usart.c.obj
                0x000013bc                PIN_INT6_USART3_DriverIRQHandler
 .text.PIN_INT7_USART4_DriverIRQHandler
                0x000013e0       0x24 CMakeFiles/new_project.elf.dir/94900b9fa7a42da2beff1ca5c7a5bb2b/sdks/03_servo_control_sdk/devices/LPC845/drivers/fsl_usart.c.obj
                0x000013e0                PIN_INT7_USART4_DriverIRQHandler
 .text.RESET_SetPeripheralReset
                0x00001404       0x7c CMakeFiles/new_project.elf.dir/94900b9fa7a42da2beff1ca5c7a5bb2b/sdks/03_servo_control_sdk/devices/LPC845/drivers/fsl_reset.c.obj
                0x00001404                RESET_SetPeripheralReset
 .text.RESET_ClearPeripheralReset
                0x00001480       0x78 CMakeFiles/new_project.elf.dir/94900b9fa7a42da2beff1ca5c7a5bb2b/sdks/03_servo_control_sdk/devices/LPC845/drivers/fsl_reset.c.obj
                0x00001480                RESET_ClearPeripheralReset
 .text.RESET_PeripheralReset
                0x000014f8       0x20 CMakeFiles/new_project.elf.dir/94900b9fa7a42da2beff1ca5c7a5bb2b/sdks/03_servo_control_sdk/devices/LPC845/drivers/fsl_reset.c.obj
                0x000014f8                RESET_PeripheralReset
 .text.CLOCK_EnableClock
                0x00001518       0x54 CMakeFiles/new_project.elf.dir/94900b9fa7a42da2beff1ca5c7a5bb2b/sdks/03_servo_control_sdk/devices/LPC845/drivers/fsl_sctimer.c.obj
 .text.SCTIMER_StartTimer
                0x0000156c      0x108 CMakeFiles/new_project.elf.dir/94900b9fa7a42da2beff1ca5c7a5bb2b/sdks/03_servo_control_sdk/devices/LPC845/drivers/fsl_sctimer.c.obj
 .text.SCTIMER_StopTimer
                0x00001674      0x104 CMakeFiles/new_project.elf.dir/94900b9fa7a42da2beff1ca5c7a5bb2b/sdks/03_servo_control_sdk/devices/LPC845/drivers/fsl_sctimer.c.obj
 .text.SCTIMER_SetupOutputSetAction
                0x00001778       0x58 CMakeFiles/new_project.elf.dir/94900b9fa7a42da2beff1ca5c7a5bb2b/sdks/03_servo_control_sdk/devices/LPC845/drivers/fsl_sctimer.c.obj
 .text.SCTIMER_SetupOutputClearAction
                0x000017d0       0x5c CMakeFiles/new_project.elf.dir/94900b9fa7a42da2beff1ca5c7a5bb2b/sdks/03_servo_control_sdk/devices/LPC845/drivers/fsl_sctimer.c.obj
 .text.SCTIMER_SetupCounterLimitAction
                0x0000182c       0xdc CMakeFiles/new_project.elf.dir/94900b9fa7a42da2beff1ca5c7a5bb2b/sdks/03_servo_control_sdk/devices/LPC845/drivers/fsl_sctimer.c.obj
 .text.SCTIMER_GetInstance
                0x00001908       0x5c CMakeFiles/new_project.elf.dir/94900b9fa7a42da2beff1ca5c7a5bb2b/sdks/03_servo_control_sdk/devices/LPC845/drivers/fsl_sctimer.c.obj
 .text.SCTIMER_Init
                0x00001964      0x154 CMakeFiles/new_project.elf.dir/94900b9fa7a42da2beff1ca5c7a5bb2b/sdks/03_servo_control_sdk/devices/LPC845/drivers/fsl_sctimer.c.obj
                0x00001964                SCTIMER_Init
 .text.SCTIMER_GetDefaultConfig
                0x00001ab8       0x70 CMakeFiles/new_project.elf.dir/94900b9fa7a42da2beff1ca5c7a5bb2b/sdks/03_servo_control_sdk/devices/LPC845/drivers/fsl_sctimer.c.obj
                0x00001ab8                SCTIMER_GetDefaultConfig
 .text.SCTIMER_SetupPwm
                0x00001b28      0x304 CMakeFiles/new_project.elf.dir/94900b9fa7a42da2beff1ca5c7a5bb2b/sdks/03_servo_control_sdk/devices/LPC845/drivers/fsl_sctimer.c.obj
                0x00001b28                SCTIMER_SetupPwm
 .text.SCTIMER_UpdatePwmDutycycle
                0x00001e2c      0x1b8 CMakeFiles/new_project.elf.dir/94900b9fa7a42da2beff1ca5c7a5bb2b/sdks/03_servo_control_sdk/devices/LPC845/drivers/fsl_sctimer.c.obj
                0x00001e2c                SCTIMER_UpdatePwmDutycycle
 .text.SCTIMER_CreateAndScheduleEvent
                0x00001fe4      0x248 CMakeFiles/new_project.elf.dir/94900b9fa7a42da2beff1ca5c7a5bb2b/sdks/03_servo_control_sdk/devices/LPC845/drivers/fsl_sctimer.c.obj
                0x00001fe4                SCTIMER_CreateAndScheduleEvent
 .text.SCTIMER_EventHandleIRQ
                0x0000222c       0x74 CMakeFiles/new_project.elf.dir/94900b9fa7a42da2beff1ca5c7a5bb2b/sdks/03_servo_control_sdk/devices/LPC845/drivers/fsl_sctimer.c.obj
                0x0000222c                SCTIMER_EventHandleIRQ
 .text.SCT0_DriverIRQHandler
                0x000022a0       0x1c CMakeFiles/new_project.elf.dir/94900b9fa7a42da2beff1ca5c7a5bb2b/sdks/03_servo_control_sdk/devices/LPC845/drivers/fsl_sctimer.c.obj
                0x000022a0                SCT0_DriverIRQHandler
 .text.SWM_SetFixedPinSelect
                0x000022bc       0xac CMakeFiles/new_project.elf.dir/94900b9fa7a42da2beff1ca5c7a5bb2b/sdks/03_servo_control_sdk/devices/LPC845/drivers/fsl_swm.c.obj
                0x000022bc                SWM_SetFixedPinSelect
 .text._write   0x00002368       0x22 CMakeFiles/new_project.elf.dir/94900b9fa7a42da2beff1ca5c7a5bb2b/sdks/03_servo_control_sdk/devices/LPC845/utilities/fsl_syscall_stub.c.obj
                0x00002368                _write
 .text._read    0x0000238a       0x22 CMakeFiles/new_project.elf.dir/94900b9fa7a42da2beff1ca5c7a5bb2b/sdks/03_servo_control_sdk/devices/LPC845/utilities/fsl_syscall_stub.c.obj
                0x0000238a                _read
 .text._close   0x000023ac       0x1e CMakeFiles/new_project.elf.dir/94900b9fa7a42da2beff1ca5c7a5bb2b/sdks/03_servo_control_sdk/devices/LPC845/utilities/fsl_syscall_stub.c.obj
                0x000023ac                _close
 .text._lseek   0x000023ca       0x22 CMakeFiles/new_project.elf.dir/94900b9fa7a42da2beff1ca5c7a5bb2b/sdks/03_servo_control_sdk/devices/LPC845/utilities/fsl_syscall_stub.c.obj
                0x000023ca                _lseek
 .text._fstat   0x000023ec       0x20 CMakeFiles/new_project.elf.dir/94900b9fa7a42da2beff1ca5c7a5bb2b/sdks/03_servo_control_sdk/devices/LPC845/utilities/fsl_syscall_stub.c.obj
                0x000023ec                _fstat
 .text._isatty  0x0000240c       0x1c CMakeFiles/new_project.elf.dir/94900b9fa7a42da2beff1ca5c7a5bb2b/sdks/03_servo_control_sdk/devices/LPC845/utilities/fsl_syscall_stub.c.obj
                0x0000240c                _isatty
 .text._sbrk    0x00002428       0x68 CMakeFiles/new_project.elf.dir/94900b9fa7a42da2beff1ca5c7a5bb2b/sdks/03_servo_control_sdk/devices/LPC845/utilities/fsl_sbrk.c.obj
                0x00002428                _sbrk
 .text.fsl_assert_hook
                0x00002490       0x16 CMakeFiles/new_project.elf.dir/c9d57cc33d537b3e808697ba8326b01e/devices/LPC845/utilities/debug_console_lite/fsl_assert.c.obj
                0x00002490                fsl_assert_hook
 *fill*         0x000024a6        0x2 
 .text.__assert_func
                0x000024a8       0x34 CMakeFiles/new_project.elf.dir/c9d57cc33d537b3e808697ba8326b01e/devices/LPC845/utilities/debug_console_lite/fsl_assert.c.obj
                0x000024a8                __assert_func
 .text.DbgConsole_Printf
                0x000024dc       0x32 CMakeFiles/new_project.elf.dir/c9d57cc33d537b3e808697ba8326b01e/devices/LPC845/utilities/debug_console_lite/fsl_debug_console.c.obj
                0x000024dc                DbgConsole_Printf
 *fill*         0x0000250e        0x2 
 .text.DbgConsole_Vprintf
                0x00002510       0x40 CMakeFiles/new_project.elf.dir/c9d57cc33d537b3e808697ba8326b01e/devices/LPC845/utilities/debug_console_lite/fsl_debug_console.c.obj
                0x00002510                DbgConsole_Vprintf
 .text.DbgConsole_Putchar
                0x00002550       0x30 CMakeFiles/new_project.elf.dir/c9d57cc33d537b3e808697ba8326b01e/devices/LPC845/utilities/debug_console_lite/fsl_debug_console.c.obj
                0x00002550                DbgConsole_Putchar
 .text.DbgConsole_PrintfPaddingCharacter
                0x00002580       0x48 CMakeFiles/new_project.elf.dir/c9d57cc33d537b3e808697ba8326b01e/devices/LPC845/utilities/debug_console_lite/fsl_debug_console.c.obj
 .text.DbgConsole_ConvertRadixNumToString
                0x000025c8       0xc2 CMakeFiles/new_project.elf.dir/c9d57cc33d537b3e808697ba8326b01e/devices/LPC845/utilities/debug_console_lite/fsl_debug_console.c.obj
 .text.DbgConsole_PrintfFormattedData
                0x0000268a      0x3da CMakeFiles/new_project.elf.dir/c9d57cc33d537b3e808697ba8326b01e/devices/LPC845/utilities/debug_console_lite/fsl_debug_console.c.obj
 .text.__muldi3
                0x00002a64       0x5c C:/Users/ferna/.mcuxpressotools/arm-gnu-toolchain-13.2.Rel1-mingw-w64-i686-arm-none-eabi/bin/../lib/gcc/arm-none-eabi/13.2.1/thumb/v6-m/nofp\libgcc.a(_muldi3.o)
                0x00002a64                __muldi3
                0x00002a64                __aeabi_lmul
 .text.__udivmoddi4
                0x00002ac0      0x198 C:/Users/ferna/.mcuxpressotools/arm-gnu-toolchain-13.2.Rel1-mingw-w64-i686-arm-none-eabi/bin/../lib/gcc/arm-none-eabi/13.2.1/thumb/v6-m/nofp\libgcc.a(_udivmoddi4.o)
                0x00002ac0                __udivmoddi4
 .text.exit     0x00002c58       0x28 C:/Users/ferna/.mcuxpressotools/arm-gnu-toolchain-13.2.Rel1-mingw-w64-i686-arm-none-eabi/bin/../lib/gcc/arm-none-eabi/13.2.1/thumb/v6-m/nofp\libc_nano.a(libc_a-exit.o)
                0x00002c58                exit
 .text.sbrk_aligned
                0x00002c80       0x44 C:/Users/ferna/.mcuxpressotools/arm-gnu-toolchain-13.2.Rel1-mingw-w64-i686-arm-none-eabi/bin/../lib/gcc/arm-none-eabi/13.2.1/thumb/v6-m/nofp\libc_nano.a(libc_a-mallocr.o)
 .text._malloc_r
                0x00002cc4      0x100 C:/Users/ferna/.mcuxpressotools/arm-gnu-toolchain-13.2.Rel1-mingw-w64-i686-arm-none-eabi/bin/../lib/gcc/arm-none-eabi/13.2.1/thumb/v6-m/nofp\libc_nano.a(libc_a-mallocr.o)
                0x00002cc4                _malloc_r
 .text.__malloc_lock
                0x00002dc4       0x10 C:/Users/ferna/.mcuxpressotools/arm-gnu-toolchain-13.2.Rel1-mingw-w64-i686-arm-none-eabi/bin/../lib/gcc/arm-none-eabi/13.2.1/thumb/v6-m/nofp\libc_nano.a(libc_a-mlock.o)
                0x00002dc4                __malloc_lock
 .text.__malloc_unlock
                0x00002dd4       0x10 C:/Users/ferna/.mcuxpressotools/arm-gnu-toolchain-13.2.Rel1-mingw-w64-i686-arm-none-eabi/bin/../lib/gcc/arm-none-eabi/13.2.1/thumb/v6-m/nofp\libc_nano.a(libc_a-mlock.o)
                0x00002dd4                __malloc_unlock
 .text.std      0x00002de4       0x6c C:/Users/ferna/.mcuxpressotools/arm-gnu-toolchain-13.2.Rel1-mingw-w64-i686-arm-none-eabi/bin/../lib/gcc/arm-none-eabi/13.2.1/thumb/v6-m/nofp\libc_nano.a(libc_a-findfp.o)
 .text.stdio_exit_handler
                0x00002e50       0x1c C:/Users/ferna/.mcuxpressotools/arm-gnu-toolchain-13.2.Rel1-mingw-w64-i686-arm-none-eabi/bin/../lib/gcc/arm-none-eabi/13.2.1/thumb/v6-m/nofp\libc_nano.a(libc_a-findfp.o)
 .text.cleanup_stdio
                0x00002e6c       0x3c C:/Users/ferna/.mcuxpressotools/arm-gnu-toolchain-13.2.Rel1-mingw-w64-i686-arm-none-eabi/bin/../lib/gcc/arm-none-eabi/13.2.1/thumb/v6-m/nofp\libc_nano.a(libc_a-findfp.o)
 .text.global_stdio_init.part.0
                0x00002ea8       0x3c C:/Users/ferna/.mcuxpressotools/arm-gnu-toolchain-13.2.Rel1-mingw-w64-i686-arm-none-eabi/bin/../lib/gcc/arm-none-eabi/13.2.1/thumb/v6-m/nofp\libc_nano.a(libc_a-findfp.o)
 .text.__sfp_lock_acquire
                0x00002ee4       0x10 C:/Users/ferna/.mcuxpressotools/arm-gnu-toolchain-13.2.Rel1-mingw-w64-i686-arm-none-eabi/bin/../lib/gcc/arm-none-eabi/13.2.1/thumb/v6-m/nofp\libc_nano.a(libc_a-findfp.o)
                0x00002ee4                __sfp_lock_acquire
 .text.__sfp_lock_release
                0x00002ef4       0x10 C:/Users/ferna/.mcuxpressotools/arm-gnu-toolchain-13.2.Rel1-mingw-w64-i686-arm-none-eabi/bin/../lib/gcc/arm-none-eabi/13.2.1/thumb/v6-m/nofp\libc_nano.a(libc_a-findfp.o)
                0x00002ef4                __sfp_lock_release
 .text.__sinit  0x00002f04       0x30 C:/Users/ferna/.mcuxpressotools/arm-gnu-toolchain-13.2.Rel1-mingw-w64-i686-arm-none-eabi/bin/../lib/gcc/arm-none-eabi/13.2.1/thumb/v6-m/nofp\libc_nano.a(libc_a-findfp.o)
                0x00002f04                __sinit
 .text._fwalk_sglue
                0x00002f34       0x38 C:/Users/ferna/.mcuxpressotools/arm-gnu-toolchain-13.2.Rel1-mingw-w64-i686-arm-none-eabi/bin/../lib/gcc/arm-none-eabi/13.2.1/thumb/v6-m/nofp\libc_nano.a(libc_a-fwalk.o)
                0x00002f34                _fwalk_sglue
 .text.printf   0x00002f6c       0x20 C:/Users/ferna/.mcuxpressotools/arm-gnu-toolchain-13.2.Rel1-mingw-w64-i686-arm-none-eabi/bin/../lib/gcc/arm-none-eabi/13.2.1/thumb/v6-m/nofp\libc_nano.a(libc_a-printf.o)
                0x00002f6c                iprintf
                0x00002f6c                printf
 .text.__sread  0x00002f8c       0x28 C:/Users/ferna/.mcuxpressotools/arm-gnu-toolchain-13.2.Rel1-mingw-w64-i686-arm-none-eabi/bin/../lib/gcc/arm-none-eabi/13.2.1/thumb/v6-m/nofp\libc_nano.a(libc_a-stdio.o)
                0x00002f8c                __sread
 .text.__swrite
                0x00002fb4       0x38 C:/Users/ferna/.mcuxpressotools/arm-gnu-toolchain-13.2.Rel1-mingw-w64-i686-arm-none-eabi/bin/../lib/gcc/arm-none-eabi/13.2.1/thumb/v6-m/nofp\libc_nano.a(libc_a-stdio.o)
                0x00002fb4                __swrite
 .text.__sseek  0x00002fec       0x2c C:/Users/ferna/.mcuxpressotools/arm-gnu-toolchain-13.2.Rel1-mingw-w64-i686-arm-none-eabi/bin/../lib/gcc/arm-none-eabi/13.2.1/thumb/v6-m/nofp\libc_nano.a(libc_a-stdio.o)
                0x00002fec                __sseek
 .text.__sclose
                0x00003018        0xc C:/Users/ferna/.mcuxpressotools/arm-gnu-toolchain-13.2.Rel1-mingw-w64-i686-arm-none-eabi/bin/../lib/gcc/arm-none-eabi/13.2.1/thumb/v6-m/nofp\libc_nano.a(libc_a-stdio.o)
                0x00003018                __sclose
 .text.memset   0x00003024       0x10 C:/Users/ferna/.mcuxpressotools/arm-gnu-toolchain-13.2.Rel1-mingw-w64-i686-arm-none-eabi/bin/../lib/gcc/arm-none-eabi/13.2.1/thumb/v6-m/nofp\libc_nano.a(libc_a-memset.o)
                0x00003024                memset
 .text._close_r
                0x00003034       0x24 C:/Users/ferna/.mcuxpressotools/arm-gnu-toolchain-13.2.Rel1-mingw-w64-i686-arm-none-eabi/bin/../lib/gcc/arm-none-eabi/13.2.1/thumb/v6-m/nofp\libc_nano.a(libc_a-closer.o)
                0x00003034                _close_r
 .text._lseek_r
                0x00003058       0x28 C:/Users/ferna/.mcuxpressotools/arm-gnu-toolchain-13.2.Rel1-mingw-w64-i686-arm-none-eabi/bin/../lib/gcc/arm-none-eabi/13.2.1/thumb/v6-m/nofp\libc_nano.a(libc_a-lseekr.o)
                0x00003058                _lseek_r
 .text._read_r  0x00003080       0x28 C:/Users/ferna/.mcuxpressotools/arm-gnu-toolchain-13.2.Rel1-mingw-w64-i686-arm-none-eabi/bin/../lib/gcc/arm-none-eabi/13.2.1/thumb/v6-m/nofp\libc_nano.a(libc_a-readr.o)
                0x00003080                _read_r
 .text._sbrk_r  0x000030a8       0x24 C:/Users/ferna/.mcuxpressotools/arm-gnu-toolchain-13.2.Rel1-mingw-w64-i686-arm-none-eabi/bin/../lib/gcc/arm-none-eabi/13.2.1/thumb/v6-m/nofp\libc_nano.a(libc_a-sbrkr.o)
                0x000030a8                _sbrk_r
 .text._write_r
                0x000030cc       0x28 C:/Users/ferna/.mcuxpressotools/arm-gnu-toolchain-13.2.Rel1-mingw-w64-i686-arm-none-eabi/bin/../lib/gcc/arm-none-eabi/13.2.1/thumb/v6-m/nofp\libc_nano.a(libc_a-writer.o)
                0x000030cc                _write_r
 .text.__errno  0x000030f4        0xc C:/Users/ferna/.mcuxpressotools/arm-gnu-toolchain-13.2.Rel1-mingw-w64-i686-arm-none-eabi/bin/../lib/gcc/arm-none-eabi/13.2.1/thumb/v6-m/nofp\libc_nano.a(libc_a-errno.o)
                0x000030f4                __errno
 .text.__libc_init_array
                0x00003100       0x48 C:/Users/ferna/.mcuxpressotools/arm-gnu-toolchain-13.2.Rel1-mingw-w64-i686-arm-none-eabi/bin/../lib/gcc/arm-none-eabi/13.2.1/thumb/v6-m/nofp\libc_nano.a(libc_a-init.o)
                0x00003100                __libc_init_array
 .text.__retarget_lock_init_recursive
                0x00003148        0x2 C:/Users/ferna/.mcuxpressotools/arm-gnu-toolchain-13.2.Rel1-mingw-w64-i686-arm-none-eabi/bin/../lib/gcc/arm-none-eabi/13.2.1/thumb/v6-m/nofp\libc_nano.a(libc_a-lock.o)
                0x00003148                __retarget_lock_init_recursive
 .text.__retarget_lock_acquire_recursive
                0x0000314a        0x2 C:/Users/ferna/.mcuxpressotools/arm-gnu-toolchain-13.2.Rel1-mingw-w64-i686-arm-none-eabi/bin/../lib/gcc/arm-none-eabi/13.2.1/thumb/v6-m/nofp\libc_nano.a(libc_a-lock.o)
                0x0000314a                __retarget_lock_acquire_recursive
 .text.__retarget_lock_release_recursive
                0x0000314c        0x2 C:/Users/ferna/.mcuxpressotools/arm-gnu-toolchain-13.2.Rel1-mingw-w64-i686-arm-none-eabi/bin/../lib/gcc/arm-none-eabi/13.2.1/thumb/v6-m/nofp\libc_nano.a(libc_a-lock.o)
                0x0000314c                __retarget_lock_release_recursive
 .text.memcpy   0x0000314e       0x12 C:/Users/ferna/.mcuxpressotools/arm-gnu-toolchain-13.2.Rel1-mingw-w64-i686-arm-none-eabi/bin/../lib/gcc/arm-none-eabi/13.2.1/thumb/v6-m/nofp\libc_nano.a(libc_a-memcpy-stub.o)
                0x0000314e                memcpy
 .text._free_r  0x00003160       0x94 C:/Users/ferna/.mcuxpressotools/arm-gnu-toolchain-13.2.Rel1-mingw-w64-i686-arm-none-eabi/bin/../lib/gcc/arm-none-eabi/13.2.1/thumb/v6-m/nofp\libc_nano.a(libc_a-freer.o)
                0x00003160                _free_r
 .text.__sfputc_r
                0x000031f4       0x2a C:/Users/ferna/.mcuxpressotools/arm-gnu-toolchain-13.2.Rel1-mingw-w64-i686-arm-none-eabi/bin/../lib/gcc/arm-none-eabi/13.2.1/thumb/v6-m/nofp\libc_nano.a(libc_a-nano-vfprintf.o)
 .text.__sfputs_r
                0x0000321e       0x24 C:/Users/ferna/.mcuxpressotools/arm-gnu-toolchain-13.2.Rel1-mingw-w64-i686-arm-none-eabi/bin/../lib/gcc/arm-none-eabi/13.2.1/thumb/v6-m/nofp\libc_nano.a(libc_a-nano-vfprintf.o)
                0x0000321e                __sfputs_r
 *fill*         0x00003242        0x2 
 .text._vfprintf_r
                0x00003244      0x238 C:/Users/ferna/.mcuxpressotools/arm-gnu-toolchain-13.2.Rel1-mingw-w64-i686-arm-none-eabi/bin/../lib/gcc/arm-none-eabi/13.2.1/thumb/v6-m/nofp\libc_nano.a(libc_a-nano-vfprintf.o)
                0x00003244                _vfprintf_r
                0x00003244                _vfiprintf_r
 .text._printf_common
                0x0000347c       0xde C:/Users/ferna/.mcuxpressotools/arm-gnu-toolchain-13.2.Rel1-mingw-w64-i686-arm-none-eabi/bin/../lib/gcc/arm-none-eabi/13.2.1/thumb/v6-m/nofp\libc_nano.a(libc_a-nano-vfprintf_i.o)
                0x0000347c                _printf_common
 *fill*         0x0000355a        0x2 
 .text._printf_i
                0x0000355c      0x218 C:/Users/ferna/.mcuxpressotools/arm-gnu-toolchain-13.2.Rel1-mingw-w64-i686-arm-none-eabi/bin/../lib/gcc/arm-none-eabi/13.2.1/thumb/v6-m/nofp\libc_nano.a(libc_a-nano-vfprintf_i.o)
                0x0000355c                _printf_i
 .text.__sflush_r
                0x00003774      0x10c C:/Users/ferna/.mcuxpressotools/arm-gnu-toolchain-13.2.Rel1-mingw-w64-i686-arm-none-eabi/bin/../lib/gcc/arm-none-eabi/13.2.1/thumb/v6-m/nofp\libc_nano.a(libc_a-fflush.o)
                0x00003774                __sflush_r
 .text._fflush_r
                0x00003880       0x56 C:/Users/ferna/.mcuxpressotools/arm-gnu-toolchain-13.2.Rel1-mingw-w64-i686-arm-none-eabi/bin/../lib/gcc/arm-none-eabi/13.2.1/thumb/v6-m/nofp\libc_nano.a(libc_a-fflush.o)
                0x00003880                _fflush_r
 .text.__swbuf_r
                0x000038d6       0x84 C:/Users/ferna/.mcuxpressotools/arm-gnu-toolchain-13.2.Rel1-mingw-w64-i686-arm-none-eabi/bin/../lib/gcc/arm-none-eabi/13.2.1/thumb/v6-m/nofp\libc_nano.a(libc_a-wbuf.o)
                0x000038d6                __swbuf_r
 *fill*         0x0000395a        0x2 
 .text.__swsetup_r
                0x0000395c       0xbc C:/Users/ferna/.mcuxpressotools/arm-gnu-toolchain-13.2.Rel1-mingw-w64-i686-arm-none-eabi/bin/../lib/gcc/arm-none-eabi/13.2.1/thumb/v6-m/nofp\libc_nano.a(libc_a-wsetup.o)
                0x0000395c                __swsetup_r
 .text.memchr   0x00003a18       0x16 C:/Users/ferna/.mcuxpressotools/arm-gnu-toolchain-13.2.Rel1-mingw-w64-i686-arm-none-eabi/bin/../lib/gcc/arm-none-eabi/13.2.1/thumb/v6-m/nofp\libc_nano.a(libc_a-memchr-stub.o)
                0x00003a18                memchr
 *fill*         0x00003a2e        0x2 
 .text.__swhatbuf_r
                0x00003a30       0x54 C:/Users/ferna/.mcuxpressotools/arm-gnu-toolchain-13.2.Rel1-mingw-w64-i686-arm-none-eabi/bin/../lib/gcc/arm-none-eabi/13.2.1/thumb/v6-m/nofp\libc_nano.a(libc_a-makebuf.o)
                0x00003a30                __swhatbuf_r
 .text.__smakebuf_r
                0x00003a84       0x82 C:/Users/ferna/.mcuxpressotools/arm-gnu-toolchain-13.2.Rel1-mingw-w64-i686-arm-none-eabi/bin/../lib/gcc/arm-none-eabi/13.2.1/thumb/v6-m/nofp\libc_nano.a(libc_a-makebuf.o)
                0x00003a84                __smakebuf_r
 *fill*         0x00003b06        0x2 
 .text._fstat_r
                0x00003b08       0x24 C:/Users/ferna/.mcuxpressotools/arm-gnu-toolchain-13.2.Rel1-mingw-w64-i686-arm-none-eabi/bin/../lib/gcc/arm-none-eabi/13.2.1/thumb/v6-m/nofp\libc_nano.a(libc_a-fstatr.o)
                0x00003b08                _fstat_r
 .text._isatty_r
                0x00003b2c       0x24 C:/Users/ferna/.mcuxpressotools/arm-gnu-toolchain-13.2.Rel1-mingw-w64-i686-arm-none-eabi/bin/../lib/gcc/arm-none-eabi/13.2.1/thumb/v6-m/nofp\libc_nano.a(libc_a-isattyr.o)
                0x00003b2c                _isatty_r
 .text._exit    0x00003b50        0x2 C:/Users/ferna/.mcuxpressotools/arm-gnu-toolchain-13.2.Rel1-mingw-w64-i686-arm-none-eabi/bin/../lib/gcc/arm-none-eabi/13.2.1/../../../../arm-none-eabi/lib/thumb/v6-m/nofp\libcr_newlib_nohost.a(_exit.o)
                0x00003b50                _exit
 *(.rodata)
 *fill*         0x00003b52        0x2 
 .rodata        0x00003b54      0x109 CMakeFiles/new_project.elf.dir/cfc0be5d57a03a456ef472fd0b57cf51/Github/curso-lse/workspace_lpc845/03_servo_control/main.c.obj
 *fill*         0x00003c5d        0x3 
 .rodata        0x00003c60       0xa7 CMakeFiles/new_project.elf.dir/94900b9fa7a42da2beff1ca5c7a5bb2b/sdks/03_servo_control_sdk/devices/LPC845/drivers/fsl_common_arm.c.obj
 *fill*         0x00003d07        0x1 
 .rodata        0x00003d08       0xf8 CMakeFiles/new_project.elf.dir/94900b9fa7a42da2beff1ca5c7a5bb2b/sdks/03_servo_control_sdk/devices/LPC845/drivers/fsl_adc.c.obj
 .rodata        0x00003e00       0x9e CMakeFiles/new_project.elf.dir/94900b9fa7a42da2beff1ca5c7a5bb2b/sdks/03_servo_control_sdk/devices/LPC845/drivers/fsl_reset.c.obj
 *fill*         0x00003e9e        0x2 
 .rodata        0x00003ea0      0x2cf CMakeFiles/new_project.elf.dir/94900b9fa7a42da2beff1ca5c7a5bb2b/sdks/03_servo_control_sdk/devices/LPC845/drivers/fsl_sctimer.c.obj
 *fill*         0x0000416f        0x1 
 .rodata        0x00004170       0xba CMakeFiles/new_project.elf.dir/94900b9fa7a42da2beff1ca5c7a5bb2b/sdks/03_servo_control_sdk/devices/LPC845/drivers/fsl_swm.c.obj
 *fill*         0x0000422a        0x2 
 .rodata        0x0000422c       0x3e CMakeFiles/new_project.elf.dir/c9d57cc33d537b3e808697ba8326b01e/devices/LPC845/utilities/debug_console_lite/fsl_assert.c.obj
 *(.rodata*)
 *fill*         0x0000426a        0x2 
 .rodata.__func__.0
                0x0000426c       0x13 CMakeFiles/new_project.elf.dir/cfc0be5d57a03a456ef472fd0b57cf51/Github/curso-lse/workspace_lpc845/03_servo_control/main.c.obj
 *fill*         0x0000427f        0x1 
 .rodata.CLOCK_GetFreq
                0x00004280       0x24 CMakeFiles/new_project.elf.dir/94900b9fa7a42da2beff1ca5c7a5bb2b/sdks/03_servo_control_sdk/devices/LPC845/drivers/fsl_clock.c.obj
 .rodata.__func__.0
                0x000042a4       0x13 CMakeFiles/new_project.elf.dir/94900b9fa7a42da2beff1ca5c7a5bb2b/sdks/03_servo_control_sdk/devices/LPC845/drivers/fsl_common_arm.c.obj
 *fill*         0x000042b7        0x1 
 .rodata.__func__.7
                0x000042b8       0x10 CMakeFiles/new_project.elf.dir/94900b9fa7a42da2beff1ca5c7a5bb2b/sdks/03_servo_control_sdk/devices/LPC845/drivers/fsl_adc.c.obj
 .rodata.__func__.6
                0x000042c8        0x9 CMakeFiles/new_project.elf.dir/94900b9fa7a42da2beff1ca5c7a5bb2b/sdks/03_servo_control_sdk/devices/LPC845/drivers/fsl_adc.c.obj
 *fill*         0x000042d1        0x3 
 .rodata.__func__.5
                0x000042d4       0x16 CMakeFiles/new_project.elf.dir/94900b9fa7a42da2beff1ca5c7a5bb2b/sdks/03_servo_control_sdk/devices/LPC845/drivers/fsl_adc.c.obj
 *fill*         0x000042ea        0x2 
 .rodata.__func__.4
                0x000042ec       0x16 CMakeFiles/new_project.elf.dir/94900b9fa7a42da2beff1ca5c7a5bb2b/sdks/03_servo_control_sdk/devices/LPC845/drivers/fsl_adc.c.obj
 *fill*         0x00004302        0x2 
 .rodata.__func__.0
                0x00004304       0x1f CMakeFiles/new_project.elf.dir/94900b9fa7a42da2beff1ca5c7a5bb2b/sdks/03_servo_control_sdk/devices/LPC845/drivers/fsl_adc.c.obj
 *fill*         0x00004323        0x1 
 .rodata.__func__.1
                0x00004324       0x19 CMakeFiles/new_project.elf.dir/94900b9fa7a42da2beff1ca5c7a5bb2b/sdks/03_servo_control_sdk/devices/LPC845/drivers/fsl_reset.c.obj
 *fill*         0x0000433d        0x3 
 .rodata.__func__.0
                0x00004340       0x1b CMakeFiles/new_project.elf.dir/94900b9fa7a42da2beff1ca5c7a5bb2b/sdks/03_servo_control_sdk/devices/LPC845/drivers/fsl_reset.c.obj
 *fill*         0x0000435b        0x1 
 .rodata.__func__.10
                0x0000435c       0x14 CMakeFiles/new_project.elf.dir/94900b9fa7a42da2beff1ca5c7a5bb2b/sdks/03_servo_control_sdk/devices/LPC845/drivers/fsl_sctimer.c.obj
 .rodata.__func__.9
                0x00004370        0xd CMakeFiles/new_project.elf.dir/94900b9fa7a42da2beff1ca5c7a5bb2b/sdks/03_servo_control_sdk/devices/LPC845/drivers/fsl_sctimer.c.obj
 *fill*         0x0000437d        0x3 
 .rodata.__func__.8
                0x00004380       0x19 CMakeFiles/new_project.elf.dir/94900b9fa7a42da2beff1ca5c7a5bb2b/sdks/03_servo_control_sdk/devices/LPC845/drivers/fsl_sctimer.c.obj
 *fill*         0x00004399        0x3 
 .rodata.__func__.7
                0x0000439c       0x11 CMakeFiles/new_project.elf.dir/94900b9fa7a42da2beff1ca5c7a5bb2b/sdks/03_servo_control_sdk/devices/LPC845/drivers/fsl_sctimer.c.obj
 *fill*         0x000043ad        0x3 
 .rodata.__func__.6
                0x000043b0       0x20 CMakeFiles/new_project.elf.dir/94900b9fa7a42da2beff1ca5c7a5bb2b/sdks/03_servo_control_sdk/devices/LPC845/drivers/fsl_sctimer.c.obj
 .rodata.__func__.5
                0x000043d0       0x1f CMakeFiles/new_project.elf.dir/94900b9fa7a42da2beff1ca5c7a5bb2b/sdks/03_servo_control_sdk/devices/LPC845/drivers/fsl_sctimer.c.obj
 *fill*         0x000043ef        0x1 
 .rodata.__func__.4
                0x000043f0       0x1d CMakeFiles/new_project.elf.dir/94900b9fa7a42da2beff1ca5c7a5bb2b/sdks/03_servo_control_sdk/devices/LPC845/drivers/fsl_sctimer.c.obj
 *fill*         0x0000440d        0x3 
 .rodata.__func__.3
                0x00004410       0x1b CMakeFiles/new_project.elf.dir/94900b9fa7a42da2beff1ca5c7a5bb2b/sdks/03_servo_control_sdk/devices/LPC845/drivers/fsl_sctimer.c.obj
 *fill*         0x0000442b        0x1 
 .rodata.__func__.2
                0x0000442c       0x12 CMakeFiles/new_project.elf.dir/94900b9fa7a42da2beff1ca5c7a5bb2b/sdks/03_servo_control_sdk/devices/LPC845/drivers/fsl_sctimer.c.obj
 *fill*         0x0000443e        0x2 
 .rodata.__func__.1
                0x00004440       0x13 CMakeFiles/new_project.elf.dir/94900b9fa7a42da2beff1ca5c7a5bb2b/sdks/03_servo_control_sdk/devices/LPC845/drivers/fsl_sctimer.c.obj
 *fill*         0x00004453        0x1 
 .rodata.__func__.0
                0x00004454       0x16 CMakeFiles/new_project.elf.dir/94900b9fa7a42da2beff1ca5c7a5bb2b/sdks/03_servo_control_sdk/devices/LPC845/drivers/fsl_swm.c.obj
 .rodata._vfprintf_r.str1.1
                0x0000446a       0x33 C:/Users/ferna/.mcuxpressotools/arm-gnu-toolchain-13.2.Rel1-mingw-w64-i686-arm-none-eabi/bin/../lib/gcc/arm-none-eabi/13.2.1/thumb/v6-m/nofp\libc_nano.a(libc_a-nano-vfprintf.o)
                                 0x11 (size before relaxing)
 .rodata._printf_i.str1.1
                0x0000449d       0x22 C:/Users/ferna/.mcuxpressotools/arm-gnu-toolchain-13.2.Rel1-mingw-w64-i686-arm-none-eabi/bin/../lib/gcc/arm-none-eabi/13.2.1/thumb/v6-m/nofp\libc_nano.a(libc_a-nano-vfprintf_i.o)
 *(.glue_7)
 .glue_7        0x0000449d        0x0 linker stubs
 *(.glue_7t)
 .glue_7t       0x0000449d        0x0 linker stubs
 *(.eh_frame)
 *fill*         0x0000449d        0x3 
 .eh_frame      0x000044a0        0x0 C:/Users/ferna/.mcuxpressotools/arm-gnu-toolchain-13.2.Rel1-mingw-w64-i686-arm-none-eabi/bin/../lib/gcc/arm-none-eabi/13.2.1/thumb/v6-m/nofp/crtbegin.o
 *(.init)
 .init          0x000044a0        0x4 C:/Users/ferna/.mcuxpressotools/arm-gnu-toolchain-13.2.Rel1-mingw-w64-i686-arm-none-eabi/bin/../lib/gcc/arm-none-eabi/13.2.1/thumb/v6-m/nofp/crti.o
                0x000044a0                _init
 .init          0x000044a4        0x8 C:/Users/ferna/.mcuxpressotools/arm-gnu-toolchain-13.2.Rel1-mingw-w64-i686-arm-none-eabi/bin/../lib/gcc/arm-none-eabi/13.2.1/thumb/v6-m/nofp/crtn.o
 *(.fini)
 .fini          0x000044ac        0x4 C:/Users/ferna/.mcuxpressotools/arm-gnu-toolchain-13.2.Rel1-mingw-w64-i686-arm-none-eabi/bin/../lib/gcc/arm-none-eabi/13.2.1/thumb/v6-m/nofp/crti.o
                0x000044ac                _fini
 .fini          0x000044b0        0x8 C:/Users/ferna/.mcuxpressotools/arm-gnu-toolchain-13.2.Rel1-mingw-w64-i686-arm-none-eabi/bin/../lib/gcc/arm-none-eabi/13.2.1/thumb/v6-m/nofp/crtn.o
                0x000044b8                        . = ALIGN (0x4)

.vfp11_veneer   0x000044b8        0x0
 .vfp11_veneer  0x000044b8        0x0 linker stubs

.v4_bx          0x000044b8        0x0
 .v4_bx         0x000044b8        0x0 linker stubs

.iplt           0x000044b8        0x0
 .iplt          0x000044b8        0x0 C:/Users/ferna/.mcuxpressotools/arm-gnu-toolchain-13.2.Rel1-mingw-w64-i686-arm-none-eabi/bin/../lib/gcc/arm-none-eabi/13.2.1/thumb/v6-m/nofp/crtbegin.o

.ARM.extab
 *(.ARM.extab* .gnu.linkonce.armextab.*)

.ARM            0x000044b8        0x8
                0x000044b8                        __exidx_start = .
 *(.ARM.exidx*)
 .ARM.exidx     0x000044b8        0x8 C:/Users/ferna/.mcuxpressotools/arm-gnu-toolchain-13.2.Rel1-mingw-w64-i686-arm-none-eabi/bin/../lib/gcc/arm-none-eabi/13.2.1/thumb/v6-m/nofp/crt0.o
                                 0x10 (size before relaxing)
 .ARM.exidx.text.__udivmoddi4
                0x000044c0        0x0 C:/Users/ferna/.mcuxpressotools/arm-gnu-toolchain-13.2.Rel1-mingw-w64-i686-arm-none-eabi/bin/../lib/gcc/arm-none-eabi/13.2.1/thumb/v6-m/nofp\libgcc.a(_udivmoddi4.o)
                                  0x8 (size before relaxing)
                0x000044c0                        __exidx_end = .

.rel.dyn        0x000044c0        0x0
 .rel.iplt      0x000044c0        0x0 C:/Users/ferna/.mcuxpressotools/arm-gnu-toolchain-13.2.Rel1-mingw-w64-i686-arm-none-eabi/bin/../lib/gcc/arm-none-eabi/13.2.1/thumb/v6-m/nofp/crtbegin.o

.ctors          0x000044c0        0x0
                0x000044c0                        __CTOR_LIST__ = .
 *crtbegin.o(.ctors)
 *crtbegin?.o(.ctors)
 *(EXCLUDE_FILE(*crtend.o *crtend?.o) .ctors)
 *(SORT_BY_NAME(.ctors.*))
 *(.ctors)
                0x000044c0                        __CTOR_END__ = .

.dtors          0x000044c0        0x0
                0x000044c0                        __DTOR_LIST__ = .
 *crtbegin.o(.dtors)
 *crtbegin?.o(.dtors)
 *(EXCLUDE_FILE(*crtend.o *crtend?.o) .dtors)
 *(SORT_BY_NAME(.dtors.*))
 *(.dtors)
                0x000044c0                        __DTOR_END__ = .

.preinit_array  0x000044c0        0x0
                0x000044c0                        PROVIDE (__preinit_array_start = .)
 *(.preinit_array*)
                0x000044c0                        PROVIDE (__preinit_array_end = .)

.init_array     0x000044c0        0x4
                0x000044c0                        PROVIDE (__init_array_start = .)
 *(SORT_BY_NAME(.init_array.*))
 *(.init_array*)
 .init_array    0x000044c0        0x4 C:/Users/ferna/.mcuxpressotools/arm-gnu-toolchain-13.2.Rel1-mingw-w64-i686-arm-none-eabi/bin/../lib/gcc/arm-none-eabi/13.2.1/thumb/v6-m/nofp/crtbegin.o
                0x000044c4                        PROVIDE (__init_array_end = .)

.fini_array     0x000044c4        0x4
                [!provide]                        PROVIDE (__fini_array_start = .)
 *(SORT_BY_NAME(.fini_array.*))
 *(.fini_array*)
 .fini_array    0x000044c4        0x4 C:/Users/ferna/.mcuxpressotools/arm-gnu-toolchain-13.2.Rel1-mingw-w64-i686-arm-none-eabi/bin/../lib/gcc/arm-none-eabi/13.2.1/thumb/v6-m/nofp/crtbegin.o
                [!provide]                        PROVIDE (__fini_array_end = .)
                0x000044c8                        __etext = .
                0x000044c8                        __DATA_ROM = .

.data           0x10000000       0x60 load address 0x000044c8
                0x10000000                        . = ALIGN (0x4)
                0x10000000                        __DATA_RAM = .
                0x10000000                        __data_start__ = .
 *(.ramfunc*)
 *(.data)
 *(.data*)
 .data.SystemCoreClock
                0x10000000        0x4 CMakeFiles/new_project.elf.dir/94900b9fa7a42da2beff1ca5c7a5bb2b/sdks/03_servo_control_sdk/devices/LPC845/system_LPC845.c.obj
                0x10000000                SystemCoreClock
 .data.__sglue  0x10000004        0xc C:/Users/ferna/.mcuxpressotools/arm-gnu-toolchain-13.2.Rel1-mingw-w64-i686-arm-none-eabi/bin/../lib/gcc/arm-none-eabi/13.2.1/thumb/v6-m/nofp\libc_nano.a(libc_a-findfp.o)
                0x10000004                __sglue
 .data._impure_ptr
                0x10000010        0x4 C:/Users/ferna/.mcuxpressotools/arm-gnu-toolchain-13.2.Rel1-mingw-w64-i686-arm-none-eabi/bin/../lib/gcc/arm-none-eabi/13.2.1/thumb/v6-m/nofp\libc_nano.a(libc_a-impure.o)
                0x10000010                _impure_ptr
 .data._impure_data
                0x10000014       0x4c C:/Users/ferna/.mcuxpressotools/arm-gnu-toolchain-13.2.Rel1-mingw-w64-i686-arm-none-eabi/bin/../lib/gcc/arm-none-eabi/13.2.1/thumb/v6-m/nofp\libc_nano.a(libc_a-impure.o)
                0x10000014                _impure_data
 *(.jcr*)
                0x10000060                        . = ALIGN (0x4)
                0x10000060                        __data_end__ = .
                0x00004528                        __DATA_END = (__DATA_ROM + (__data_end__ - __data_start__))
                0x00010000                        text_end = (ORIGIN (m_text) + LENGTH (m_text))
                0x00000001                        ASSERT ((__DATA_END <= text_end), region m_text overflowed with text and data)

.tm_clone_table
                0x10000060        0x0 load address 0x00004528
 .tm_clone_table
                0x10000060        0x0 C:/Users/ferna/.mcuxpressotools/arm-gnu-toolchain-13.2.Rel1-mingw-w64-i686-arm-none-eabi/bin/../lib/gcc/arm-none-eabi/13.2.1/thumb/v6-m/nofp/crtbegin.o
 .tm_clone_table
                0x10000060        0x0 C:/Users/ferna/.mcuxpressotools/arm-gnu-toolchain-13.2.Rel1-mingw-w64-i686-arm-none-eabi/bin/../lib/gcc/arm-none-eabi/13.2.1/thumb/v6-m/nofp/crtend.o

.igot.plt       0x10000060        0x0 load address 0x00004528
 .igot.plt      0x10000060        0x0 C:/Users/ferna/.mcuxpressotools/arm-gnu-toolchain-13.2.Rel1-mingw-w64-i686-arm-none-eabi/bin/../lib/gcc/arm-none-eabi/13.2.1/thumb/v6-m/nofp/crtbegin.o

.bss            0x10000060      0x1d4 load address 0x00004528
                0x10000060                        . = ALIGN (0x4)
                0x10000060                        __START_BSS = .
                0x10000060                        __bss_start__ = .
 *(.bss)
 *(.bss*)
 .bss.completed.1
                0x10000060        0x1 C:/Users/ferna/.mcuxpressotools/arm-gnu-toolchain-13.2.Rel1-mingw-w64-i686-arm-none-eabi/bin/../lib/gcc/arm-none-eabi/13.2.1/thumb/v6-m/nofp/crtbegin.o
 *fill*         0x10000061        0x3 
 .bss.object.0  0x10000064       0x18 C:/Users/ferna/.mcuxpressotools/arm-gnu-toolchain-13.2.Rel1-mingw-w64-i686-arm-none-eabi/bin/../lib/gcc/arm-none-eabi/13.2.1/thumb/v6-m/nofp/crtbegin.o
 .bss.g_Ext_Clk_Freq
                0x1000007c        0x4 CMakeFiles/new_project.elf.dir/94900b9fa7a42da2beff1ca5c7a5bb2b/sdks/03_servo_control_sdk/devices/LPC845/drivers/fsl_clock.c.obj
                0x1000007c                g_Ext_Clk_Freq
 .bss.g_Wdt_Osc_Freq
                0x10000080        0x4 CMakeFiles/new_project.elf.dir/94900b9fa7a42da2beff1ca5c7a5bb2b/sdks/03_servo_control_sdk/devices/LPC845/drivers/fsl_clock.c.obj
                0x10000080                g_Wdt_Osc_Freq
 .bss.s_usartHandle
                0x10000084       0x14 CMakeFiles/new_project.elf.dir/94900b9fa7a42da2beff1ca5c7a5bb2b/sdks/03_servo_control_sdk/devices/LPC845/drivers/fsl_usart.c.obj
 .bss.s_usartIsr
                0x10000098        0x4 CMakeFiles/new_project.elf.dir/94900b9fa7a42da2beff1ca5c7a5bb2b/sdks/03_servo_control_sdk/devices/LPC845/drivers/fsl_usart.c.obj
 .bss.s_eventCallback
                0x1000009c       0x20 CMakeFiles/new_project.elf.dir/94900b9fa7a42da2beff1ca5c7a5bb2b/sdks/03_servo_control_sdk/devices/LPC845/drivers/fsl_sctimer.c.obj
 .bss.s_currentEvent
                0x100000bc        0x4 CMakeFiles/new_project.elf.dir/94900b9fa7a42da2beff1ca5c7a5bb2b/sdks/03_servo_control_sdk/devices/LPC845/drivers/fsl_sctimer.c.obj
 .bss.s_currentState
                0x100000c0        0x4 CMakeFiles/new_project.elf.dir/94900b9fa7a42da2beff1ca5c7a5bb2b/sdks/03_servo_control_sdk/devices/LPC845/drivers/fsl_sctimer.c.obj
 .bss.s_currentMatch
                0x100000c4        0x4 CMakeFiles/new_project.elf.dir/94900b9fa7a42da2beff1ca5c7a5bb2b/sdks/03_servo_control_sdk/devices/LPC845/drivers/fsl_sctimer.c.obj
 .bss.s_currentMatchhigh
                0x100000c8        0x4 CMakeFiles/new_project.elf.dir/94900b9fa7a42da2beff1ca5c7a5bb2b/sdks/03_servo_control_sdk/devices/LPC845/drivers/fsl_sctimer.c.obj
 .bss.s_sctimerIsr
                0x100000cc        0x4 CMakeFiles/new_project.elf.dir/94900b9fa7a42da2beff1ca5c7a5bb2b/sdks/03_servo_control_sdk/devices/LPC845/drivers/fsl_sctimer.c.obj
 .bss.heap_end.0
                0x100000d0        0x4 CMakeFiles/new_project.elf.dir/94900b9fa7a42da2beff1ca5c7a5bb2b/sdks/03_servo_control_sdk/devices/LPC845/utilities/fsl_sbrk.c.obj
 .bss.s_debugConsole
                0x100000d4       0x14 CMakeFiles/new_project.elf.dir/c9d57cc33d537b3e808697ba8326b01e/devices/LPC845/utilities/debug_console_lite/fsl_debug_console.c.obj
 .bss.__malloc_sbrk_start
                0x100000e8        0x4 C:/Users/ferna/.mcuxpressotools/arm-gnu-toolchain-13.2.Rel1-mingw-w64-i686-arm-none-eabi/bin/../lib/gcc/arm-none-eabi/13.2.1/thumb/v6-m/nofp\libc_nano.a(libc_a-mallocr.o)
                0x100000e8                __malloc_sbrk_start
 .bss.__malloc_free_list
                0x100000ec        0x4 C:/Users/ferna/.mcuxpressotools/arm-gnu-toolchain-13.2.Rel1-mingw-w64-i686-arm-none-eabi/bin/../lib/gcc/arm-none-eabi/13.2.1/thumb/v6-m/nofp\libc_nano.a(libc_a-mallocr.o)
                0x100000ec                __malloc_free_list
 .bss.__sf      0x100000f0      0x138 C:/Users/ferna/.mcuxpressotools/arm-gnu-toolchain-13.2.Rel1-mingw-w64-i686-arm-none-eabi/bin/../lib/gcc/arm-none-eabi/13.2.1/thumb/v6-m/nofp\libc_nano.a(libc_a-findfp.o)
                0x100000f0                __sf
 .bss.__stdio_exit_handler
                0x10000228        0x4 C:/Users/ferna/.mcuxpressotools/arm-gnu-toolchain-13.2.Rel1-mingw-w64-i686-arm-none-eabi/bin/../lib/gcc/arm-none-eabi/13.2.1/thumb/v6-m/nofp\libc_nano.a(libc_a-findfp.o)
                0x10000228                __stdio_exit_handler
 .bss.errno     0x1000022c        0x4 C:/Users/ferna/.mcuxpressotools/arm-gnu-toolchain-13.2.Rel1-mingw-w64-i686-arm-none-eabi/bin/../lib/gcc/arm-none-eabi/13.2.1/thumb/v6-m/nofp\libc_nano.a(libc_a-reent.o)
                0x1000022c                errno
 .bss.__lock___malloc_recursive_mutex
                0x10000230        0x1 C:/Users/ferna/.mcuxpressotools/arm-gnu-toolchain-13.2.Rel1-mingw-w64-i686-arm-none-eabi/bin/../lib/gcc/arm-none-eabi/13.2.1/thumb/v6-m/nofp\libc_nano.a(libc_a-lock.o)
                0x10000230                __lock___malloc_recursive_mutex
 .bss.__lock___sfp_recursive_mutex
                0x10000231        0x1 C:/Users/ferna/.mcuxpressotools/arm-gnu-toolchain-13.2.Rel1-mingw-w64-i686-arm-none-eabi/bin/../lib/gcc/arm-none-eabi/13.2.1/thumb/v6-m/nofp\libc_nano.a(libc_a-lock.o)
                0x10000231                __lock___sfp_recursive_mutex
 *(COMMON)
                0x10000234                        . = ALIGN (0x4)
 *fill*         0x10000232        0x2 
                0x10000234                        __bss_end__ = .
                0x10000234                        __END_BSS = .

.heap           0x10000234      0x404 load address 0x000046fc
                0x10000238                        . = ALIGN (0x8)
 *fill*         0x10000234        0x4 
                0x10000238                        __end__ = .
                0x10000238                        PROVIDE (end = .)
                0x10000238                        __HeapBase = .
                0x10000638                        . = (. + HEAP_SIZE)
 *fill*         0x10000238      0x400 
                0x10000638                        __HeapLimit = .
                0x10000638                        __heap_limit = .

.stack          0x10000638      0x800 load address 0x00004b00
                0x10000638                        . = ALIGN (0x8)
                0x10000e38                        . = (. + STACK_SIZE)
 *fill*         0x10000638      0x800 
                0x10003fe0                        __StackTop = (ORIGIN (m_data) + LENGTH (m_data))
                0x100037e0                        __StackLimit = (__StackTop - STACK_SIZE)
                0x10003fe0                        PROVIDE (__stack = __StackTop)

.ARM.attributes
                0x00000000       0x28
 *(.ARM.attributes)
 .ARM.attributes
                0x00000000       0x1e C:/Users/ferna/.mcuxpressotools/arm-gnu-toolchain-13.2.Rel1-mingw-w64-i686-arm-none-eabi/bin/../lib/gcc/arm-none-eabi/13.2.1/thumb/v6-m/nofp/crti.o
 .ARM.attributes
                0x0000001e       0x2c C:/Users/ferna/.mcuxpressotools/arm-gnu-toolchain-13.2.Rel1-mingw-w64-i686-arm-none-eabi/bin/../lib/gcc/arm-none-eabi/13.2.1/thumb/v6-m/nofp/crtbegin.o
 .ARM.attributes
                0x0000004a       0x1b C:/Users/ferna/.mcuxpressotools/arm-gnu-toolchain-13.2.Rel1-mingw-w64-i686-arm-none-eabi/bin/../lib/gcc/arm-none-eabi/13.2.1/thumb/v6-m/nofp/crt0.o
 .ARM.attributes
                0x00000065       0x2c CMakeFiles/new_project.elf.dir/cfc0be5d57a03a456ef472fd0b57cf51/Github/curso-lse/workspace_lpc845/03_servo_control/main.c.obj
 .ARM.attributes
                0x00000091       0x1b CMakeFiles/new_project.elf.dir/94900b9fa7a42da2beff1ca5c7a5bb2b/sdks/03_servo_control_sdk/devices/LPC845/gcc/startup_LPC845.S.obj
 .ARM.attributes
                0x000000ac       0x2c CMakeFiles/new_project.elf.dir/94900b9fa7a42da2beff1ca5c7a5bb2b/sdks/03_servo_control_sdk/devices/LPC845/system_LPC845.c.obj
 .ARM.attributes
                0x000000d8       0x2c CMakeFiles/new_project.elf.dir/94900b9fa7a42da2beff1ca5c7a5bb2b/sdks/03_servo_control_sdk/devices/LPC845/drivers/fsl_clock.c.obj
 .ARM.attributes
                0x00000104       0x2c CMakeFiles/new_project.elf.dir/94900b9fa7a42da2beff1ca5c7a5bb2b/sdks/03_servo_control_sdk/devices/LPC845/drivers/fsl_common_arm.c.obj
 .ARM.attributes
                0x00000130       0x2c CMakeFiles/new_project.elf.dir/94900b9fa7a42da2beff1ca5c7a5bb2b/sdks/03_servo_control_sdk/devices/LPC845/drivers/fsl_adc.c.obj
 .ARM.attributes
                0x0000015c       0x2c CMakeFiles/new_project.elf.dir/94900b9fa7a42da2beff1ca5c7a5bb2b/sdks/03_servo_control_sdk/devices/LPC845/drivers/fsl_usart.c.obj
 .ARM.attributes
                0x00000188       0x2c CMakeFiles/new_project.elf.dir/94900b9fa7a42da2beff1ca5c7a5bb2b/sdks/03_servo_control_sdk/devices/LPC845/drivers/fsl_reset.c.obj
 .ARM.attributes
                0x000001b4       0x2c CMakeFiles/new_project.elf.dir/94900b9fa7a42da2beff1ca5c7a5bb2b/sdks/03_servo_control_sdk/devices/LPC845/drivers/fsl_sctimer.c.obj
 .ARM.attributes
                0x000001e0       0x2c CMakeFiles/new_project.elf.dir/94900b9fa7a42da2beff1ca5c7a5bb2b/sdks/03_servo_control_sdk/devices/LPC845/drivers/fsl_swm.c.obj
 .ARM.attributes
                0x0000020c       0x2c CMakeFiles/new_project.elf.dir/94900b9fa7a42da2beff1ca5c7a5bb2b/sdks/03_servo_control_sdk/devices/LPC845/utilities/fsl_syscall_stub.c.obj
 .ARM.attributes
                0x00000238       0x2c CMakeFiles/new_project.elf.dir/94900b9fa7a42da2beff1ca5c7a5bb2b/sdks/03_servo_control_sdk/devices/LPC845/utilities/fsl_sbrk.c.obj
 .ARM.attributes
                0x00000264       0x2c CMakeFiles/new_project.elf.dir/c9d57cc33d537b3e808697ba8326b01e/devices/LPC845/utilities/debug_console_lite/fsl_assert.c.obj
 .ARM.attributes
                0x00000290       0x2c CMakeFiles/new_project.elf.dir/c9d57cc33d537b3e808697ba8326b01e/devices/LPC845/utilities/debug_console_lite/fsl_debug_console.c.obj
 .ARM.attributes
                0x000002bc       0x1e C:/Users/ferna/.mcuxpressotools/arm-gnu-toolchain-13.2.Rel1-mingw-w64-i686-arm-none-eabi/bin/../lib/gcc/arm-none-eabi/13.2.1/thumb/v6-m/nofp\libgcc.a(_udivsi3.o)
 .ARM.attributes
                0x000002da       0x1e C:/Users/ferna/.mcuxpressotools/arm-gnu-toolchain-13.2.Rel1-mingw-w64-i686-arm-none-eabi/bin/../lib/gcc/arm-none-eabi/13.2.1/thumb/v6-m/nofp\libgcc.a(_dvmd_tls.o)
 .ARM.attributes
                0x000002f8       0x1e C:/Users/ferna/.mcuxpressotools/arm-gnu-toolchain-13.2.Rel1-mingw-w64-i686-arm-none-eabi/bin/../lib/gcc/arm-none-eabi/13.2.1/thumb/v6-m/nofp\libgcc.a(_aeabi_uldivmod.o)
 .ARM.attributes
                0x00000316       0x2c C:/Users/ferna/.mcuxpressotools/arm-gnu-toolchain-13.2.Rel1-mingw-w64-i686-arm-none-eabi/bin/../lib/gcc/arm-none-eabi/13.2.1/thumb/v6-m/nofp\libgcc.a(_muldi3.o)
 .ARM.attributes
                0x00000342       0x2c C:/Users/ferna/.mcuxpressotools/arm-gnu-toolchain-13.2.Rel1-mingw-w64-i686-arm-none-eabi/bin/../lib/gcc/arm-none-eabi/13.2.1/thumb/v6-m/nofp\libgcc.a(_udivmoddi4.o)
 .ARM.attributes
                0x0000036e       0x1e C:/Users/ferna/.mcuxpressotools/arm-gnu-toolchain-13.2.Rel1-mingw-w64-i686-arm-none-eabi/bin/../lib/gcc/arm-none-eabi/13.2.1/thumb/v6-m/nofp\libgcc.a(_clzdi2.o)
 .ARM.attributes
                0x0000038c       0x1e C:/Users/ferna/.mcuxpressotools/arm-gnu-toolchain-13.2.Rel1-mingw-w64-i686-arm-none-eabi/bin/../lib/gcc/arm-none-eabi/13.2.1/thumb/v6-m/nofp\libgcc.a(_clzsi2.o)
 .ARM.attributes
                0x000003aa       0x2c C:/Users/ferna/.mcuxpressotools/arm-gnu-toolchain-13.2.Rel1-mingw-w64-i686-arm-none-eabi/bin/../lib/gcc/arm-none-eabi/13.2.1/thumb/v6-m/nofp\libc_nano.a(libc_a-exit.o)
 .ARM.attributes
                0x000003d6       0x2c C:/Users/ferna/.mcuxpressotools/arm-gnu-toolchain-13.2.Rel1-mingw-w64-i686-arm-none-eabi/bin/../lib/gcc/arm-none-eabi/13.2.1/thumb/v6-m/nofp\libc_nano.a(libc_a-mallocr.o)
 .ARM.attributes
                0x00000402       0x2c C:/Users/ferna/.mcuxpressotools/arm-gnu-toolchain-13.2.Rel1-mingw-w64-i686-arm-none-eabi/bin/../lib/gcc/arm-none-eabi/13.2.1/thumb/v6-m/nofp\libc_nano.a(libc_a-mlock.o)
 .ARM.attributes
                0x0000042e       0x2c C:/Users/ferna/.mcuxpressotools/arm-gnu-toolchain-13.2.Rel1-mingw-w64-i686-arm-none-eabi/bin/../lib/gcc/arm-none-eabi/13.2.1/thumb/v6-m/nofp\libc_nano.a(libc_a-findfp.o)
 .ARM.attributes
                0x0000045a       0x2c C:/Users/ferna/.mcuxpressotools/arm-gnu-toolchain-13.2.Rel1-mingw-w64-i686-arm-none-eabi/bin/../lib/gcc/arm-none-eabi/13.2.1/thumb/v6-m/nofp\libc_nano.a(libc_a-fwalk.o)
 .ARM.attributes
                0x00000486       0x2c C:/Users/ferna/.mcuxpressotools/arm-gnu-toolchain-13.2.Rel1-mingw-w64-i686-arm-none-eabi/bin/../lib/gcc/arm-none-eabi/13.2.1/thumb/v6-m/nofp\libc_nano.a(libc_a-printf.o)
 .ARM.attributes
                0x000004b2       0x2c C:/Users/ferna/.mcuxpressotools/arm-gnu-toolchain-13.2.Rel1-mingw-w64-i686-arm-none-eabi/bin/../lib/gcc/arm-none-eabi/13.2.1/thumb/v6-m/nofp\libc_nano.a(libc_a-stdio.o)
 .ARM.attributes
                0x000004de       0x2c C:/Users/ferna/.mcuxpressotools/arm-gnu-toolchain-13.2.Rel1-mingw-w64-i686-arm-none-eabi/bin/../lib/gcc/arm-none-eabi/13.2.1/thumb/v6-m/nofp\libc_nano.a(libc_a-memset.o)
 .ARM.attributes
                0x0000050a       0x2c C:/Users/ferna/.mcuxpressotools/arm-gnu-toolchain-13.2.Rel1-mingw-w64-i686-arm-none-eabi/bin/../lib/gcc/arm-none-eabi/13.2.1/thumb/v6-m/nofp\libc_nano.a(libc_a-closer.o)
 .ARM.attributes
                0x00000536       0x2c C:/Users/ferna/.mcuxpressotools/arm-gnu-toolchain-13.2.Rel1-mingw-w64-i686-arm-none-eabi/bin/../lib/gcc/arm-none-eabi/13.2.1/thumb/v6-m/nofp\libc_nano.a(libc_a-reent.o)
 .ARM.attributes
                0x00000562       0x2c C:/Users/ferna/.mcuxpressotools/arm-gnu-toolchain-13.2.Rel1-mingw-w64-i686-arm-none-eabi/bin/../lib/gcc/arm-none-eabi/13.2.1/thumb/v6-m/nofp\libc_nano.a(libc_a-impure.o)
 .ARM.attributes
                0x0000058e       0x2c C:/Users/ferna/.mcuxpressotools/arm-gnu-toolchain-13.2.Rel1-mingw-w64-i686-arm-none-eabi/bin/../lib/gcc/arm-none-eabi/13.2.1/thumb/v6-m/nofp\libc_nano.a(libc_a-lseekr.o)
 .ARM.attributes
                0x000005ba       0x2c C:/Users/ferna/.mcuxpressotools/arm-gnu-toolchain-13.2.Rel1-mingw-w64-i686-arm-none-eabi/bin/../lib/gcc/arm-none-eabi/13.2.1/thumb/v6-m/nofp\libc_nano.a(libc_a-readr.o)
 .ARM.attributes
                0x000005e6       0x2c C:/Users/ferna/.mcuxpressotools/arm-gnu-toolchain-13.2.Rel1-mingw-w64-i686-arm-none-eabi/bin/../lib/gcc/arm-none-eabi/13.2.1/thumb/v6-m/nofp\libc_nano.a(libc_a-sbrkr.o)
 .ARM.attributes
                0x00000612       0x2c C:/Users/ferna/.mcuxpressotools/arm-gnu-toolchain-13.2.Rel1-mingw-w64-i686-arm-none-eabi/bin/../lib/gcc/arm-none-eabi/13.2.1/thumb/v6-m/nofp\libc_nano.a(libc_a-writer.o)
 .ARM.attributes
                0x0000063e       0x2c C:/Users/ferna/.mcuxpressotools/arm-gnu-toolchain-13.2.Rel1-mingw-w64-i686-arm-none-eabi/bin/../lib/gcc/arm-none-eabi/13.2.1/thumb/v6-m/nofp\libc_nano.a(libc_a-errno.o)
 .ARM.attributes
                0x0000066a       0x2c C:/Users/ferna/.mcuxpressotools/arm-gnu-toolchain-13.2.Rel1-mingw-w64-i686-arm-none-eabi/bin/../lib/gcc/arm-none-eabi/13.2.1/thumb/v6-m/nofp\libc_nano.a(libc_a-init.o)
 .ARM.attributes
                0x00000696       0x2c C:/Users/ferna/.mcuxpressotools/arm-gnu-toolchain-13.2.Rel1-mingw-w64-i686-arm-none-eabi/bin/../lib/gcc/arm-none-eabi/13.2.1/thumb/v6-m/nofp\libc_nano.a(libc_a-lock.o)
 .ARM.attributes
                0x000006c2       0x2c C:/Users/ferna/.mcuxpressotools/arm-gnu-toolchain-13.2.Rel1-mingw-w64-i686-arm-none-eabi/bin/../lib/gcc/arm-none-eabi/13.2.1/thumb/v6-m/nofp\libc_nano.a(libc_a-memcpy-stub.o)
 .ARM.attributes
                0x000006ee       0x1c C:/Users/ferna/.mcuxpressotools/arm-gnu-toolchain-13.2.Rel1-mingw-w64-i686-arm-none-eabi/bin/../lib/gcc/arm-none-eabi/13.2.1/thumb/v6-m/nofp\libc_nano.a(libc_a-strlen.o)
 .ARM.attributes
                0x0000070a       0x2c C:/Users/ferna/.mcuxpressotools/arm-gnu-toolchain-13.2.Rel1-mingw-w64-i686-arm-none-eabi/bin/../lib/gcc/arm-none-eabi/13.2.1/thumb/v6-m/nofp\libc_nano.a(libc_a-freer.o)
 .ARM.attributes
                0x00000736       0x2c C:/Users/ferna/.mcuxpressotools/arm-gnu-toolchain-13.2.Rel1-mingw-w64-i686-arm-none-eabi/bin/../lib/gcc/arm-none-eabi/13.2.1/thumb/v6-m/nofp\libc_nano.a(libc_a-nano-vfprintf.o)
 .ARM.attributes
                0x00000762       0x2c C:/Users/ferna/.mcuxpressotools/arm-gnu-toolchain-13.2.Rel1-mingw-w64-i686-arm-none-eabi/bin/../lib/gcc/arm-none-eabi/13.2.1/thumb/v6-m/nofp\libc_nano.a(libc_a-nano-vfprintf_i.o)
 .ARM.attributes
                0x0000078e       0x2c C:/Users/ferna/.mcuxpressotools/arm-gnu-toolchain-13.2.Rel1-mingw-w64-i686-arm-none-eabi/bin/../lib/gcc/arm-none-eabi/13.2.1/thumb/v6-m/nofp\libc_nano.a(libc_a-fflush.o)
 .ARM.attributes
                0x000007ba       0x2c C:/Users/ferna/.mcuxpressotools/arm-gnu-toolchain-13.2.Rel1-mingw-w64-i686-arm-none-eabi/bin/../lib/gcc/arm-none-eabi/13.2.1/thumb/v6-m/nofp\libc_nano.a(libc_a-wbuf.o)
 .ARM.attributes
                0x000007e6       0x2c C:/Users/ferna/.mcuxpressotools/arm-gnu-toolchain-13.2.Rel1-mingw-w64-i686-arm-none-eabi/bin/../lib/gcc/arm-none-eabi/13.2.1/thumb/v6-m/nofp\libc_nano.a(libc_a-wsetup.o)
 .ARM.attributes
                0x00000812       0x2c C:/Users/ferna/.mcuxpressotools/arm-gnu-toolchain-13.2.Rel1-mingw-w64-i686-arm-none-eabi/bin/../lib/gcc/arm-none-eabi/13.2.1/thumb/v6-m/nofp\libc_nano.a(libc_a-memchr-stub.o)
 .ARM.attributes
                0x0000083e       0x2c C:/Users/ferna/.mcuxpressotools/arm-gnu-toolchain-13.2.Rel1-mingw-w64-i686-arm-none-eabi/bin/../lib/gcc/arm-none-eabi/13.2.1/thumb/v6-m/nofp\libc_nano.a(libc_a-makebuf.o)
 .ARM.attributes
                0x0000086a       0x2c C:/Users/ferna/.mcuxpressotools/arm-gnu-toolchain-13.2.Rel1-mingw-w64-i686-arm-none-eabi/bin/../lib/gcc/arm-none-eabi/13.2.1/thumb/v6-m/nofp\libc_nano.a(libc_a-fstatr.o)
 .ARM.attributes
                0x00000896       0x2c C:/Users/ferna/.mcuxpressotools/arm-gnu-toolchain-13.2.Rel1-mingw-w64-i686-arm-none-eabi/bin/../lib/gcc/arm-none-eabi/13.2.1/thumb/v6-m/nofp\libc_nano.a(libc_a-isattyr.o)
 .ARM.attributes
                0x000008c2       0x2c C:/Users/ferna/.mcuxpressotools/arm-gnu-toolchain-13.2.Rel1-mingw-w64-i686-arm-none-eabi/bin/../lib/gcc/arm-none-eabi/13.2.1/../../../../arm-none-eabi/lib/thumb/v6-m/nofp\libcr_newlib_nohost.a(_exit.o)
 .ARM.attributes
                0x000008ee       0x1e C:/Users/ferna/.mcuxpressotools/arm-gnu-toolchain-13.2.Rel1-mingw-w64-i686-arm-none-eabi/bin/../lib/gcc/arm-none-eabi/13.2.1/thumb/v6-m/nofp\libgcc.a(_thumb1_case_shi.o)
 .ARM.attributes
                0x0000090c       0x2c C:/Users/ferna/.mcuxpressotools/arm-gnu-toolchain-13.2.Rel1-mingw-w64-i686-arm-none-eabi/bin/../lib/gcc/arm-none-eabi/13.2.1/thumb/v6-m/nofp/crtend.o
 .ARM.attributes
                0x00000938       0x1e C:/Users/ferna/.mcuxpressotools/arm-gnu-toolchain-13.2.Rel1-mingw-w64-i686-arm-none-eabi/bin/../lib/gcc/arm-none-eabi/13.2.1/thumb/v6-m/nofp/crtn.o
                0x00000001                        ASSERT ((__StackLimit >= __HeapLimit), region m_data overflowed with stack and heap)
OUTPUT(new_project.elf elf32-littlearm)
LOAD linker stubs

.debug_line_str
                0x00000000      0x38c
 .debug_line_str
                0x00000000      0x38c C:/Users/ferna/.mcuxpressotools/arm-gnu-toolchain-13.2.Rel1-mingw-w64-i686-arm-none-eabi/bin/../lib/gcc/arm-none-eabi/13.2.1/thumb/v6-m/nofp/crt0.o
                                 0xd2 (size before relaxing)
 .debug_line_str
                0x0000038c       0xfe CMakeFiles/new_project.elf.dir/94900b9fa7a42da2beff1ca5c7a5bb2b/sdks/03_servo_control_sdk/devices/LPC845/gcc/startup_LPC845.S.obj
 .debug_line_str
                0x0000038c       0xc9 C:/Users/ferna/.mcuxpressotools/arm-gnu-toolchain-13.2.Rel1-mingw-w64-i686-arm-none-eabi/bin/../lib/gcc/arm-none-eabi/13.2.1/thumb/v6-m/nofp\libgcc.a(_udivsi3.o)
 .debug_line_str
                0x0000038c       0xc9 C:/Users/ferna/.mcuxpressotools/arm-gnu-toolchain-13.2.Rel1-mingw-w64-i686-arm-none-eabi/bin/../lib/gcc/arm-none-eabi/13.2.1/thumb/v6-m/nofp\libgcc.a(_dvmd_tls.o)
 .debug_line_str
                0x0000038c       0xc9 C:/Users/ferna/.mcuxpressotools/arm-gnu-toolchain-13.2.Rel1-mingw-w64-i686-arm-none-eabi/bin/../lib/gcc/arm-none-eabi/13.2.1/thumb/v6-m/nofp\libgcc.a(_aeabi_uldivmod.o)
 .debug_line_str
                0x0000038c       0xc9 C:/Users/ferna/.mcuxpressotools/arm-gnu-toolchain-13.2.Rel1-mingw-w64-i686-arm-none-eabi/bin/../lib/gcc/arm-none-eabi/13.2.1/thumb/v6-m/nofp\libgcc.a(_clzdi2.o)
 .debug_line_str
                0x0000038c       0xc9 C:/Users/ferna/.mcuxpressotools/arm-gnu-toolchain-13.2.Rel1-mingw-w64-i686-arm-none-eabi/bin/../lib/gcc/arm-none-eabi/13.2.1/thumb/v6-m/nofp\libgcc.a(_clzsi2.o)
 .debug_line_str
                0x0000038c       0xe7 C:/Users/ferna/.mcuxpressotools/arm-gnu-toolchain-13.2.Rel1-mingw-w64-i686-arm-none-eabi/bin/../lib/gcc/arm-none-eabi/13.2.1/thumb/v6-m/nofp\libc_nano.a(libc_a-strlen.o)
 .debug_line_str
                0x0000038c       0xc9 C:/Users/ferna/.mcuxpressotools/arm-gnu-toolchain-13.2.Rel1-mingw-w64-i686-arm-none-eabi/bin/../lib/gcc/arm-none-eabi/13.2.1/thumb/v6-m/nofp\libgcc.a(_thumb1_case_shi.o)

.debug_info     0x00000000     0xaa09
 .debug_info    0x00000000     0x1b7c CMakeFiles/new_project.elf.dir/cfc0be5d57a03a456ef472fd0b57cf51/Github/curso-lse/workspace_lpc845/03_servo_control/main.c.obj
 .debug_info    0x00001b7c      0x37b CMakeFiles/new_project.elf.dir/94900b9fa7a42da2beff1ca5c7a5bb2b/sdks/03_servo_control_sdk/devices/LPC845/gcc/startup_LPC845.S.obj
 .debug_info    0x00001ef7      0x60e CMakeFiles/new_project.elf.dir/94900b9fa7a42da2beff1ca5c7a5bb2b/sdks/03_servo_control_sdk/devices/LPC845/system_LPC845.c.obj
 .debug_info    0x00002505     0x12f9 CMakeFiles/new_project.elf.dir/94900b9fa7a42da2beff1ca5c7a5bb2b/sdks/03_servo_control_sdk/devices/LPC845/drivers/fsl_clock.c.obj
 .debug_info    0x000037fe      0x157 CMakeFiles/new_project.elf.dir/94900b9fa7a42da2beff1ca5c7a5bb2b/sdks/03_servo_control_sdk/devices/LPC845/drivers/fsl_common_arm.c.obj
 .debug_info    0x00003955     0x1238 CMakeFiles/new_project.elf.dir/94900b9fa7a42da2beff1ca5c7a5bb2b/sdks/03_servo_control_sdk/devices/LPC845/drivers/fsl_adc.c.obj
 .debug_info    0x00004b8d     0x1dce CMakeFiles/new_project.elf.dir/94900b9fa7a42da2beff1ca5c7a5bb2b/sdks/03_servo_control_sdk/devices/LPC845/drivers/fsl_usart.c.obj
 .debug_info    0x0000695b      0x719 CMakeFiles/new_project.elf.dir/94900b9fa7a42da2beff1ca5c7a5bb2b/sdks/03_servo_control_sdk/devices/LPC845/drivers/fsl_reset.c.obj
 .debug_info    0x00007074     0x1d80 CMakeFiles/new_project.elf.dir/94900b9fa7a42da2beff1ca5c7a5bb2b/sdks/03_servo_control_sdk/devices/LPC845/drivers/fsl_sctimer.c.obj
 .debug_info    0x00008df4      0x76a CMakeFiles/new_project.elf.dir/94900b9fa7a42da2beff1ca5c7a5bb2b/sdks/03_servo_control_sdk/devices/LPC845/drivers/fsl_swm.c.obj
 .debug_info    0x0000955e      0x4eb CMakeFiles/new_project.elf.dir/94900b9fa7a42da2beff1ca5c7a5bb2b/sdks/03_servo_control_sdk/devices/LPC845/utilities/fsl_syscall_stub.c.obj
 .debug_info    0x00009a49      0x124 CMakeFiles/new_project.elf.dir/94900b9fa7a42da2beff1ca5c7a5bb2b/sdks/03_servo_control_sdk/devices/LPC845/utilities/fsl_sbrk.c.obj
 .debug_info    0x00009b6d      0x126 CMakeFiles/new_project.elf.dir/c9d57cc33d537b3e808697ba8326b01e/devices/LPC845/utilities/debug_console_lite/fsl_assert.c.obj
 .debug_info    0x00009c93      0xcd3 CMakeFiles/new_project.elf.dir/c9d57cc33d537b3e808697ba8326b01e/devices/LPC845/utilities/debug_console_lite/fsl_debug_console.c.obj
 .debug_info    0x0000a966       0xa3 C:/Users/ferna/.mcuxpressotools/arm-gnu-toolchain-13.2.Rel1-mingw-w64-i686-arm-none-eabi/bin/../lib/gcc/arm-none-eabi/13.2.1/../../../../arm-none-eabi/lib/thumb/v6-m/nofp\libcr_newlib_nohost.a(_exit.o)

.debug_abbrev   0x00000000     0x1b1f
 .debug_abbrev  0x00000000      0x359 CMakeFiles/new_project.elf.dir/cfc0be5d57a03a456ef472fd0b57cf51/Github/curso-lse/workspace_lpc845/03_servo_control/main.c.obj
 .debug_abbrev  0x00000359       0x26 CMakeFiles/new_project.elf.dir/94900b9fa7a42da2beff1ca5c7a5bb2b/sdks/03_servo_control_sdk/devices/LPC845/gcc/startup_LPC845.S.obj
 .debug_abbrev  0x0000037f      0x16b CMakeFiles/new_project.elf.dir/94900b9fa7a42da2beff1ca5c7a5bb2b/sdks/03_servo_control_sdk/devices/LPC845/system_LPC845.c.obj
 .debug_abbrev  0x000004ea      0x343 CMakeFiles/new_project.elf.dir/94900b9fa7a42da2beff1ca5c7a5bb2b/sdks/03_servo_control_sdk/devices/LPC845/drivers/fsl_clock.c.obj
 .debug_abbrev  0x0000082d       0xdc CMakeFiles/new_project.elf.dir/94900b9fa7a42da2beff1ca5c7a5bb2b/sdks/03_servo_control_sdk/devices/LPC845/drivers/fsl_common_arm.c.obj
 .debug_abbrev  0x00000909      0x2c3 CMakeFiles/new_project.elf.dir/94900b9fa7a42da2beff1ca5c7a5bb2b/sdks/03_servo_control_sdk/devices/LPC845/drivers/fsl_adc.c.obj
 .debug_abbrev  0x00000bcc      0x38f CMakeFiles/new_project.elf.dir/94900b9fa7a42da2beff1ca5c7a5bb2b/sdks/03_servo_control_sdk/devices/LPC845/drivers/fsl_usart.c.obj
 .debug_abbrev  0x00000f5b      0x153 CMakeFiles/new_project.elf.dir/94900b9fa7a42da2beff1ca5c7a5bb2b/sdks/03_servo_control_sdk/devices/LPC845/drivers/fsl_reset.c.obj
 .debug_abbrev  0x000010ae      0x3bb CMakeFiles/new_project.elf.dir/94900b9fa7a42da2beff1ca5c7a5bb2b/sdks/03_servo_control_sdk/devices/LPC845/drivers/fsl_sctimer.c.obj
 .debug_abbrev  0x00001469      0x180 CMakeFiles/new_project.elf.dir/94900b9fa7a42da2beff1ca5c7a5bb2b/sdks/03_servo_control_sdk/devices/LPC845/drivers/fsl_swm.c.obj
 .debug_abbrev  0x000015e9      0x10d CMakeFiles/new_project.elf.dir/94900b9fa7a42da2beff1ca5c7a5bb2b/sdks/03_servo_control_sdk/devices/LPC845/utilities/fsl_syscall_stub.c.obj
 .debug_abbrev  0x000016f6       0xd8 CMakeFiles/new_project.elf.dir/94900b9fa7a42da2beff1ca5c7a5bb2b/sdks/03_servo_control_sdk/devices/LPC845/utilities/fsl_sbrk.c.obj
 .debug_abbrev  0x000017ce       0xa8 CMakeFiles/new_project.elf.dir/c9d57cc33d537b3e808697ba8326b01e/devices/LPC845/utilities/debug_console_lite/fsl_assert.c.obj
 .debug_abbrev  0x00001876      0x242 CMakeFiles/new_project.elf.dir/c9d57cc33d537b3e808697ba8326b01e/devices/LPC845/utilities/debug_console_lite/fsl_debug_console.c.obj
 .debug_abbrev  0x00001ab8       0x67 C:/Users/ferna/.mcuxpressotools/arm-gnu-toolchain-13.2.Rel1-mingw-w64-i686-arm-none-eabi/bin/../lib/gcc/arm-none-eabi/13.2.1/../../../../arm-none-eabi/lib/thumb/v6-m/nofp\libcr_newlib_nohost.a(_exit.o)

.debug_aranges  0x00000000      0x608
 .debug_aranges
                0x00000000       0x68 CMakeFiles/new_project.elf.dir/cfc0be5d57a03a456ef472fd0b57cf51/Github/curso-lse/workspace_lpc845/03_servo_control/main.c.obj
 .debug_aranges
                0x00000068       0x20 CMakeFiles/new_project.elf.dir/94900b9fa7a42da2beff1ca5c7a5bb2b/sdks/03_servo_control_sdk/devices/LPC845/gcc/startup_LPC845.S.obj
 .debug_aranges
                0x00000088       0x30 CMakeFiles/new_project.elf.dir/94900b9fa7a42da2beff1ca5c7a5bb2b/sdks/03_servo_control_sdk/devices/LPC845/system_LPC845.c.obj
 .debug_aranges
                0x000000b8      0x108 CMakeFiles/new_project.elf.dir/94900b9fa7a42da2beff1ca5c7a5bb2b/sdks/03_servo_control_sdk/devices/LPC845/drivers/fsl_clock.c.obj
 .debug_aranges
                0x000001c0       0x28 CMakeFiles/new_project.elf.dir/94900b9fa7a42da2beff1ca5c7a5bb2b/sdks/03_servo_control_sdk/devices/LPC845/drivers/fsl_common_arm.c.obj
 .debug_aranges
                0x000001e8       0x80 CMakeFiles/new_project.elf.dir/94900b9fa7a42da2beff1ca5c7a5bb2b/sdks/03_servo_control_sdk/devices/LPC845/drivers/fsl_adc.c.obj
 .debug_aranges
                0x00000268      0x128 CMakeFiles/new_project.elf.dir/94900b9fa7a42da2beff1ca5c7a5bb2b/sdks/03_servo_control_sdk/devices/LPC845/drivers/fsl_usart.c.obj
 .debug_aranges
                0x00000390       0x30 CMakeFiles/new_project.elf.dir/94900b9fa7a42da2beff1ca5c7a5bb2b/sdks/03_servo_control_sdk/devices/LPC845/drivers/fsl_reset.c.obj
 .debug_aranges
                0x000003c0       0xc8 CMakeFiles/new_project.elf.dir/94900b9fa7a42da2beff1ca5c7a5bb2b/sdks/03_servo_control_sdk/devices/LPC845/drivers/fsl_sctimer.c.obj
 .debug_aranges
                0x00000488       0x28 CMakeFiles/new_project.elf.dir/94900b9fa7a42da2beff1ca5c7a5bb2b/sdks/03_servo_control_sdk/devices/LPC845/drivers/fsl_swm.c.obj
 .debug_aranges
                0x000004b0       0x78 CMakeFiles/new_project.elf.dir/94900b9fa7a42da2beff1ca5c7a5bb2b/sdks/03_servo_control_sdk/devices/LPC845/utilities/fsl_syscall_stub.c.obj
 .debug_aranges
                0x00000528       0x20 CMakeFiles/new_project.elf.dir/94900b9fa7a42da2beff1ca5c7a5bb2b/sdks/03_servo_control_sdk/devices/LPC845/utilities/fsl_sbrk.c.obj
 .debug_aranges
                0x00000548       0x28 CMakeFiles/new_project.elf.dir/c9d57cc33d537b3e808697ba8326b01e/devices/LPC845/utilities/debug_console_lite/fsl_assert.c.obj
 .debug_aranges
                0x00000570       0x78 CMakeFiles/new_project.elf.dir/c9d57cc33d537b3e808697ba8326b01e/devices/LPC845/utilities/debug_console_lite/fsl_debug_console.c.obj
 .debug_aranges
                0x000005e8       0x20 C:/Users/ferna/.mcuxpressotools/arm-gnu-toolchain-13.2.Rel1-mingw-w64-i686-arm-none-eabi/bin/../lib/gcc/arm-none-eabi/13.2.1/../../../../arm-none-eabi/lib/thumb/v6-m/nofp\libcr_newlib_nohost.a(_exit.o)

.debug_rnglists
                0x00000000      0x440
 .debug_rnglists
                0x00000000       0x4b CMakeFiles/new_project.elf.dir/cfc0be5d57a03a456ef472fd0b57cf51/Github/curso-lse/workspace_lpc845/03_servo_control/main.c.obj
 .debug_rnglists
                0x0000004b       0x20 CMakeFiles/new_project.elf.dir/94900b9fa7a42da2beff1ca5c7a5bb2b/sdks/03_servo_control_sdk/devices/LPC845/system_LPC845.c.obj
 .debug_rnglists
                0x0000006b       0xc9 CMakeFiles/new_project.elf.dir/94900b9fa7a42da2beff1ca5c7a5bb2b/sdks/03_servo_control_sdk/devices/LPC845/drivers/fsl_clock.c.obj
 .debug_rnglists
                0x00000134       0x1a CMakeFiles/new_project.elf.dir/94900b9fa7a42da2beff1ca5c7a5bb2b/sdks/03_servo_control_sdk/devices/LPC845/drivers/fsl_common_arm.c.obj
 .debug_rnglists
                0x0000014e       0x62 CMakeFiles/new_project.elf.dir/94900b9fa7a42da2beff1ca5c7a5bb2b/sdks/03_servo_control_sdk/devices/LPC845/drivers/fsl_adc.c.obj
 .debug_rnglists
                0x000001b0       0xe2 CMakeFiles/new_project.elf.dir/94900b9fa7a42da2beff1ca5c7a5bb2b/sdks/03_servo_control_sdk/devices/LPC845/drivers/fsl_usart.c.obj
 .debug_rnglists
                0x00000292       0x1f CMakeFiles/new_project.elf.dir/94900b9fa7a42da2beff1ca5c7a5bb2b/sdks/03_servo_control_sdk/devices/LPC845/drivers/fsl_reset.c.obj
 .debug_rnglists
                0x000002b1       0x9a CMakeFiles/new_project.elf.dir/94900b9fa7a42da2beff1ca5c7a5bb2b/sdks/03_servo_control_sdk/devices/LPC845/drivers/fsl_sctimer.c.obj
 .debug_rnglists
                0x0000034b       0x1b CMakeFiles/new_project.elf.dir/94900b9fa7a42da2beff1ca5c7a5bb2b/sdks/03_servo_control_sdk/devices/LPC845/drivers/fsl_swm.c.obj
 .debug_rnglists
                0x00000366       0x55 CMakeFiles/new_project.elf.dir/94900b9fa7a42da2beff1ca5c7a5bb2b/sdks/03_servo_control_sdk/devices/LPC845/utilities/fsl_syscall_stub.c.obj
 .debug_rnglists
                0x000003bb       0x13 CMakeFiles/new_project.elf.dir/94900b9fa7a42da2beff1ca5c7a5bb2b/sdks/03_servo_control_sdk/devices/LPC845/utilities/fsl_sbrk.c.obj
 .debug_rnglists
                0x000003ce       0x19 CMakeFiles/new_project.elf.dir/c9d57cc33d537b3e808697ba8326b01e/devices/LPC845/utilities/debug_console_lite/fsl_assert.c.obj
 .debug_rnglists
                0x000003e7       0x59 CMakeFiles/new_project.elf.dir/c9d57cc33d537b3e808697ba8326b01e/devices/LPC845/utilities/debug_console_lite/fsl_debug_console.c.obj

.debug_line     0x00000000     0x53c0
 .debug_line    0x00000000      0x6d1 CMakeFiles/new_project.elf.dir/cfc0be5d57a03a456ef472fd0b57cf51/Github/curso-lse/workspace_lpc845/03_servo_control/main.c.obj
 .debug_line    0x000006d1      0x136 CMakeFiles/new_project.elf.dir/94900b9fa7a42da2beff1ca5c7a5bb2b/sdks/03_servo_control_sdk/devices/LPC845/gcc/startup_LPC845.S.obj
 .debug_line    0x00000807      0x48a CMakeFiles/new_project.elf.dir/94900b9fa7a42da2beff1ca5c7a5bb2b/sdks/03_servo_control_sdk/devices/LPC845/system_LPC845.c.obj
 .debug_line    0x00000c91      0xad8 CMakeFiles/new_project.elf.dir/94900b9fa7a42da2beff1ca5c7a5bb2b/sdks/03_servo_control_sdk/devices/LPC845/drivers/fsl_clock.c.obj
 .debug_line    0x00001769      0x28b CMakeFiles/new_project.elf.dir/94900b9fa7a42da2beff1ca5c7a5bb2b/sdks/03_servo_control_sdk/devices/LPC845/drivers/fsl_common_arm.c.obj
 .debug_line    0x000019f4      0x723 CMakeFiles/new_project.elf.dir/94900b9fa7a42da2beff1ca5c7a5bb2b/sdks/03_servo_control_sdk/devices/LPC845/drivers/fsl_adc.c.obj
 .debug_line    0x00002117      0xea2 CMakeFiles/new_project.elf.dir/94900b9fa7a42da2beff1ca5c7a5bb2b/sdks/03_servo_control_sdk/devices/LPC845/drivers/fsl_usart.c.obj
 .debug_line    0x00002fb9      0x365 CMakeFiles/new_project.elf.dir/94900b9fa7a42da2beff1ca5c7a5bb2b/sdks/03_servo_control_sdk/devices/LPC845/drivers/fsl_reset.c.obj
 .debug_line    0x0000331e      0xbed CMakeFiles/new_project.elf.dir/94900b9fa7a42da2beff1ca5c7a5bb2b/sdks/03_servo_control_sdk/devices/LPC845/drivers/fsl_sctimer.c.obj
 .debug_line    0x00003f0b      0x38f CMakeFiles/new_project.elf.dir/94900b9fa7a42da2beff1ca5c7a5bb2b/sdks/03_servo_control_sdk/devices/LPC845/drivers/fsl_swm.c.obj
 .debug_line    0x0000429a      0x393 CMakeFiles/new_project.elf.dir/94900b9fa7a42da2beff1ca5c7a5bb2b/sdks/03_servo_control_sdk/devices/LPC845/utilities/fsl_syscall_stub.c.obj
 .debug_line    0x0000462d      0x297 CMakeFiles/new_project.elf.dir/94900b9fa7a42da2beff1ca5c7a5bb2b/sdks/03_servo_control_sdk/devices/LPC845/utilities/fsl_sbrk.c.obj
 .debug_line    0x000048c4      0x189 CMakeFiles/new_project.elf.dir/c9d57cc33d537b3e808697ba8326b01e/devices/LPC845/utilities/debug_console_lite/fsl_assert.c.obj
 .debug_line    0x00004a4d      0x92f CMakeFiles/new_project.elf.dir/c9d57cc33d537b3e808697ba8326b01e/devices/LPC845/utilities/debug_console_lite/fsl_debug_console.c.obj
 .debug_line    0x0000537c       0x44 C:/Users/ferna/.mcuxpressotools/arm-gnu-toolchain-13.2.Rel1-mingw-w64-i686-arm-none-eabi/bin/../lib/gcc/arm-none-eabi/13.2.1/../../../../arm-none-eabi/lib/thumb/v6-m/nofp\libcr_newlib_nohost.a(_exit.o)

.debug_str      0x00000000     0x6445
 .debug_str     0x00000000     0x6445 CMakeFiles/new_project.elf.dir/cfc0be5d57a03a456ef472fd0b57cf51/Github/curso-lse/workspace_lpc845/03_servo_control/main.c.obj
                               0x1d7d (size before relaxing)
 .debug_str     0x00006445      0x6de CMakeFiles/new_project.elf.dir/94900b9fa7a42da2beff1ca5c7a5bb2b/sdks/03_servo_control_sdk/devices/LPC845/gcc/startup_LPC845.S.obj
 .debug_str     0x00006445      0x5ee CMakeFiles/new_project.elf.dir/94900b9fa7a42da2beff1ca5c7a5bb2b/sdks/03_servo_control_sdk/devices/LPC845/system_LPC845.c.obj
 .debug_str     0x00006445     0x18a1 CMakeFiles/new_project.elf.dir/94900b9fa7a42da2beff1ca5c7a5bb2b/sdks/03_servo_control_sdk/devices/LPC845/drivers/fsl_clock.c.obj
 .debug_str     0x00006445      0x2d5 CMakeFiles/new_project.elf.dir/94900b9fa7a42da2beff1ca5c7a5bb2b/sdks/03_servo_control_sdk/devices/LPC845/drivers/fsl_common_arm.c.obj
 .debug_str     0x00006445     0x1a99 CMakeFiles/new_project.elf.dir/94900b9fa7a42da2beff1ca5c7a5bb2b/sdks/03_servo_control_sdk/devices/LPC845/drivers/fsl_adc.c.obj
 .debug_str     0x00006445     0x24b4 CMakeFiles/new_project.elf.dir/94900b9fa7a42da2beff1ca5c7a5bb2b/sdks/03_servo_control_sdk/devices/LPC845/drivers/fsl_usart.c.obj
 .debug_str     0x00006445      0x8d0 CMakeFiles/new_project.elf.dir/94900b9fa7a42da2beff1ca5c7a5bb2b/sdks/03_servo_control_sdk/devices/LPC845/drivers/fsl_reset.c.obj
 .debug_str     0x00006445     0x245d CMakeFiles/new_project.elf.dir/94900b9fa7a42da2beff1ca5c7a5bb2b/sdks/03_servo_control_sdk/devices/LPC845/drivers/fsl_sctimer.c.obj