Archive member included to satisfy reference by file (symbol)

C:/Users/ferna/.mcuxpressotools/arm-gnu-toolchain-13.2.Rel1-mingw-w64-i686-arm-none-eabi/bin/../lib/gcc/arm-none-eabi/13.2.1/thumb/v6-m/nofp\libgcc.a(_udivsi3.o)
                              CMakeFiles/new_project.elf.dir/cfc0be5d57a03a456ef472fd0b57cf51/Github/curso-lse/workspace_lpc845/02_sine_wave_generator/main.c.obj (__aeabi_uidiv)
C:/Users/ferna/.mcuxpressotools/arm-gnu-toolchain-13.2.Rel1-mingw-w64-i686-arm-none-eabi/bin/../lib/gcc/arm-none-eabi/13.2.1/thumb/v6-m/nofp\libgcc.a(_dvmd_tls.o)
                              C:/Users/ferna/.mcuxpressotools/arm-gnu-toolchain-13.2.Rel1-mingw-w64-i686-arm-none-eabi/bin/../lib/gcc/arm-none-eabi/13.2.1/thumb/v6-m/nofp\libgcc.a(_udivsi3.o) (__aeabi_idiv0)
C:/Users/ferna/.mcuxpressotools/arm-gnu-toolchain-13.2.Rel1-mingw-w64-i686-arm-none-eabi/bin/../lib/gcc/arm-none-eabi/13.2.1/thumb/v6-m/nofp\libgcc.a(_aeabi_uldivmod.o)
                              CMakeFiles/new_project.elf.dir/f0397750622087b14d4307cf41ad30a4/02_sine_wave_generator_sdk/devices/LPC845/drivers/fsl_clock.c.obj (__aeabi_uldivmod)
C:/Users/ferna/.mcuxpressotools/arm-gnu-toolchain-13.2.Rel1-mingw-w64-i686-arm-none-eabi/bin/../lib/gcc/arm-none-eabi/13.2.1/thumb/v6-m/nofp\libgcc.a(_muldi3.o)
                              CMakeFiles/new_project.elf.dir/d140e27bb708da73371c4c0861bc7ad9/devices/LPC845/drivers/fsl_common_arm.c.obj (__aeabi_lmul)
C:/Users/ferna/.mcuxpressotools/arm-gnu-toolchain-13.2.Rel1-mingw-w64-i686-arm-none-eabi/bin/../lib/gcc/arm-none-eabi/13.2.1/thumb/v6-m/nofp\libgcc.a(_udivmoddi4.o)
                              C:/Users/ferna/.mcuxpressotools/arm-gnu-toolchain-13.2.Rel1-mingw-w64-i686-arm-none-eabi/bin/../lib/gcc/arm-none-eabi/13.2.1/thumb/v6-m/nofp\libgcc.a(_aeabi_uldivmod.o) (__udivmoddi4)
C:/Users/ferna/.mcuxpressotools/arm-gnu-toolchain-13.2.Rel1-mingw-w64-i686-arm-none-eabi/bin/../lib/gcc/arm-none-eabi/13.2.1/thumb/v6-m/nofp\libgcc.a(_clzdi2.o)
                              C:/Users/ferna/.mcuxpressotools/arm-gnu-toolchain-13.2.Rel1-mingw-w64-i686-arm-none-eabi/bin/../lib/gcc/arm-none-eabi/13.2.1/thumb/v6-m/nofp\libgcc.a(_udivmoddi4.o) (__clzdi2)
C:/Users/ferna/.mcuxpressotools/arm-gnu-toolchain-13.2.Rel1-mingw-w64-i686-arm-none-eabi/bin/../lib/gcc/arm-none-eabi/13.2.1/thumb/v6-m/nofp\libgcc.a(_clzsi2.o)
                              C:/Users/ferna/.mcuxpressotools/arm-gnu-toolchain-13.2.Rel1-mingw-w64-i686-arm-none-eabi/bin/../lib/gcc/arm-none-eabi/13.2.1/thumb/v6-m/nofp\libgcc.a(_clzdi2.o) (__clzsi2)
C:/Users/ferna/.mcuxpressotools/arm-gnu-toolchain-13.2.Rel1-mingw-w64-i686-arm-none-eabi/bin/../lib/gcc/arm-none-eabi/13.2.1/thumb/v6-m/nofp\libc_nano.a(libc_a-exit.o)
                              C:/Users/ferna/.mcuxpressotools/arm-gnu-toolchain-13.2.Rel1-mingw-w64-i686-arm-none-eabi/bin/../lib/gcc/arm-none-eabi/13.2.1/thumb/v6-m/nofp/crt0.o (exit)
C:/Users/ferna/.mcuxpressotools/arm-gnu-toolchain-13.2.Rel1-mingw-w64-i686-arm-none-eabi/bin/../lib/gcc/arm-none-eabi/13.2.1/thumb/v6-m/nofp\libc_nano.a(libc_a-malloc.o)
                              CMakeFiles/new_project.elf.dir/f0397750622087b14d4307cf41ad30a4/02_sine_wave_generator_sdk/devices/LPC845/drivers/fsl_common.c.obj (malloc)
C:/Users/ferna/.mcuxpressotools/arm-gnu-toolchain-13.2.Rel1-mingw-w64-i686-arm-none-eabi/bin/../lib/gcc/arm-none-eabi/13.2.1/thumb/v6-m/nofp\libc_nano.a(libc_a-mallocr.o)
                              C:/Users/ferna/.mcuxpressotools/arm-gnu-toolchain-13.2.Rel1-mingw-w64-i686-arm-none-eabi/bin/../lib/gcc/arm-none-eabi/13.2.1/thumb/v6-m/nofp\libc_nano.a(libc_a-malloc.o) (_malloc_r)
C:/Users/ferna/.mcuxpressotools/arm-gnu-toolchain-13.2.Rel1-mingw-w64-i686-arm-none-eabi/bin/../lib/gcc/arm-none-eabi/13.2.1/thumb/v6-m/nofp\libc_nano.a(libc_a-mlock.o)
                              C:/Users/ferna/.mcuxpressotools/arm-gnu-toolchain-13.2.Rel1-mingw-w64-i686-arm-none-eabi/bin/../lib/gcc/arm-none-eabi/13.2.1/thumb/v6-m/nofp\libc_nano.a(libc_a-mallocr.o) (__malloc_lock)
C:/Users/ferna/.mcuxpressotools/arm-gnu-toolchain-13.2.Rel1-mingw-w64-i686-arm-none-eabi/bin/../lib/gcc/arm-none-eabi/13.2.1/thumb/v6-m/nofp\libc_nano.a(libc_a-strtoul.o)
                              CMakeFiles/new_project.elf.dir/d140e27bb708da73371c4c0861bc7ad9/devices/LPC845/utilities/str/fsl_str.c.obj (strtoul)
C:/Users/ferna/.mcuxpressotools/arm-gnu-toolchain-13.2.Rel1-mingw-w64-i686-arm-none-eabi/bin/../lib/gcc/arm-none-eabi/13.2.1/thumb/v6-m/nofp\libc_nano.a(libc_a-ctype_.o)
                              C:/Users/ferna/.mcuxpressotools/arm-gnu-toolchain-13.2.Rel1-mingw-w64-i686-arm-none-eabi/bin/../lib/gcc/arm-none-eabi/13.2.1/thumb/v6-m/nofp\libc_nano.a(libc_a-strtoul.o) (_ctype_)
C:/Users/ferna/.mcuxpressotools/arm-gnu-toolchain-13.2.Rel1-mingw-w64-i686-arm-none-eabi/bin/../lib/gcc/arm-none-eabi/13.2.1/thumb/v6-m/nofp\libc_nano.a(libc_a-findfp.o)
[...]
Memory Configuration

Name             Origin             Length             Attributes
m_interrupts     0x00000000         0x00000200         xr
m_crp            0x000002fc         0x00000004         xr
m_text           0x00000300         0x0000fd00         xr
m_data           0x10000000         0x00003fe0         rw
*default*        0x00000000         0xffffffff

Linker script and memory map

LOAD C:/Users/ferna/.mcuxpressotools/arm-gnu-toolchain-13.2.Rel1-mingw-w64-i686-arm-none-eabi/bin/../lib/gcc/arm-none-eabi/13.2.1/thumb/v6-m/nofp/crti.o
LOAD C:/Users/ferna/.mcuxpressotools/arm-gnu-toolchain-13.2.Rel1-mingw-w64-i686-arm-none-eabi/bin/../lib/gcc/arm-none-eabi/13.2.1/thumb/v6-m/nofp/crtbegin.o
LOAD C:/Users/ferna/.mcuxpressotools/arm-gnu-toolchain-13.2.Rel1-mingw-w64-i686-arm-none-eabi/bin/../lib/gcc/arm-none-eabi/13.2.1/thumb/v6-m/nofp/crt0.o
LOAD CMakeFiles/new_project.elf.dir/cfc0be5d57a03a456ef472fd0b57cf51/Github/curso-lse/workspace_lpc845/02_sine_wave_generator/main.c.obj
LOAD CMakeFiles/new_project.elf.dir/32b9bc56fcabf81ff5c14abd870238f9/curso-lse/workspace_lpc845/02_sine_wave_generator/peripherals.c.obj
LOAD CMakeFiles/new_project.elf.dir/32b9bc56fcabf81ff5c14abd870238f9/curso-lse/workspace_lpc845/02_sine_wave_generator/pin_mux.c.obj
LOAD CMakeFiles/new_project.elf.dir/32b9bc56fcabf81ff5c14abd870238f9/curso-lse/workspace_lpc845/02_sine_wave_generator/board.c.obj
LOAD CMakeFiles/new_project.elf.dir/491c1c9fbd9a2c4c166687999dcdec6c/workspace_lpc845/02_sine_wave_generator/clock_config.c.obj
LOAD CMakeFiles/new_project.elf.dir/491c1c9fbd9a2c4c166687999dcdec6c/workspace_lpc845/02_sine_wave_generator/hardware_init.c.obj
LOAD CMakeFiles/new_project.elf.dir/f0397750622087b14d4307cf41ad30a4/02_sine_wave_generator_sdk/devices/LPC845/drivers/fsl_dac.c.obj
LOAD CMakeFiles/new_project.elf.dir/d140e27bb708da73371c4c0861bc7ad9/components/uart/fsl_adapter_miniusart.c.obj
LOAD CMakeFiles/new_project.elf.dir/f0397750622087b14d4307cf41ad30a4/02_sine_wave_generator_sdk/devices/LPC845/gcc/startup_LPC845.S.obj
LOAD CMakeFiles/new_project.elf.dir/94900b9fa7a42da2beff1ca5c7a5bb2b/sdks/02_sine_wave_generator_sdk/devices/LPC845/system_LPC845.c.obj
LOAD CMakeFiles/new_project.elf.dir/f0397750622087b14d4307cf41ad30a4/02_sine_wave_generator_sdk/devices/LPC845/drivers/fsl_clock.c.obj
LOAD CMakeFiles/new_project.elf.dir/f0397750622087b14d4307cf41ad30a4/02_sine_wave_generator_sdk/devices/LPC845/drivers/fsl_common.c.obj
LOAD CMakeFiles/new_project.elf.dir/d140e27bb708da73371c4c0861bc7ad9/devices/LPC845/drivers/fsl_common_arm.c.obj
LOAD CMakeFiles/new_project.elf.dir/d140e27bb708da73371c4c0861bc7ad9/devices/LPC845/drivers/fsl_inputmux.c.obj
LOAD CMakeFiles/new_project.elf.dir/f0397750622087b14d4307cf41ad30a4/02_sine_wave_generator_sdk/devices/LPC845/drivers/fsl_adc.c.obj
LOAD CMakeFiles/new_project.elf.dir/f0397750622087b14d4307cf41ad30a4/02_sine_wave_generator_sdk/devices/LPC845/drivers/fsl_gpio.c.obj
LOAD CMakeFiles/new_project.elf.dir/f0397750622087b14d4307cf41ad30a4/02_sine_wave_generator_sdk/devices/LPC845/drivers/fsl_usart.c.obj
LOAD CMakeFiles/new_project.elf.dir/f0397750622087b14d4307cf41ad30a4/02_sine_wave_generator_sdk/devices/LPC845/drivers/fsl_power.c.obj
LOAD CMakeFiles/new_project.elf.dir/f0397750622087b14d4307cf41ad30a4/02_sine_wave_generator_sdk/devices/LPC845/drivers/fsl_reset.c.obj
LOAD CMakeFiles/new_project.elf.dir/f0397750622087b14d4307cf41ad30a4/02_sine_wave_generator_sdk/devices/LPC845/drivers/fsl_swm.c.obj
LOAD CMakeFiles/new_project.elf.dir/f0397750622087b14d4307cf41ad30a4/02_sine_wave_generator_sdk/devices/LPC845/drivers/fsl_syscon.c.obj
LOAD CMakeFiles/new_project.elf.dir/d140e27bb708da73371c4c0861bc7ad9/devices/LPC845/utilities/fsl_syscall_stub.c.obj
LOAD CMakeFiles/new_project.elf.dir/f0397750622087b14d4307cf41ad30a4/02_sine_wave_generator_sdk/devices/LPC845/utilities/fsl_sbrk.c.obj
LOAD CMakeFiles/new_project.elf.dir/d140e27bb708da73371c4c0861bc7ad9/devices/LPC845/utilities/debug_console_lite/fsl_assert.c.obj
LOAD CMakeFiles/new_project.elf.dir/d140e27bb708da73371c4c0861bc7ad9/devices/LPC845/utilities/debug_console_lite/fsl_debug_console.c.obj
LOAD CMakeFiles/new_project.elf.dir/d140e27bb708da73371c4c0861bc7ad9/devices/LPC845/utilities/str/fsl_str.c.obj
START GROUP
LOAD C:/Users/ferna/.mcuxpressotools/arm-gnu-toolchain-13.2.Rel1-mingw-w64-i686-arm-none-eabi/bin/../lib/gcc/arm-none-eabi/13.2.1/thumb/v6-m/nofp\libgcc.a
LOAD C:/Users/ferna/.mcuxpressotools/arm-gnu-toolchain-13.2.Rel1-mingw-w64-i686-arm-none-eabi/bin/../lib/gcc/arm-none-eabi/13.2.1/thumb/v6-m/nofp\libc_nano.a
LOAD C:/Users/ferna/.mcuxpressotools/arm-gnu-toolchain-13.2.Rel1-mingw-w64-i686-arm-none-eabi/bin/../lib/gcc/arm-none-eabi/13.2.1/thumb/v6-m/nofp\libm.a
LOAD C:/Users/ferna/.mcuxpressotools/arm-gnu-toolchain-13.2.Rel1-mingw-w64-i686-arm-none-eabi/bin/../lib/gcc/arm-none-eabi/13.2.1/../../../../arm-none-eabi/lib/thumb/v6-m/nofp\libcr_newlib_nohost.a
END GROUP
START GROUP
LOAD C:/Users/ferna/.mcuxpressotools/arm-gnu-toolchain-13.2.Rel1-mingw-w64-i686-arm-none-eabi/bin/../lib/gcc/arm-none-eabi/13.2.1/thumb/v6-m/nofp\libgcc.a
LOAD C:/Users/ferna/.mcuxpressotools/arm-gnu-toolchain-13.2.Rel1-mingw-w64-i686-arm-none-eabi/bin/../lib/gcc/arm-none-eabi/13.2.1/thumb/v6-m/nofp\libg_nano.a
LOAD C:/Users/ferna/.mcuxpressotools/arm-gnu-toolchain-13.2.Rel1-mingw-w64-i686-arm-none-eabi/bin/../lib/gcc/arm-none-eabi/13.2.1/thumb/v6-m/nofp\libc_nano.a
END GROUP
START GROUP
LOAD C:/Users/ferna/.mcuxpressotools/arm-gnu-toolchain-13.2.Rel1-mingw-w64-i686-arm-none-eabi/bin/../lib/gcc/arm-none-eabi/13.2.1/thumb/v6-m/nofp\libgcc.a
LOAD C:/Users/ferna/.mcuxpressotools/arm-gnu-toolchain-13.2.Rel1-mingw-w64-i686-arm-none-eabi/bin/../lib/gcc/arm-none-eabi/13.2.1/thumb/v6-m/nofp\libc_nano.a
LOAD C:/Users/ferna/.mcuxpressotools/arm-gnu-toolchain-13.2.Rel1-mingw-w64-i686-arm-none-eabi/bin/../lib/gcc/arm-none-eabi/13.2.1/thumb/v6-m/nofp\libnosys.a
END GROUP
START GROUP
LOAD C:/Users/ferna/.mcuxpressotools/arm-gnu-toolchain-13.2.Rel1-mingw-w64-i686-arm-none-eabi/bin/../lib/gcc/arm-none-eabi/13.2.1/thumb/v6-m/nofp\libgcc.a
LOAD C:/Users/ferna/.mcuxpressotools/arm-gnu-toolchain-13.2.Rel1-mingw-w64-i686-arm-none-eabi/bin/../lib/gcc/arm-none-eabi/13.2.1/thumb/v6-m/nofp\libc_nano.a
LOAD C:/Users/ferna/.mcuxpressotools/arm-gnu-toolchain-13.2.Rel1-mingw-w64-i686-arm-none-eabi/bin/../lib/gcc/arm-none-eabi/13.2.1/thumb/v6-m/nofp\libnosys.a
END GROUP
LOAD C:/Users/ferna/.mcuxpressotools/arm-gnu-toolchain-13.2.Rel1-mingw-w64-i686-arm-none-eabi/bin/../lib/gcc/arm-none-eabi/13.2.1/thumb/v6-m/nofp/crtend.o
LOAD C:/Users/ferna/.mcuxpressotools/arm-gnu-toolchain-13.2.Rel1-mingw-w64-i686-arm-none-eabi/bin/../lib/gcc/arm-none-eabi/13.2.1/thumb/v6-m/nofp/crtn.o
                0x00000400                        HEAP_SIZE = DEFINED (__heap_size__)?__heap_size__:0x400
                0x00000800                        STACK_SIZE = DEFINED (__stack_size__)?__stack_size__:0x800
                0xefffb4f9                        __valid_user_code_checksum = (0x0 - ((((__StackTop + Reset_Handler) + NMI_Handler) + HardFault_Handler) + 0x3))

.interrupts     0x00000000       0xc0
                0x00000000                        . = ALIGN (0x4)
 *(.isr_vector)
 .isr_vector    0x00000000       0xc0 CMakeFiles/new_project.elf.dir/f0397750622087b14d4307cf41ad30a4/02_sine_wave_generator_sdk/devices/LPC845/gcc/startup_LPC845.S.obj
                0x00000000                __Vectors
                0x000000c0                        . = ALIGN (0x4)

.crp            0x000002fc        0x4
                0x000002fc                        . = ALIGN (0x4)
 *(.crp)
 .crp           0x000002fc        0x4 CMakeFiles/new_project.elf.dir/f0397750622087b14d4307cf41ad30a4/02_sine_wave_generator_sdk/devices/LPC845/gcc/startup_LPC845.S.obj
                0x00000300                        . = ALIGN (0x4)

.text           0x00000300     0x14d4
                0x00000300                        . = ALIGN (0x4)
 *(.text)
 .text          0x00000300       0x80 C:/Users/ferna/.mcuxpressotools/arm-gnu-toolchain-13.2.Rel1-mingw-w64-i686-arm-none-eabi/bin/../lib/gcc/arm-none-eabi/13.2.1/thumb/v6-m/nofp/crt0.o
                0x00000300                _stack_init
                0x0000030c                _start
                0x0000030c                _mainCRTStartup
 .text          0x00000380      0x17c CMakeFiles/new_project.elf.dir/f0397750622087b14d4307cf41ad30a4/02_sine_wave_generator_sdk/devices/LPC845/gcc/startup_LPC845.S.obj
                0x00000380                Reset_Handler
                0x000003cc                ADC0_OVR_DriverIRQHandler
                0x000003cc                SCT0_DriverIRQHandler
                0x000003cc                DMA0_DriverIRQHandler
                0x000003cc                BOD_DriverIRQHandler
                0x000003cc                DefaultISR
                0x000003cc                SPI1_DriverIRQHandler
                0x000003cc                I2C0_DriverIRQHandler
                0x000003cc                I2C1_DriverIRQHandler
                0x000003cc                ADC0_THCMP_DriverIRQHandler
                0x000003cc                PIN_INT1_DriverIRQHandler
                0x000003cc                I2C3_DriverIRQHandler
                0x000003cc                WDT_DriverIRQHandler
                0x000003cc                PIN_INT3_DriverIRQHandler
                0x000003cc                PIN_INT5_DAC1_DriverIRQHandler
                0x000003cc                PIN_INT2_DriverIRQHandler
                0x000003cc                CTIMER0_DriverIRQHandler
                0x000003cc                I2C2_DriverIRQHandler
                0x000003cc                PIN_INT0_DriverIRQHandler
                0x000003cc                ADC0_SEQB_DriverIRQHandler
                0x000003cc                FLASH_DriverIRQHandler
                0x000003cc                CMP_CAPT_DriverIRQHandler
                0x000003cc                Reserved22_DriverIRQHandler
                0x000003cc                WKT_DriverIRQHandler
                0x000003cc                DAC0_DriverIRQHandler
                0x000003cc                MRT0_DriverIRQHandler
                0x000003cc                PIN_INT4_DriverIRQHandler
                0x000003cc                SPI0_DriverIRQHandler
                0x000003cc                ADC0_SEQA_DriverIRQHandler
                0x000003d0                NMI_Handler
                0x000003d4                HardFault_Handler
                0x000003d8                SVC_Handler
                0x000003dc                PendSV_Handler
                0x000003e4                SPI0_IRQHandler
                0x000003e8                SPI1_IRQHandler
                0x000003ec                DAC0_IRQHandler
                0x000003f0                USART0_IRQHandler
                0x000003f4                USART1_IRQHandler
                0x000003f8                USART2_IRQHandler
                0x000003fc                Reserved22_IRQHandler
                0x00000400                I2C1_IRQHandler
                0x00000404                I2C0_IRQHandler
                0x00000408                SCT0_IRQHandler
                0x0000040c                MRT0_IRQHandler
                0x00000410                CMP_CAPT_IRQHandler
                0x00000414                WDT_IRQHandler
                0x00000418                BOD_IRQHandler
                0x0000041c                FLASH_IRQHandler
                0x00000420                WKT_IRQHandler
                0x00000424                ADC0_SEQA_IRQHandler
                0x00000428                ADC0_SEQB_IRQHandler
                0x0000042c                ADC0_THCMP_IRQHandler
                0x00000430                ADC0_OVR_IRQHandler
                0x00000434                DMA0_IRQHandler
                0x00000438                I2C2_IRQHandler
                0x0000043c                I2C3_IRQHandler
                0x00000440                CTIMER0_IRQHandler
                0x00000444                PIN_INT0_IRQHandler
                0x00000448                PIN_INT1_IRQHandler
                0x0000044c                PIN_INT2_IRQHandler
                0x00000450                PIN_INT3_IRQHandler
                0x00000454                PIN_INT4_IRQHandler
                0x00000458                PIN_INT5_DAC1_IRQHandler
                0x0000045c                PIN_INT6_USART3_IRQHandler
                0x00000460                PIN_INT7_USART4_IRQHandler
 .text          0x000004fc      0x114 C:/Users/ferna/.mcuxpressotools/arm-gnu-toolchain-13.2.Rel1-mingw-w64-i686-arm-none-eabi/bin/../lib/gcc/arm-none-eabi/13.2.1/thumb/v6-m/nofp\libgcc.a(_udivsi3.o)
                0x000004fc                __aeabi_uidiv
                0x000004fc                __udivsi3
                0x00000608                __aeabi_uidivmod
 .text          0x00000610        0x4 C:/Users/ferna/.mcuxpressotools/arm-gnu-toolchain-13.2.Rel1-mingw-w64-i686-arm-none-eabi/bin/../lib/gcc/arm-none-eabi/13.2.1/thumb/v6-m/nofp\libgcc.a(_dvmd_tls.o)
                0x00000610                __aeabi_idiv0
                0x00000610                __aeabi_ldiv0
 .text          0x00000614        0xe C:/Users/ferna/.mcuxpressotools/arm-gnu-toolchain-13.2.Rel1-mingw-w64-i686-arm-none-eabi/bin/../lib/gcc/arm-none-eabi/13.2.1/thumb/v6-m/nofp\libc_nano.a(libc_a-strlen.o)
                0x00000614                strlen
 *(.text*)
 *fill*         0x00000622        0x2 
 .text.deregister_tm_clones
                0x00000624       0x20 C:/Users/ferna/.mcuxpressotools/arm-gnu-toolchain-13.2.Rel1-mingw-w64-i686-arm-none-eabi/bin/../lib/gcc/arm-none-eabi/13.2.1/thumb/v6-m/nofp/crtbegin.o
 .text.register_tm_clones
                0x00000644       0x28 C:/Users/ferna/.mcuxpressotools/arm-gnu-toolchain-13.2.Rel1-mingw-w64-i686-arm-none-eabi/bin/../lib/gcc/arm-none-eabi/13.2.1/thumb/v6-m/nofp/crtbegin.o
 .text.__do_global_dtors_aux
                0x0000066c       0x2c C:/Users/ferna/.mcuxpressotools/arm-gnu-toolchain-13.2.Rel1-mingw-w64-i686-arm-none-eabi/bin/../lib/gcc/arm-none-eabi/13.2.1/thumb/v6-m/nofp/crtbegin.o
 .text.frame_dummy
                0x00000698       0x24 C:/Users/ferna/.mcuxpressotools/arm-gnu-toolchain-13.2.Rel1-mingw-w64-i686-arm-none-eabi/bin/../lib/gcc/arm-none-eabi/13.2.1/thumb/v6-m/nofp/crtbegin.o
 .text.__NVIC_SetPriority
                0x000006bc       0xdc CMakeFiles/new_project.elf.dir/cfc0be5d57a03a456ef472fd0b57cf51/Github/curso-lse/workspace_lpc845/02_sine_wave_generator/main.c.obj
 .text.SysTick_Config
                0x00000798       0x48 CMakeFiles/new_project.elf.dir/cfc0be5d57a03a456ef472fd0b57cf51/Github/curso-lse/workspace_lpc845/02_sine_wave_generator/main.c.obj
 .text.CLOCK_EnableClock
                0x000007e0       0x54 CMakeFiles/new_project.elf.dir/cfc0be5d57a03a456ef472fd0b57cf51/Github/curso-lse/workspace_lpc845/02_sine_wave_generator/main.c.obj
 .text.CLOCK_DisableClock
                0x00000834       0x58 CMakeFiles/new_project.elf.dir/cfc0be5d57a03a456ef472fd0b57cf51/Github/curso-lse/workspace_lpc845/02_sine_wave_generator/main.c.obj
 .text.POWER_DisablePD
                0x0000088c       0x2c CMakeFiles/new_project.elf.dir/cfc0be5d57a03a456ef472fd0b57cf51/Github/curso-lse/workspace_lpc845/02_sine_wave_generator/main.c.obj
 .text.IOCON_PinMuxSet
                0x000008b8       0x26 CMakeFiles/new_project.elf.dir/cfc0be5d57a03a456ef472fd0b57cf51/Github/curso-lse/workspace_lpc845/02_sine_wave_generator/main.c.obj
 *fill*         0x000008de        0x2 
 .text.main     0x000008e0       0x90 CMakeFiles/new_project.elf.dir/cfc0be5d57a03a456ef472fd0b57cf51/Github/curso-lse/workspace_lpc845/02_sine_wave_generator/main.c.obj
                0x000008e0                main
 .text.SysTick_Handler
                0x00000970       0x4c CMakeFiles/new_project.elf.dir/cfc0be5d57a03a456ef472fd0b57cf51/Github/curso-lse/workspace_lpc845/02_sine_wave_generator/main.c.obj
                0x00000970                SysTick_Handler
 .text.CLOCK_EnableClock
                0x000009bc       0x54 CMakeFiles/new_project.elf.dir/f0397750622087b14d4307cf41ad30a4/02_sine_wave_generator_sdk/devices/LPC845/drivers/fsl_dac.c.obj
 .text.DAC_GetInstance
                0x00000a10       0x58 CMakeFiles/new_project.elf.dir/f0397750622087b14d4307cf41ad30a4/02_sine_wave_generator_sdk/devices/LPC845/drivers/fsl_dac.c.obj
 .text.DAC_Init
                0x00000a68       0x8c CMakeFiles/new_project.elf.dir/f0397750622087b14d4307cf41ad30a4/02_sine_wave_generator_sdk/devices/LPC845/drivers/fsl_dac.c.obj
                0x00000a68                DAC_Init
 .text.DAC_SetBufferValue
                0x00000af4       0x50 CMakeFiles/new_project.elf.dir/f0397750622087b14d4307cf41ad30a4/02_sine_wave_generator_sdk/devices/LPC845/drivers/fsl_dac.c.obj
                0x00000af4                DAC_SetBufferValue
 .text.SystemInit
                0x00000b44       0x2c CMakeFiles/new_project.elf.dir/94900b9fa7a42da2beff1ca5c7a5bb2b/sdks/02_sine_wave_generator_sdk/devices/LPC845/system_LPC845.c.obj
                0x00000b44                SystemInit
 .text.SystemInitHook
                0x00000b70        0xa CMakeFiles/new_project.elf.dir/94900b9fa7a42da2beff1ca5c7a5bb2b/sdks/02_sine_wave_generator_sdk/devices/LPC845/system_LPC845.c.obj
                0x00000b70                SystemInitHook
 *fill*         0x00000b7a        0x2 
 .text.USART0_DriverIRQHandler
                0x00000b7c       0x24 CMakeFiles/new_project.elf.dir/f0397750622087b14d4307cf41ad30a4/02_sine_wave_generator_sdk/devices/LPC845/drivers/fsl_usart.c.obj
                0x00000b7c                USART0_DriverIRQHandler
 .text.USART1_DriverIRQHandler
                0x00000ba0       0x24 CMakeFiles/new_project.elf.dir/f0397750622087b14d4307cf41ad30a4/02_sine_wave_generator_sdk/devices/LPC845/drivers/fsl_usart.c.obj
                0x00000ba0                USART1_DriverIRQHandler
 .text.USART2_DriverIRQHandler
                0x00000bc4       0x24 CMakeFiles/new_project.elf.dir/f0397750622087b14d4307cf41ad30a4/02_sine_wave_generator_sdk/devices/LPC845/drivers/fsl_usart.c.obj
                0x00000bc4                USART2_DriverIRQHandler
 .text.PIN_INT6_USART3_DriverIRQHandler
                0x00000be8       0x24 CMakeFiles/new_project.elf.dir/f0397750622087b14d4307cf41ad30a4/02_sine_wave_generator_sdk/devices/LPC845/drivers/fsl_usart.c.obj
                0x00000be8                PIN_INT6_USART3_DriverIRQHandler
 .text.PIN_INT7_USART4_DriverIRQHandler
                0x00000c0c       0x24 CMakeFiles/new_project.elf.dir/f0397750622087b14d4307cf41ad30a4/02_sine_wave_generator_sdk/devices/LPC845/drivers/fsl_usart.c.obj
                0x00000c0c                PIN_INT7_USART4_DriverIRQHandler
 .text.RESET_SetPeripheralReset
                0x00000c30       0x7c CMakeFiles/new_project.elf.dir/f0397750622087b14d4307cf41ad30a4/02_sine_wave_generator_sdk/devices/LPC845/drivers/fsl_reset.c.obj
                0x00000c30                RESET_SetPeripheralReset
 .text.RESET_ClearPeripheralReset
                0x00000cac       0x78 CMakeFiles/new_project.elf.dir/f0397750622087b14d4307cf41ad30a4/02_sine_wave_generator_sdk/devices/LPC845/drivers/fsl_reset.c.obj
                0x00000cac                RESET_ClearPeripheralReset
 .text.RESET_PeripheralReset
                0x00000d24       0x20 CMakeFiles/new_project.elf.dir/f0397750622087b14d4307cf41ad30a4/02_sine_wave_generator_sdk/devices/LPC845/drivers/fsl_reset.c.obj
                0x00000d24                RESET_PeripheralReset
 .text.SWM_SetFixedPinSelect
                0x00000d44       0xac CMakeFiles/new_project.elf.dir/f0397750622087b14d4307cf41ad30a4/02_sine_wave_generator_sdk/devices/LPC845/drivers/fsl_swm.c.obj
                0x00000d44                SWM_SetFixedPinSelect
 .text.fsl_assert_hook
                0x00000df0       0x16 CMakeFiles/new_project.elf.dir/d140e27bb708da73371c4c0861bc7ad9/devices/LPC845/utilities/debug_console_lite/fsl_assert.c.obj
                0x00000df0                fsl_assert_hook
 *fill*         0x00000e06        0x2 
 .text.__assert_func
                0x00000e08       0x34 CMakeFiles/new_project.elf.dir/d140e27bb708da73371c4c0861bc7ad9/devices/LPC845/utilities/debug_console_lite/fsl_assert.c.obj
                0x00000e08                __assert_func
 .text.DbgConsole_Printf
                0x00000e3c       0x32 CMakeFiles/new_project.elf.dir/d140e27bb708da73371c4c0861bc7ad9/devices/LPC845/utilities/debug_console_lite/fsl_debug_console.c.obj
                0x00000e3c                DbgConsole_Printf
 *fill*         0x00000e6e        0x2 
 .text.DbgConsole_Vprintf
                0x00000e70       0x40 CMakeFiles/new_project.elf.dir/d140e27bb708da73371c4c0861bc7ad9/devices/LPC845/utilities/debug_console_lite/fsl_debug_console.c.obj
                0x00000e70                DbgConsole_Vprintf
 .text.DbgConsole_Putchar
                0x00000eb0       0x30 CMakeFiles/new_project.elf.dir/d140e27bb708da73371c4c0861bc7ad9/devices/LPC845/utilities/debug_console_lite/fsl_debug_console.c.obj
                0x00000eb0                DbgConsole_Putchar
 .text.DbgConsole_PrintfPaddingCharacter
                0x00000ee0       0x48 CMakeFiles/new_project.elf.dir/d140e27bb708da73371c4c0861bc7ad9/devices/LPC845/utilities/debug_console_lite/fsl_debug_console.c.obj
 .text.DbgConsole_ConvertRadixNumToString
                0x00000f28       0xc2 CMakeFiles/new_project.elf.dir/d140e27bb708da73371c4c0861bc7ad9/devices/LPC845/utilities/debug_console_lite/fsl_debug_console.c.obj
 .text.DbgConsole_PrintfFormattedData
                0x00000fea      0x3da CMakeFiles/new_project.elf.dir/d140e27bb708da73371c4c0861bc7ad9/devices/LPC845/utilities/debug_console_lite/fsl_debug_console.c.obj
 .text.exit     0x000013c4       0x28 C:/Users/ferna/.mcuxpressotools/arm-gnu-toolchain-13.2.Rel1-mingw-w64-i686-arm-none-eabi/bin/../lib/gcc/arm-none-eabi/13.2.1/thumb/v6-m/nofp\libc_nano.a(libc_a-exit.o)
                0x000013c4                exit
 .text.memset   0x000013ec       0x10 C:/Users/ferna/.mcuxpressotools/arm-gnu-toolchain-13.2.Rel1-mingw-w64-i686-arm-none-eabi/bin/../lib/gcc/arm-none-eabi/13.2.1/thumb/v6-m/nofp\libc_nano.a(libc_a-memset.o)
                0x000013ec                memset
 .text.__libc_init_array
                0x000013fc       0x48 C:/Users/ferna/.mcuxpressotools/arm-gnu-toolchain-13.2.Rel1-mingw-w64-i686-arm-none-eabi/bin/../lib/gcc/arm-none-eabi/13.2.1/thumb/v6-m/nofp\libc_nano.a(libc_a-init.o)
                0x000013fc                __libc_init_array
 .text.memcpy   0x00001444       0x12 C:/Users/ferna/.mcuxpressotools/arm-gnu-toolchain-13.2.Rel1-mingw-w64-i686-arm-none-eabi/bin/../lib/gcc/arm-none-eabi/13.2.1/thumb/v6-m/nofp\libc_nano.a(libc_a-memcpy-stub.o)
                0x00001444                memcpy
 .text._exit    0x00001456        0x2 C:/Users/ferna/.mcuxpressotools/arm-gnu-toolchain-13.2.Rel1-mingw-w64-i686-arm-none-eabi/bin/../lib/gcc/arm-none-eabi/13.2.1/../../../../arm-none-eabi/lib/thumb/v6-m/nofp\libcr_newlib_nohost.a(_exit.o)
                0x00001456                _exit
 *(.rodata)
 .rodata        0x00001458       0xe7 CMakeFiles/new_project.elf.dir/f0397750622087b14d4307cf41ad30a4/02_sine_wave_generator_sdk/devices/LPC845/drivers/fsl_dac.c.obj
 *fill*         0x0000153f        0x1 
 .rodata        0x00001540       0xa4 CMakeFiles/new_project.elf.dir/f0397750622087b14d4307cf41ad30a4/02_sine_wave_generator_sdk/devices/LPC845/drivers/fsl_reset.c.obj
 .rodata        0x000015e4       0xc2 CMakeFiles/new_project.elf.dir/f0397750622087b14d4307cf41ad30a4/02_sine_wave_generator_sdk/devices/LPC845/drivers/fsl_swm.c.obj
 *fill*         0x000016a6        0x2 
 .rodata        0x000016a8       0x3e CMakeFiles/new_project.elf.dir/d140e27bb708da73371c4c0861bc7ad9/devices/LPC845/utilities/debug_console_lite/fsl_assert.c.obj
 *(.rodata*)
 *fill*         0x000016e6        0x2 
 .rodata.values
                0x000016e8       0x40 CMakeFiles/new_project.elf.dir/cfc0be5d57a03a456ef472fd0b57cf51/Github/curso-lse/workspace_lpc845/02_sine_wave_generator/main.c.obj
                0x000016e8                values
 .rodata.s_dacBases
                0x00001728        0x8 CMakeFiles/new_project.elf.dir/f0397750622087b14d4307cf41ad30a4/02_sine_wave_generator_sdk/devices/LPC845/drivers/fsl_dac.c.obj
 .rodata.s_dacClocks
                0x00001730        0x4 CMakeFiles/new_project.elf.dir/f0397750622087b14d4307cf41ad30a4/02_sine_wave_generator_sdk/devices/LPC845/drivers/fsl_dac.c.obj
 .rodata.s_dacResets
                0x00001734        0x8 CMakeFiles/new_project.elf.dir/f0397750622087b14d4307cf41ad30a4/02_sine_wave_generator_sdk/devices/LPC845/drivers/fsl_dac.c.obj
 .rodata.__func__.4
                0x0000173c       0x10 CMakeFiles/new_project.elf.dir/f0397750622087b14d4307cf41ad30a4/02_sine_wave_generator_sdk/devices/LPC845/drivers/fsl_dac.c.obj
 .rodata.__func__.3
                0x0000174c        0x9 CMakeFiles/new_project.elf.dir/f0397750622087b14d4307cf41ad30a4/02_sine_wave_generator_sdk/devices/LPC845/drivers/fsl_dac.c.obj
 *fill*         0x00001755        0x3 
 .rodata.__func__.1
                0x00001758       0x13 CMakeFiles/new_project.elf.dir/f0397750622087b14d4307cf41ad30a4/02_sine_wave_generator_sdk/devices/LPC845/drivers/fsl_dac.c.obj
 *fill*         0x0000176b        0x1 
 .rodata.__func__.1
                0x0000176c       0x19 CMakeFiles/new_project.elf.dir/f0397750622087b14d4307cf41ad30a4/02_sine_wave_generator_sdk/devices/LPC845/drivers/fsl_reset.c.obj
 *fill*         0x00001785        0x3 
 .rodata.__func__.0
                0x00001788       0x1b CMakeFiles/new_project.elf.dir/f0397750622087b14d4307cf41ad30a4/02_sine_wave_generator_sdk/devices/LPC845/drivers/fsl_reset.c.obj
 *fill*         0x000017a3        0x1 
 .rodata.__func__.0
                0x000017a4       0x16 CMakeFiles/new_project.elf.dir/f0397750622087b14d4307cf41ad30a4/02_sine_wave_generator_sdk/devices/LPC845/drivers/fsl_swm.c.obj
 *(.glue_7)
 .glue_7        0x000017ba        0x0 linker stubs
 *(.glue_7t)
 .glue_7t       0x000017ba        0x0 linker stubs
 *(.eh_frame)
 *fill*         0x000017ba        0x2 
 .eh_frame      0x000017bc        0x0 C:/Users/ferna/.mcuxpressotools/arm-gnu-toolchain-13.2.Rel1-mingw-w64-i686-arm-none-eabi/bin/../lib/gcc/arm-none-eabi/13.2.1/thumb/v6-m/nofp/crtbegin.o
 *(.init)
 .init          0x000017bc        0x4 C:/Users/ferna/.mcuxpressotools/arm-gnu-toolchain-13.2.Rel1-mingw-w64-i686-arm-none-eabi/bin/../lib/gcc/arm-none-eabi/13.2.1/thumb/v6-m/nofp/crti.o
                0x000017bc                _init
 .init          0x000017c0        0x8 C:/Users/ferna/.mcuxpressotools/arm-gnu-toolchain-13.2.Rel1-mingw-w64-i686-arm-none-eabi/bin/../lib/gcc/arm-none-eabi/13.2.1/thumb/v6-m/nofp/crtn.o
 *(.fini)
 .fini          0x000017c8        0x4 C:/Users/ferna/.mcuxpressotools/arm-gnu-toolchain-13.2.Rel1-mingw-w64-i686-arm-none-eabi/bin/../lib/gcc/arm-none-eabi/13.2.1/thumb/v6-m/nofp/crti.o
                0x000017c8                _fini
 .fini          0x000017cc        0x8 C:/Users/ferna/.mcuxpressotools/arm-gnu-toolchain-13.2.Rel1-mingw-w64-i686-arm-none-eabi/bin/../lib/gcc/arm-none-eabi/13.2.1/thumb/v6-m/nofp/crtn.o
                0x000017d4                        . = ALIGN (0x4)

.vfp11_veneer   0x000017d4        0x0
 .vfp11_veneer  0x000017d4        0x0 linker stubs

.v4_bx          0x000017d4        0x0
 .v4_bx         0x000017d4        0x0 linker stubs

.iplt           0x000017d4        0x0
 .iplt          0x000017d4        0x0 C:/Users/ferna/.mcuxpressotools/arm-gnu-toolchain-13.2.Rel1-mingw-w64-i686-arm-none-eabi/bin/../lib/gcc/arm-none-eabi/13.2.1/thumb/v6-m/nofp/crtbegin.o

.ARM.extab
 *(.ARM.extab* .gnu.linkonce.armextab.*)

.ARM            0x000017d4        0x8
                0x000017d4                        __exidx_start = .
 *(.ARM.exidx*)
 .ARM.exidx     0x000017d4        0x8 C:/Users/ferna/.mcuxpressotools/arm-gnu-toolchain-13.2.Rel1-mingw-w64-i686-arm-none-eabi/bin/../lib/gcc/arm-none-eabi/13.2.1/thumb/v6-m/nofp/crt0.o
                                 0x10 (size before relaxing)
                0x000017dc                        __exidx_end = .

.rel.dyn        0x000017dc        0x0
 .rel.iplt      0x000017dc        0x0 C:/Users/ferna/.mcuxpressotools/arm-gnu-toolchain-13.2.Rel1-mingw-w64-i686-arm-none-eabi/bin/../lib/gcc/arm-none-eabi/13.2.1/thumb/v6-m/nofp/crtbegin.o

.ctors          0x000017dc        0x0
                0x000017dc                        __CTOR_LIST__ = .
 *crtbegin.o(.ctors)
 *crtbegin?.o(.ctors)
 *(EXCLUDE_FILE(*crtend.o *crtend?.o) .ctors)
 *(SORT_BY_NAME(.ctors.*))
 *(.ctors)
                0x000017dc                        __CTOR_END__ = .

.dtors          0x000017dc        0x0
                0x000017dc                        __DTOR_LIST__ = .
 *crtbegin.o(.dtors)
 *crtbegin?.o(.dtors)
 *(EXCLUDE_FILE(*crtend.o *crtend?.o) .dtors)
 *(SORT_BY_NAME(.dtors.*))
 *(.dtors)
                0x000017dc                        __DTOR_END__ = .

.preinit_array  0x000017dc        0x0
                0x000017dc                        PROVIDE (__preinit_array_start = .)
 *(.preinit_array*)
                0x000017dc                        PROVIDE (__preinit_array_end = .)

.init_array     0x000017dc        0x4
                0x000017dc                        PROVIDE (__init_array_start = .)
 *(SORT_BY_NAME(.init_array.*))
 *(.init_array*)
 .init_array    0x000017dc        0x4 C:/Users/ferna/.mcuxpressotools/arm-gnu-toolchain-13.2.Rel1-mingw-w64-i686-arm-none-eabi/bin/../lib/gcc/arm-none-eabi/13.2.1/thumb/v6-m/nofp/crtbegin.o
                0x000017e0                        PROVIDE (__init_array_end = .)

.fini_array     0x000017e0        0x4
                [!provide]                        PROVIDE (__fini_array_start = .)
 *(SORT_BY_NAME(.fini_array.*))
 *(.fini_array*)
 .fini_array    0x000017e0        0x4 C:/Users/ferna/.mcuxpressotools/arm-gnu-toolchain-13.2.Rel1-mingw-w64-i686-arm-none-eabi/bin/../lib/gcc/arm-none-eabi/13.2.1/thumb/v6-m/nofp/crtbegin.o
                [!provide]                        PROVIDE (__fini_array_end = .)
                0x000017e4                        __etext = .
                0x000017e4                        __DATA_ROM = .

.data           0x10000000        0x4 load address 0x000017e4
                0x10000000                        . = ALIGN (0x4)
                0x10000000                        __DATA_RAM = .
                0x10000000                        __data_start__ = .
 *(.ramfunc*)
 *(.data)
 *(.data*)
 .data.SystemCoreClock
                0x10000000        0x4 CMakeFiles/new_project.elf.dir/94900b9fa7a42da2beff1ca5c7a5bb2b/sdks/02_sine_wave_generator_sdk/devices/LPC845/system_LPC845.c.obj
                0x10000000                SystemCoreClock
 *(.jcr*)
                0x10000004                        . = ALIGN (0x4)
                0x10000004                        __data_end__ = .
                0x000017e8                        __DATA_END = (__DATA_ROM + (__data_end__ - __data_start__))
                0x00010000                        text_end = (ORIGIN (m_text) + LENGTH (m_text))
                0x00000001                        ASSERT ((__DATA_END <= text_end), region m_text overflowed with text and data)

.tm_clone_table
                0x10000004        0x0 load address 0x000017e8
 .tm_clone_table
                0x10000004        0x0 C:/Users/ferna/.mcuxpressotools/arm-gnu-toolchain-13.2.Rel1-mingw-w64-i686-arm-none-eabi/bin/../lib/gcc/arm-none-eabi/13.2.1/thumb/v6-m/nofp/crtbegin.o
 .tm_clone_table
                0x10000004        0x0 C:/Users/ferna/.mcuxpressotools/arm-gnu-toolchain-13.2.Rel1-mingw-w64-i686-arm-none-eabi/bin/../lib/gcc/arm-none-eabi/13.2.1/thumb/v6-m/nofp/crtend.o

.igot.plt       0x10000004        0x0 load address 0x000017e8
 .igot.plt      0x10000004        0x0 C:/Users/ferna/.mcuxpressotools/arm-gnu-toolchain-13.2.Rel1-mingw-w64-i686-arm-none-eabi/bin/../lib/gcc/arm-none-eabi/13.2.1/thumb/v6-m/nofp/crtbegin.o

.bss            0x10000004       0x50 load address 0x000017e8
                0x10000004                        . = ALIGN (0x4)
                0x10000004                        __START_BSS = .
                0x10000004                        __bss_start__ = .
 *(.bss)
 *(.bss*)
 .bss.completed.1
                0x10000004        0x1 C:/Users/ferna/.mcuxpressotools/arm-gnu-toolchain-13.2.Rel1-mingw-w64-i686-arm-none-eabi/bin/../lib/gcc/arm-none-eabi/13.2.1/thumb/v6-m/nofp/crtbegin.o
 *fill*         0x10000005        0x3 
 .bss.object.0  0x10000008       0x18 C:/Users/ferna/.mcuxpressotools/arm-gnu-toolchain-13.2.Rel1-mingw-w64-i686-arm-none-eabi/bin/../lib/gcc/arm-none-eabi/13.2.1/thumb/v6-m/nofp/crtbegin.o
 .bss.Wave      0x10000020        0x1 CMakeFiles/new_project.elf.dir/cfc0be5d57a03a456ef472fd0b57cf51/Github/curso-lse/workspace_lpc845/02_sine_wave_generator/main.c.obj
                0x10000020                Wave
 *fill*         0x10000021        0x3 
 .bss.s_usartHandle
                0x10000024       0x14 CMakeFiles/new_project.elf.dir/f0397750622087b14d4307cf41ad30a4/02_sine_wave_generator_sdk/devices/LPC845/drivers/fsl_usart.c.obj
 .bss.s_usartIsr
                0x10000038        0x4 CMakeFiles/new_project.elf.dir/f0397750622087b14d4307cf41ad30a4/02_sine_wave_generator_sdk/devices/LPC845/drivers/fsl_usart.c.obj
 .bss.s_debugConsole
                0x1000003c       0x14 CMakeFiles/new_project.elf.dir/d140e27bb708da73371c4c0861bc7ad9/devices/LPC845/utilities/debug_console_lite/fsl_debug_console.c.obj
 .bss.__stdio_exit_handler
                0x10000050        0x4 C:/Users/ferna/.mcuxpressotools/arm-gnu-toolchain-13.2.Rel1-mingw-w64-i686-arm-none-eabi/bin/../lib/gcc/arm-none-eabi/13.2.1/thumb/v6-m/nofp\libc_nano.a(libc_a-findfp.o)
                0x10000050                __stdio_exit_handler
 *(COMMON)
                0x10000054                        . = ALIGN (0x4)
                0x10000054                        __bss_end__ = .
                0x10000054                        __END_BSS = .

.heap           0x10000054      0x404 load address 0x00001838
                0x10000058                        . = ALIGN (0x8)
 *fill*         0x10000054        0x4 
                0x10000058                        __end__ = .
                0x10000058                        PROVIDE (end = .)
                0x10000058                        __HeapBase = .
                0x10000458                        . = (. + HEAP_SIZE)
 *fill*         0x10000058      0x400 
                0x10000458                        __HeapLimit = .
                0x10000458                        __heap_limit = .

.stack          0x10000458      0x800 load address 0x00001c3c
                0x10000458                        . = ALIGN (0x8)
                0x10000c58                        . = (. + STACK_SIZE)
 *fill*         0x10000458      0x800 
                0x10003fe0                        __StackTop = (ORIGIN (m_data) + LENGTH (m_data))
                0x100037e0                        __StackLimit = (__StackTop - STACK_SIZE)
                0x10003fe0                        PROVIDE (__stack = __StackTop)

.ARM.attributes
                0x00000000       0x28
 *(.ARM.attributes)
 .ARM.attributes
                0x00000000       0x1e C:/Users/ferna/.mcuxpressotools/arm-gnu-toolchain-13.2.Rel1-mingw-w64-i686-arm-none-eabi/bin/../lib/gcc/arm-none-eabi/13.2.1/thumb/v6-m/nofp/crti.o
 .ARM.attributes
                0x0000001e       0x2c C:/Users/ferna/.mcuxpressotools/arm-gnu-toolchain-13.2.Rel1-mingw-w64-i686-arm-none-eabi/bin/../lib/gcc/arm-none-eabi/13.2.1/thumb/v6-m/nofp/crtbegin.o
 .ARM.attributes
                0x0000004a       0x1b C:/Users/ferna/.mcuxpressotools/arm-gnu-toolchain-13.2.Rel1-mingw-w64-i686-arm-none-eabi/bin/../lib/gcc/arm-none-eabi/13.2.1/thumb/v6-m/nofp/crt0.o
 .ARM.attributes
                0x00000065       0x2c CMakeFiles/new_project.elf.dir/cfc0be5d57a03a456ef472fd0b57cf51/Github/curso-lse/workspace_lpc845/02_sine_wave_generator/main.c.obj
 .ARM.attributes
                0x00000091       0x2c CMakeFiles/new_project.elf.dir/f0397750622087b14d4307cf41ad30a4/02_sine_wave_generator_sdk/devices/LPC845/drivers/fsl_dac.c.obj
 .ARM.attributes
                0x000000bd       0x1b CMakeFiles/new_project.elf.dir/f0397750622087b14d4307cf41ad30a4/02_sine_wave_generator_sdk/devices/LPC845/gcc/startup_LPC845.S.obj
 .ARM.attributes
                0x000000d8       0x2c CMakeFiles/new_project.elf.dir/94900b9fa7a42da2beff1ca5c7a5bb2b/sdks/02_sine_wave_generator_sdk/devices/LPC845/system_LPC845.c.obj
 .ARM.attributes
                0x00000104       0x2c CMakeFiles/new_project.elf.dir/f0397750622087b14d4307cf41ad30a4/02_sine_wave_generator_sdk/devices/LPC845/drivers/fsl_usart.c.obj
 .ARM.attributes
                0x00000130       0x2c CMakeFiles/new_project.elf.dir/f0397750622087b14d4307cf41ad30a4/02_sine_wave_generator_sdk/devices/LPC845/drivers/fsl_reset.c.obj
 .ARM.attributes
                0x0000015c       0x2c CMakeFiles/new_project.elf.dir/f0397750622087b14d4307cf41ad30a4/02_sine_wave_generator_sdk/devices/LPC845/drivers/fsl_swm.c.obj
 .ARM.attributes
                0x00000188       0x2c CMakeFiles/new_project.elf.dir/d140e27bb708da73371c4c0861bc7ad9/devices/LPC845/utilities/debug_console_lite/fsl_assert.c.obj
 .ARM.attributes
                0x000001b4       0x2c CMakeFiles/new_project.elf.dir/d140e27bb708da73371c4c0861bc7ad9/devices/LPC845/utilities/debug_console_lite/fsl_debug_console.c.obj
 .ARM.attributes
                0x000001e0       0x1e C:/Users/ferna/.mcuxpressotools/arm-gnu-toolchain-13.2.Rel1-mingw-w64-i686-arm-none-eabi/bin/../lib/gcc/arm-none-eabi/13.2.1/thumb/v6-m/nofp\libgcc.a(_udivsi3.o)
 .ARM.attributes
                0x000001fe       0x1e C:/Users/ferna/.mcuxpressotools/arm-gnu-toolchain-13.2.Rel1-mingw-w64-i686-arm-none-eabi/bin/../lib/gcc/arm-none-eabi/13.2.1/thumb/v6-m/nofp\libgcc.a(_dvmd_tls.o)
 .ARM.attributes
                0x0000021c       0x2c C:/Users/ferna/.mcuxpressotools/arm-gnu-toolchain-13.2.Rel1-mingw-w64-i686-arm-none-eabi/bin/../lib/gcc/arm-none-eabi/13.2.1/thumb/v6-m/nofp\libc_nano.a(libc_a-exit.o)
 .ARM.attributes
                0x00000248       0x2c C:/Users/ferna/.mcuxpressotools/arm-gnu-toolchain-13.2.Rel1-mingw-w64-i686-arm-none-eabi/bin/../lib/gcc/arm-none-eabi/13.2.1/thumb/v6-m/nofp\libc_nano.a(libc_a-findfp.o)
 .ARM.attributes
                0x00000274       0x2c C:/Users/ferna/.mcuxpressotools/arm-gnu-toolchain-13.2.Rel1-mingw-w64-i686-arm-none-eabi/bin/../lib/gcc/arm-none-eabi/13.2.1/thumb/v6-m/nofp\libc_nano.a(libc_a-memset.o)
 .ARM.attributes
                0x000002a0       0x2c C:/Users/ferna/.mcuxpressotools/arm-gnu-toolchain-13.2.Rel1-mingw-w64-i686-arm-none-eabi/bin/../lib/gcc/arm-none-eabi/13.2.1/thumb/v6-m/nofp\libc_nano.a(libc_a-init.o)
 .ARM.attributes
                0x000002cc       0x2c C:/Users/ferna/.mcuxpressotools/arm-gnu-toolchain-13.2.Rel1-mingw-w64-i686-arm-none-eabi/bin/../lib/gcc/arm-none-eabi/13.2.1/thumb/v6-m/nofp\libc_nano.a(libc_a-memcpy-stub.o)
 .ARM.attributes
                0x000002f8       0x1c C:/Users/ferna/.mcuxpressotools/arm-gnu-toolchain-13.2.Rel1-mingw-w64-i686-arm-none-eabi/bin/../lib/gcc/arm-none-eabi/13.2.1/thumb/v6-m/nofp\libc_nano.a(libc_a-strlen.o)
 .ARM.attributes
                0x00000314       0x2c C:/Users/ferna/.mcuxpressotools/arm-gnu-toolchain-13.2.Rel1-mingw-w64-i686-arm-none-eabi/bin/../lib/gcc/arm-none-eabi/13.2.1/../../../../arm-none-eabi/lib/thumb/v6-m/nofp\libcr_newlib_nohost.a(_exit.o)
 .ARM.attributes
                0x00000340       0x2c C:/Users/ferna/.mcuxpressotools/arm-gnu-toolchain-13.2.Rel1-mingw-w64-i686-arm-none-eabi/bin/../lib/gcc/arm-none-eabi/13.2.1/thumb/v6-m/nofp/crtend.o
 .ARM.attributes
                0x0000036c       0x1e C:/Users/ferna/.mcuxpressotools/arm-gnu-toolchain-13.2.Rel1-mingw-w64-i686-arm-none-eabi/bin/../lib/gcc/arm-none-eabi/13.2.1/thumb/v6-m/nofp/crtn.o
                0x00000001                        ASSERT ((__StackLimit >= __HeapLimit), region m_data overflowed with stack and heap)
OUTPUT(new_project.elf elf32-littlearm)
LOAD linker stubs

.debug_line_str
                0x00000000      0x38c
 .debug_line_str
                0x00000000      0x38c C:/Users/ferna/.mcuxpressotools/arm-gnu-toolchain-13.2.Rel1-mingw-w64-i686-arm-none-eabi/bin/../lib/gcc/arm-none-eabi/13.2.1/thumb/v6-m/nofp/crt0.o
                                 0xd2 (size before relaxing)
 .debug_line_str
                0x0000038c      0x10a CMakeFiles/new_project.elf.dir/f0397750622087b14d4307cf41ad30a4/02_sine_wave_generator_sdk/devices/LPC845/gcc/startup_LPC845.S.obj
 .debug_line_str
                0x0000038c       0xc9 C:/Users/ferna/.mcuxpressotools/arm-gnu-toolchain-13.2.Rel1-mingw-w64-i686-arm-none-eabi/bin/../lib/gcc/arm-none-eabi/13.2.1/thumb/v6-m/nofp\libgcc.a(_udivsi3.o)
 .debug_line_str
                0x0000038c       0xc9 C:/Users/ferna/.mcuxpressotools/arm-gnu-toolchain-13.2.Rel1-mingw-w64-i686-arm-none-eabi/bin/../lib/gcc/arm-none-eabi/13.2.1/thumb/v6-m/nofp\libgcc.a(_dvmd_tls.o)
 .debug_line_str
                0x0000038c       0xe7 C:/Users/ferna/.mcuxpressotools/arm-gnu-toolchain-13.2.Rel1-mingw-w64-i686-arm-none-eabi/bin/../lib/gcc/arm-none-eabi/13.2.1/thumb/v6-m/nofp\libc_nano.a(libc_a-strlen.o)

.debug_info     0x00000000     0x644d
 .debug_info    0x00000000     0x11f2 CMakeFiles/new_project.elf.dir/cfc0be5d57a03a456ef472fd0b57cf51/Github/curso-lse/workspace_lpc845/02_sine_wave_generator/main.c.obj
 .debug_info    0x000011f2      0xde5 CMakeFiles/new_project.elf.dir/f0397750622087b14d4307cf41ad30a4/02_sine_wave_generator_sdk/devices/LPC845/drivers/fsl_dac.c.obj
 .debug_info    0x00001fd7      0x37b CMakeFiles/new_project.elf.dir/f0397750622087b14d4307cf41ad30a4/02_sine_wave_generator_sdk/devices/LPC845/gcc/startup_LPC845.S.obj
 .debug_info    0x00002352      0x60e CMakeFiles/new_project.elf.dir/94900b9fa7a42da2beff1ca5c7a5bb2b/sdks/02_sine_wave_generator_sdk/devices/LPC845/system_LPC845.c.obj
 .debug_info    0x00002960     0x1dce CMakeFiles/new_project.elf.dir/f0397750622087b14d4307cf41ad30a4/02_sine_wave_generator_sdk/devices/LPC845/drivers/fsl_usart.c.obj
 .debug_info    0x0000472e      0x719 CMakeFiles/new_project.elf.dir/f0397750622087b14d4307cf41ad30a4/02_sine_wave_generator_sdk/devices/LPC845/drivers/fsl_reset.c.obj
 .debug_info    0x00004e47      0x76a CMakeFiles/new_project.elf.dir/f0397750622087b14d4307cf41ad30a4/02_sine_wave_generator_sdk/devices/LPC845/drivers/fsl_swm.c.obj
 .debug_info    0x000055b1      0x126 CMakeFiles/new_project.elf.dir/d140e27bb708da73371c4c0861bc7ad9/devices/LPC845/utilities/debug_console_lite/fsl_assert.c.obj
 .debug_info    0x000056d7      0xcd3 CMakeFiles/new_project.elf.dir/d140e27bb708da73371c4c0861bc7ad9/devices/LPC845/utilities/debug_console_lite/fsl_debug_console.c.obj
 .debug_info    0x000063aa       0xa3 C:/Users/ferna/.mcuxpressotools/arm-gnu-toolchain-13.2.Rel1-mingw-w64-i686-arm-none-eabi/bin/../lib/gcc/arm-none-eabi/13.2.1/../../../../arm-none-eabi/lib/thumb/v6-m/nofp\libcr_newlib_nohost.a(_exit.o)

.debug_abbrev   0x00000000     0x1040
 .debug_abbrev  0x00000000      0x2e4 CMakeFiles/new_project.elf.dir/cfc0be5d57a03a456ef472fd0b57cf51/Github/curso-lse/workspace_lpc845/02_sine_wave_generator/main.c.obj
 .debug_abbrev  0x000002e4      0x218 CMakeFiles/new_project.elf.dir/f0397750622087b14d4307cf41ad30a4/02_sine_wave_generator_sdk/devices/LPC845/drivers/fsl_dac.c.obj
 .debug_abbrev  0x000004fc       0x26 CMakeFiles/new_project.elf.dir/f0397750622087b14d4307cf41ad30a4/02_sine_wave_generator_sdk/devices/LPC845/gcc/startup_LPC845.S.obj
 .debug_abbrev  0x00000522      0x16b CMakeFiles/new_project.elf.dir/94900b9fa7a42da2beff1ca5c7a5bb2b/sdks/02_sine_wave_generator_sdk/devices/LPC845/system_LPC845.c.obj
 .debug_abbrev  0x0000068d      0x38f CMakeFiles/new_project.elf.dir/f0397750622087b14d4307cf41ad30a4/02_sine_wave_generator_sdk/devices/LPC845/drivers/fsl_usart.c.obj
 .debug_abbrev  0x00000a1c      0x153 CMakeFiles/new_project.elf.dir/f0397750622087b14d4307cf41ad30a4/02_sine_wave_generator_sdk/devices/LPC845/drivers/fsl_reset.c.obj
 .debug_abbrev  0x00000b6f      0x180 CMakeFiles/new_project.elf.dir/f0397750622087b14d4307cf41ad30a4/02_sine_wave_generator_sdk/devices/LPC845/drivers/fsl_swm.c.obj
 .debug_abbrev  0x00000cef       0xa8 CMakeFiles/new_project.elf.dir/d140e27bb708da73371c4c0861bc7ad9/devices/LPC845/utilities/debug_console_lite/fsl_assert.c.obj
 .debug_abbrev  0x00000d97      0x242 CMakeFiles/new_project.elf.dir/d140e27bb708da73371c4c0861bc7ad9/devices/LPC845/utilities/debug_console_lite/fsl_debug_console.c.obj
 .debug_abbrev  0x00000fd9       0x67 C:/Users/ferna/.mcuxpressotools/arm-gnu-toolchain-13.2.Rel1-mingw-w64-i686-arm-none-eabi/bin/../lib/gcc/arm-none-eabi/13.2.1/../../../../arm-none-eabi/lib/thumb/v6-m/nofp\libcr_newlib_nohost.a(_exit.o)

.debug_aranges  0x00000000      0x348
 .debug_aranges
                0x00000000       0x58 CMakeFiles/new_project.elf.dir/cfc0be5d57a03a456ef472fd0b57cf51/Github/curso-lse/workspace_lpc845/02_sine_wave_generator/main.c.obj
 .debug_aranges
                0x00000058       0x60 CMakeFiles/new_project.elf.dir/f0397750622087b14d4307cf41ad30a4/02_sine_wave_generator_sdk/devices/LPC845/drivers/fsl_dac.c.obj
 .debug_aranges
                0x000000b8       0x20 CMakeFiles/new_project.elf.dir/f0397750622087b14d4307cf41ad30a4/02_sine_wave_generator_sdk/devices/LPC845/gcc/startup_LPC845.S.obj
 .debug_aranges
                0x000000d8       0x30 CMakeFiles/new_project.elf.dir/94900b9fa7a42da2beff1ca5c7a5bb2b/sdks/02_sine_wave_generator_sdk/devices/LPC845/system_LPC845.c.obj
 .debug_aranges
                0x00000108      0x128 CMakeFiles/new_project.elf.dir/f0397750622087b14d4307cf41ad30a4/02_sine_wave_generator_sdk/devices/LPC845/drivers/fsl_usart.c.obj
 .debug_aranges
                0x00000230       0x30 CMakeFiles/new_project.elf.dir/f0397750622087b14d4307cf41ad30a4/02_sine_wave_generator_sdk/devices/LPC845/drivers/fsl_reset.c.obj
 .debug_aranges
                0x00000260       0x28 CMakeFiles/new_project.elf.dir/f0397750622087b14d4307cf41ad30a4/02_sine_wave_generator_sdk/devices/LPC845/drivers/fsl_swm.c.obj
 .debug_aranges
                0x00000288       0x28 CMakeFiles/new_project.elf.dir/d140e27bb708da73371c4c0861bc7ad9/devices/LPC845/utilities/debug_console_lite/fsl_assert.c.obj
 .debug_aranges
                0x000002b0       0x78 CMakeFiles/new_project.elf.dir/d140e27bb708da73371c4c0861bc7ad9/devices/LPC845/utilities/debug_console_lite/fsl_debug_console.c.obj
 .debug_aranges
                0x00000328       0x20 C:/Users/ferna/.mcuxpressotools/arm-gnu-toolchain-13.2.Rel1-mingw-w64-i686-arm-none-eabi/bin/../lib/gcc/arm-none-eabi/13.2.1/../../../../arm-none-eabi/lib/thumb/v6-m/nofp\libcr_newlib_nohost.a(_exit.o)

.debug_rnglists
                0x00000000      0x231
 .debug_rnglists
                0x00000000       0x3f CMakeFiles/new_project.elf.dir/cfc0be5d57a03a456ef472fd0b57cf51/Github/curso-lse/workspace_lpc845/02_sine_wave_generator/main.c.obj
 .debug_rnglists
                0x0000003f       0x44 CMakeFiles/new_project.elf.dir/f0397750622087b14d4307cf41ad30a4/02_sine_wave_generator_sdk/devices/LPC845/drivers/fsl_dac.c.obj
 .debug_rnglists
                0x00000083       0x20 CMakeFiles/new_project.elf.dir/94900b9fa7a42da2beff1ca5c7a5bb2b/sdks/02_sine_wave_generator_sdk/devices/LPC845/system_LPC845.c.obj
 .debug_rnglists
                0x000000a3       0xe2 CMakeFiles/new_project.elf.dir/f0397750622087b14d4307cf41ad30a4/02_sine_wave_generator_sdk/devices/LPC845/drivers/fsl_usart.c.obj
 .debug_rnglists
                0x00000185       0x1f CMakeFiles/new_project.elf.dir/f0397750622087b14d4307cf41ad30a4/02_sine_wave_generator_sdk/devices/LPC845/drivers/fsl_reset.c.obj
 .debug_rnglists
                0x000001a4       0x1b CMakeFiles/new_project.elf.dir/f0397750622087b14d4307cf41ad30a4/02_sine_wave_generator_sdk/devices/LPC845/drivers/fsl_swm.c.obj
 .debug_rnglists
                0x000001bf       0x19 CMakeFiles/new_project.elf.dir/d140e27bb708da73371c4c0861bc7ad9/devices/LPC845/utilities/debug_console_lite/fsl_assert.c.obj
 .debug_rnglists
                0x000001d8       0x59 CMakeFiles/new_project.elf.dir/d140e27bb708da73371c4c0861bc7ad9/devices/LPC845/utilities/debug_console_lite/fsl_debug_console.c.obj

.debug_line     0x00000000     0x323d
 .debug_line    0x00000000      0x625 CMakeFiles/new_project.elf.dir/cfc0be5d57a03a456ef472fd0b57cf51/Github/curso-lse/workspace_lpc845/02_sine_wave_generator/main.c.obj
 .debug_line    0x00000625      0x566 CMakeFiles/new_project.elf.dir/f0397750622087b14d4307cf41ad30a4/02_sine_wave_generator_sdk/devices/LPC845/drivers/fsl_dac.c.obj
 .debug_line    0x00000b8b      0x136 CMakeFiles/new_project.elf.dir/f0397750622087b14d4307cf41ad30a4/02_sine_wave_generator_sdk/devices/LPC845/gcc/startup_LPC845.S.obj
 .debug_line    0x00000cc1      0x49c CMakeFiles/new_project.elf.dir/94900b9fa7a42da2beff1ca5c7a5bb2b/sdks/02_sine_wave_generator_sdk/devices/LPC845/system_LPC845.c.obj
 .debug_line    0x0000115d      0xeba CMakeFiles/new_project.elf.dir/f0397750622087b14d4307cf41ad30a4/02_sine_wave_generator_sdk/devices/LPC845/drivers/fsl_usart.c.obj
 .debug_line    0x00002017      0x371 CMakeFiles/new_project.elf.dir/f0397750622087b14d4307cf41ad30a4/02_sine_wave_generator_sdk/devices/LPC845/drivers/fsl_reset.c.obj
 .debug_line    0x00002388      0x39b CMakeFiles/new_project.elf.dir/f0397750622087b14d4307cf41ad30a4/02_sine_wave_generator_sdk/devices/LPC845/drivers/fsl_swm.c.obj
 .debug_line    0x00002723      0x18f CMakeFiles/new_project.elf.dir/d140e27bb708da73371c4c0861bc7ad9/devices/LPC845/utilities/debug_console_lite/fsl_assert.c.obj
 .debug_line    0x000028b2      0x947 CMakeFiles/new_project.elf.dir/d140e27bb708da73371c4c0861bc7ad9/devices/LPC845/utilities/debug_console_lite/fsl_debug_console.c.obj
 .debug_line    0x000031f9       0x44 C:/Users/ferna/.mcuxpressotools/arm-gnu-toolchain-13.2.Rel1-mingw-w64-i686-arm-none-eabi/bin/../lib/gcc/arm-none-eabi/13.2.1/../../../../arm-none-eabi/lib/thumb/v6-m/nofp\libcr_newlib_nohost.a(_exit.o)

.debug_str      0x00000000     0x4458
 .debug_str     0x00000000     0x4458 CMakeFiles/new_project.elf.dir/cfc0be5d57a03a456ef472fd0b57cf51/Github/curso-lse/workspace_lpc845/02_sine_wave_generator/main.c.obj
                               0x19d1 (size before relaxing)
 .debug_str     0x00004458     0x1617 CMakeFiles/new_project.elf.dir/f0397750622087b14d4307cf41ad30a4/02_sine_wave_generator_sdk/devices/LPC845/drivers/fsl_dac.c.obj
 .debug_str     0x00004458      0x6ea CMakeFiles/new_project.elf.dir/f0397750622087b14d4307cf41ad30a4/02_sine_wave_generator_sdk/devices/LPC845/gcc/startup_LPC845.S.obj
 .debug_str     0x00004458      0x5fa CMakeFiles/new_project.elf.dir/94900b9fa7a42da2beff1ca5c7a5bb2b/sdks/02_sine_wave_generator_sdk/devices/LPC845/system_LPC845.c.obj
 .debug_str     0x00004458     0x24c0 CMakeFiles/new_project.elf.dir/f0397750622087b14d4307cf41ad30a4/02_sine_wave_generator_sdk/devices/LPC845/drivers/fsl_usart.c.obj
 .debug_str     0x00004458      0x8dc CMakeFiles/new_project.elf.dir/f0397750622087b14d4307cf41ad30a4/02_sine_wave_generator_sdk/devices/LPC845/drivers/fsl_reset.c.obj
 .debug_str     0x00004458      0xe5b CMakeFiles/new_project.elf.dir/f0397750622087b14d4307cf41ad30a4/02_sine_wave_generator_sdk/devices/LPC845/drivers/fsl_swm.c.obj
 .debug_str     0x00004458      0x2c0 CMakeFiles/new_project.elf.dir/d140e27bb708da73371c4c0861bc7ad9/devices/LPC845/utilities/debug_console_lite/fsl_assert.c.obj
 .debug_str     0x00004458     0x145a CMakeFiles/new_project.elf.dir/d140e27bb708da73371c4c0861bc7ad9/devices/LPC845/utilities/debug_console_lite/fsl_debug_console.c.obj
 .debug_str     0x00004458      0x1b8 C:/Users/ferna/.mcuxpressotools/arm-gnu-toolchain-13.2.Rel1-mingw-w64-i686-arm-none-eabi/bin/../lib/gcc/arm-none-eabi/13.2.1/../../../../arm-none-eabi/lib/thumb/v6-m/nofp\libcr_newlib_nohost.a(_exit.o)

.comment        0x00000000       0x44
 .comment       0x00000000       0x44 CMakeFiles/new_project.elf.dir/cfc0be5d57a03a456ef472fd0b57cf51/Github/curso-lse/workspace_lpc845/02_sine_wave_generator/main.c.obj
                                 0x45 (size before relaxing)
 .comment       0x00000044       0x45 CMakeFiles/new_project.elf.dir/f0397750622087b14d4307cf41ad30a4/02_sine_wave_generator_sdk/devices/LPC845/drivers/fsl_dac.c.obj
 .comment       0x00000044       0x45 CMakeFiles/new_project.elf.dir/94900b9fa7a42da2beff1ca5c7a5bb2b/sdks/02_sine_wave_generator_sdk/devices/LPC845/system_LPC845.c.obj
 .comment       0x00000044       0x45 CMakeFiles/new_project.elf.dir/f0397750622087b14d4307cf41ad30a4/02_sine_wave_generator_sdk/devices/LPC845/drivers/fsl_usart.c.obj
 .comment       0x00000044       0x45 CMakeFiles/new_project.elf.dir/f0397750622087b14d4307cf41ad30a4/02_sine_wave_generator_sdk/devices/LPC845/drivers/fsl_reset.c.obj
 .comment       0x00000044       0x45 CMakeFiles/new_project.elf.dir/f0397750622087b14d4307cf41ad30a4/02_sine_wave_generator_sdk/devices/LPC845/drivers/fsl_swm.c.obj
 .comment       0x00000044       0x45 CMakeFiles/new_project.elf.dir/d140e27bb708da73371c4c0861bc7ad9/devices/LPC845/utilities/debug_console_lite/fsl_assert.c.obj
 .comment       0x00000044       0x45 CMakeFiles/new_project.elf.dir/d140e27bb708da73371c4c0861bc7ad9/devices/LPC845/utilities/debug_console_lite/fsl_debug_console.c.obj
 .comment       0x00000044       0x45 C:/Users/ferna/.mcuxpressotools/arm-gnu-toolchain-13.2.Rel1-mingw-w64-i686-arm-none-eabi/bin/../lib/gcc/arm-none-eabi/13.2.1/../../../../arm-none-eabi/lib/thumb/v6-m/nofp\libcr_newlib_nohost.a(_exit.o)

.debug_frame    0x00000000      0xb94
 .debug_frame   0x00000000      0x10c CMakeFiles/new_project.elf.dir/cfc0be5d57a03a456ef472fd0b57cf51/Github/curso-lse/workspace_lpc845/02_sine_wave_generator/main.c.obj
 .debug_frame   0x0000010c      0x130 CMakeFiles/new_project.elf.dir/f0397750622087b14d4307cf41ad30a4/02_sine_wave_generator_sdk/devices/LPC845/drivers/fsl_dac.c.obj
 .debug_frame   0x0000023c       0x68 CMakeFiles/new_project.elf.dir/94900b9fa7a42da2beff1ca5c7a5bb2b/sdks/02_sine_wave_generator_sdk/devices/LPC845/system_LPC845.c.obj
 .debug_frame   0x000002a4      0x43c CMakeFiles/new_project.elf.dir/f0397750622087b14d4307cf41ad30a4/02_sine_wave_generator_sdk/devices/LPC845/drivers/fsl_usart.c.obj
 .debug_frame   0x000006e0       0x70 CMakeFiles/new_project.elf.dir/f0397750622087b14d4307cf41ad30a4/02_sine_wave_generator_sdk/devices/LPC845/drivers/fsl_reset.c.obj
 .debug_frame   0x00000750       0x50 CMakeFiles/new_project.elf.dir/f0397750622087b14d4307cf41ad30a4/02_sine_wave_generator_sdk/devices/LPC845/drivers/fsl_swm.c.obj
 .debug_frame   0x000007a0       0x50 CMakeFiles/new_project.elf.dir/d140e27bb708da73371c4c0861bc7ad9/devices/LPC845/utilities/debug_console_lite/fsl_assert.c.obj
 .debug_frame   0x000007f0      0x190 CMakeFiles/new_project.elf.dir/d140e27bb708da73371c4c0861bc7ad9/devices/LPC845/utilities/debug_console_lite/fsl_debug_console.c.obj
 .debug_frame   0x00000980       0x20 C:/Users/ferna/.mcuxpressotools/arm-gnu-toolchain-13.2.Rel1-mingw-w64-i686-arm-none-eabi/bin/../lib/gcc/arm-none-eabi/13.2.1/thumb/v6-m/nofp\libgcc.a(_udivsi3.o)
 .debug_frame   0x000009a0       0x28 C:/Users/ferna/.mcuxpressotools/arm-gnu-toolchain-13.2.Rel1-mingw-w64-i686-arm-none-eabi/bin/../lib/gcc/arm-none-eabi/13.2.1/thumb/v6-m/nofp\libc_nano.a(libc_a-exit.o)
 .debug_frame   0x000009c8      0x138 C:/Users/ferna/.mcuxpressotools/arm-gnu-toolchain-13.2.Rel1-mingw-w64-i686-arm-none-eabi/bin/../lib/gcc/arm-none-eabi/13.2.1/thumb/v6-m/nofp\libc_nano.a(libc_a-findfp.o)
 .debug_frame   0x00000b00       0x20 C:/Users/ferna/.mcuxpressotools/arm-gnu-toolchain-13.2.Rel1-mingw-w64-i686-arm-none-eabi/bin/../lib/gcc/arm-none-eabi/13.2.1/thumb/v6-m/nofp\libc_nano.a(libc_a-memset.o)
 .debug_frame   0x00000b20       0x2c C:/Users/ferna/.mcuxpressotools/arm-gnu-toolchain-13.2.Rel1-mingw-w64-i686-arm-none-eabi/bin/../lib/gcc/arm-none-eabi/13.2.1/thumb/v6-m/nofp\libc_nano.a(libc_a-init.o)
 .debug_frame   0x00000b4c       0x28 C:/Users/ferna/.mcuxpressotools/arm-gnu-toolchain-13.2.Rel1-mingw-w64-i686-arm-none-eabi/bin/../lib/gcc/arm-none-eabi/13.2.1/thumb/v6-m/nofp\libc_nano.a(libc_a-memcpy-stub.o)
 .debug_frame   0x00000b74       0x20 C:/Users/ferna/.mcuxpressotools/arm-gnu-toolchain-13.2.Rel1-mingw-w64-i686-arm-none-eabi/bin/../lib/gcc/arm-none-eabi/13.2.1/../../../../arm-none-eabi/lib/thumb/v6-m/nofp\libcr_newlib_nohost.a(_exit.o)

.debug_loc      0x00000000       0x15
 .debug_loc     0x00000000       0x15 C:/Users/ferna/.mcuxpressotools/arm-gnu-toolchain-13.2.Rel1-mingw-w64-i686-arm-none-eabi/bin/../lib/gcc/arm-none-eabi/13.2.1/../../../../arm-none-eabi/lib/thumb/v6-m/nofp\libcr_newlib_nohost.a(_exit.o)

.debug_ranges   0x00000000       0x10
 .debug_ranges  0x00000000       0x10 C:/Users/ferna/.mcuxpressotools/arm-gnu-toolchain-13.2.Rel1-mingw-w64-i686-arm-none-eabi/bin/../lib/gcc/arm-none-eabi/13.2.1/../../../../arm-none-eabi/lib/thumb/v6-m/nofp\libcr_newlib_nohost.a(_exit.o)
